Component: Arm Compiler for Embedded 6.19 Tool: armlink [5e73cb00]

==============================================================================

Section Cross References

    startup_stm32g474xx.o(RESET) refers to startup_stm32g474xx.o(STACK) for __initial_sp
    startup_stm32g474xx.o(RESET) refers to startup_stm32g474xx.o(.text) for Reset_Handler
    startup_stm32g474xx.o(RESET) refers to stm32g4xx_it.o(.text.NMI_Handler) for NMI_Handler
    startup_stm32g474xx.o(RESET) refers to stm32g4xx_it.o(.text.HardFault_Handler) for HardFault_Handler
    startup_stm32g474xx.o(RESET) refers to stm32g4xx_it.o(.text.MemManage_Handler) for MemManage_Handler
    startup_stm32g474xx.o(RESET) refers to stm32g4xx_it.o(.text.BusFault_Handler) for BusFault_Handler
    startup_stm32g474xx.o(RESET) refers to stm32g4xx_it.o(.text.UsageFault_Handler) for UsageFault_Handler
    startup_stm32g474xx.o(RESET) refers to stm32g4xx_it.o(.text.SVC_Handler) for SVC_Handler
    startup_stm32g474xx.o(RESET) refers to stm32g4xx_it.o(.text.DebugMon_Handler) for DebugMon_Handler
    startup_stm32g474xx.o(RESET) refers to stm32g4xx_it.o(.text.PendSV_Handler) for PendSV_Handler
    startup_stm32g474xx.o(RESET) refers to stm32g4xx_it.o(.text.SysTick_Handler) for SysTick_Handler
    startup_stm32g474xx.o(RESET) refers to stm32g4xx_it.o(.text.DMA1_Channel1_IRQHandler) for DMA1_Channel1_IRQHandler
    startup_stm32g474xx.o(RESET) refers to stm32g4xx_it.o(.text.DMA1_Channel2_IRQHandler) for DMA1_Channel2_IRQHandler
    startup_stm32g474xx.o(RESET) refers to stm32g4xx_it.o(.text.FDCAN1_IT0_IRQHandler) for FDCAN1_IT0_IRQHandler
    startup_stm32g474xx.o(RESET) refers to stm32g4xx_it.o(.text.USART1_IRQHandler) for USART1_IRQHandler
    startup_stm32g474xx.o(RESET) refers to stm32g4xx_it.o(.text.FDCAN2_IT1_IRQHandler) for FDCAN2_IT1_IRQHandler
    startup_stm32g474xx.o(.text) refers to system_stm32g4xx.o(.text.SystemInit) for SystemInit
    startup_stm32g474xx.o(.text) refers to entry.o(.ARM.Collect$$$$00000000) for __main
    main.o(.text.main) refers to stm32g4xx_hal.o(.text.HAL_Init) for HAL_Init
    main.o(.text.main) refers to main.o(.text.SystemClock_Config) for SystemClock_Config
    main.o(.text.main) refers to gpio.o(.text.MX_GPIO_Init) for MX_GPIO_Init
    main.o(.text.main) refers to dma.o(.text.MX_DMA_Init) for MX_DMA_Init
    main.o(.text.main) refers to usart.o(.text.MX_USART1_UART_Init) for MX_USART1_UART_Init
    main.o(.text.main) refers to fdcan.o(.text.MX_FDCAN1_Init) for MX_FDCAN1_Init
    main.o(.text.main) refers to fdcan.o(.text.MX_FDCAN2_Init) for MX_FDCAN2_Init
    main.o(.text.main) refers to tim.o(.text.MX_TIM2_Init) for MX_TIM2_Init
    main.o(.text.main) refers to initcall.o(.text.do_initcalls) for do_initcalls
    main.o(.text.main) refers to board.o(.bss.s_moto_can1) for s_moto_can1
    main.o(.text.main) refers to dv_motor_base.o(.text.dv_motor_Enable) for dv_motor_Enable
    main.o(.text.main) refers to board.o(.bss.s_moto_can2) for s_moto_can2
    main.o(.text.main) refers to main.o(.bss.pid) for pid
    main.o(.text.main) refers to pid.o(.text.PID_Init) for PID_Init
    main.o(.ARM.exidx.text.main) refers to main.o(.text.main) for [Anonymous Symbol]
    main.o(.text.SystemClock_Config) refers to memseta.o(.text) for __aeabi_memclr4
    main.o(.text.SystemClock_Config) refers to stm32g4xx_hal_pwr_ex.o(.text.HAL_PWREx_ControlVoltageScaling) for HAL_PWREx_ControlVoltageScaling
    main.o(.text.SystemClock_Config) refers to stm32g4xx_hal_rcc.o(.text.HAL_RCC_OscConfig) for HAL_RCC_OscConfig
    main.o(.text.SystemClock_Config) refers to main.o(.text.Error_Handler) for Error_Handler
    main.o(.text.SystemClock_Config) refers to stm32g4xx_hal_rcc.o(.text.HAL_RCC_ClockConfig) for HAL_RCC_ClockConfig
    main.o(.ARM.exidx.text.SystemClock_Config) refers to main.o(.text.SystemClock_Config) for [Anonymous Symbol]
    main.o(.ARM.exidx.text.Error_Handler) refers to main.o(.text.Error_Handler) for [Anonymous Symbol]
    gpio.o(.ARM.exidx.text.MX_GPIO_Init) refers to gpio.o(.text.MX_GPIO_Init) for [Anonymous Symbol]
    dma.o(.text.MX_DMA_Init) refers to stm32g4xx_hal_cortex.o(.text.HAL_NVIC_SetPriority) for HAL_NVIC_SetPriority
    dma.o(.text.MX_DMA_Init) refers to stm32g4xx_hal_cortex.o(.text.HAL_NVIC_EnableIRQ) for HAL_NVIC_EnableIRQ
    dma.o(.ARM.exidx.text.MX_DMA_Init) refers to dma.o(.text.MX_DMA_Init) for [Anonymous Symbol]
    fdcan.o(.text.MX_FDCAN1_Init) refers to fdcan.o(.bss.hfdcan1) for hfdcan1
    fdcan.o(.text.MX_FDCAN1_Init) refers to stm32g4xx_hal_fdcan.o(.text.HAL_FDCAN_Init) for HAL_FDCAN_Init
    fdcan.o(.text.MX_FDCAN1_Init) refers to main.o(.text.Error_Handler) for Error_Handler
    fdcan.o(.text.MX_FDCAN1_Init) refers to stm32g4xx_hal_fdcan.o(.text.HAL_FDCAN_ConfigFilter) for HAL_FDCAN_ConfigFilter
    fdcan.o(.text.MX_FDCAN1_Init) refers to stm32g4xx_hal_fdcan.o(.text.HAL_FDCAN_ConfigGlobalFilter) for HAL_FDCAN_ConfigGlobalFilter
[...]
    ../clib/microlib/init/entry.s            0x00000000   Number         0  entry11b.o ABSOLUTE
    ../clib/microlib/longlong.c              0x00000000   Number         0  llshl.o ABSOLUTE
    ../clib/microlib/longlong.c              0x00000000   Number         0  llushr.o ABSOLUTE
    ../clib/microlib/string/memset.c         0x00000000   Number         0  memseta.o ABSOLUTE
    ../clib/r_arm_target.c                   0x00000000   Number         0  __ARM_resolve_target1.o ABSOLUTE
    ../clib/r_arm_target.c                   0x00000000   Number         0  __ARM_resolve_target1_abs32.o ABSOLUTE
    board.c                                  0x00000000   Number         0  board.o ABSOLUTE
    can_board.c                              0x00000000   Number         0  can_board.o ABSOLUTE
    dc.s                                     0x00000000   Number         0  dc.o ABSOLUTE
    dma.c                                    0x00000000   Number         0  dma.o ABSOLUTE
    dv_motor_base.c                          0x00000000   Number         0  dv_motor_base.o ABSOLUTE
    dv_motor_can.c                           0x00000000   Number         0  dv_motor_can.o ABSOLUTE
    fdcan.c                                  0x00000000   Number         0  fdcan.o ABSOLUTE
    gpio.c                                   0x00000000   Number         0  gpio.o ABSOLUTE
    handlers.s                               0x00000000   Number         0  handlers.o ABSOLUTE
    init.s                                   0x00000000   Number         0  init.o ABSOLUTE
    initcall.c                               0x00000000   Number         0  initcall.o ABSOLUTE
    main.c                                   0x00000000   Number         0  main.o ABSOLUTE
    pid.c                                    0x00000000   Number         0  pid.o ABSOLUTE
    platform_can.c                           0x00000000   Number         0  platform_can.o ABSOLUTE
    platform_init.c                          0x00000000   Number         0  platform_init.o ABSOLUTE
    startup_stm32g474xx.s                    0x00000000   Number         0  startup_stm32g474xx.o ABSOLUTE
    stm32g4xx_hal.c                          0x00000000   Number         0  stm32g4xx_hal.o ABSOLUTE
    stm32g4xx_hal_cortex.c                   0x00000000   Number         0  stm32g4xx_hal_cortex.o ABSOLUTE
    stm32g4xx_hal_dma.c                      0x00000000   Number         0  stm32g4xx_hal_dma.o ABSOLUTE
    stm32g4xx_hal_dma_ex.c                   0x00000000   Number         0  stm32g4xx_hal_dma_ex.o ABSOLUTE
    stm32g4xx_hal_exti.c                     0x00000000   Number         0  stm32g4xx_hal_exti.o ABSOLUTE
    stm32g4xx_hal_fdcan.c                    0x00000000   Number         0  stm32g4xx_hal_fdcan.o ABSOLUTE
    stm32g4xx_hal_flash.c                    0x00000000   Number         0  stm32g4xx_hal_flash.o ABSOLUTE
    stm32g4xx_hal_flash_ex.c                 0x00000000   Number         0  stm32g4xx_hal_flash_ex.o ABSOLUTE
    stm32g4xx_hal_flash_ramfunc.c            0x00000000   Number         0  stm32g4xx_hal_flash_ramfunc.o ABSOLUTE
    stm32g4xx_hal_gpio.c                     0x00000000   Number         0  stm32g4xx_hal_gpio.o ABSOLUTE
    stm32g4xx_hal_msp.c                      0x00000000   Number         0  stm32g4xx_hal_msp.o ABSOLUTE
    stm32g4xx_hal_pwr.c                      0x00000000   Number         0  stm32g4xx_hal_pwr.o ABSOLUTE
    stm32g4xx_hal_pwr_ex.c                   0x00000000   Number         0  stm32g4xx_hal_pwr_ex.o ABSOLUTE
    stm32g4xx_hal_rcc.c                      0x00000000   Number         0  stm32g4xx_hal_rcc.o ABSOLUTE
    stm32g4xx_hal_rcc_ex.c                   0x00000000   Number         0  stm32g4xx_hal_rcc_ex.o ABSOLUTE
    stm32g4xx_hal_tim.c                      0x00000000   Number         0  stm32g4xx_hal_tim.o ABSOLUTE
    stm32g4xx_hal_tim_ex.c                   0x00000000   Number         0  stm32g4xx_hal_tim_ex.o ABSOLUTE
    stm32g4xx_hal_uart.c                     0x00000000   Number         0  stm32g4xx_hal_uart.o ABSOLUTE
    stm32g4xx_hal_uart_ex.c                  0x00000000   Number         0  stm32g4xx_hal_uart_ex.o ABSOLUTE
    stm32g4xx_it.c                           0x00000000   Number         0  stm32g4xx_it.o ABSOLUTE
    system_stm32g4xx.c                       0x00000000   Number         0  system_stm32g4xx.o ABSOLUTE
    tim.c                                    0x00000000   Number         0  tim.o ABSOLUTE
    usart.c                                  0x00000000   Number         0  usart.o ABSOLUTE
    RESET                                    0x08000000   Section      472  startup_stm32g474xx.o(RESET)
    .ARM.Collect$$$$00000000                 0x080001d8   Section        0  entry.o(.ARM.Collect$$$$00000000)
    .ARM.Collect$$$$00000001                 0x080001d8   Section        4  entry2.o(.ARM.Collect$$$$00000001)
    .ARM.Collect$$$$00000004                 0x080001dc   Section        4  entry5.o(.ARM.Collect$$$$00000004)
    .ARM.Collect$$$$00000008                 0x080001e0   Section        0  entry7b.o(.ARM.Collect$$$$00000008)
    .ARM.Collect$$$$00000009                 0x080001e0   Section        4  entry8a.o(.ARM.Collect$$$$00000009)
    .ARM.Collect$$$$0000000A                 0x080001e4   Section        0  entry8b.o(.ARM.Collect$$$$0000000A)
    .ARM.Collect$$$$0000000B                 0x080001e4   Section        8  entry9a.o(.ARM.Collect$$$$0000000B)
    __lit__00000000                          0x080001ec   Data           4  entry2.o(.ARM.Collect$$$$00002712)
    .ARM.Collect$$$$0000000D                 0x080001ec   Section        0  entry10a.o(.ARM.Collect$$$$0000000D)
    .ARM.Collect$$$$0000000F                 0x080001ec   Section        0  entry11a.o(.ARM.Collect$$$$0000000F)
    .ARM.Collect$$$$00002712                 0x080001ec   Section        4  entry2.o(.ARM.Collect$$$$00002712)
    $v0                                      0x080001f0   Number         0  startup_stm32g474xx.o(.text)
    .text                                    0x080001f0   Section       36  startup_stm32g474xx.o(.text)
    .text                                    0x08000214   Section        0  uldiv.o(.text)
    .text                                    0x08000276   Section        0  memseta.o(.text)
    .text                                    0x0800029c   Section        0  cpp_init.o(.text)
    .text                                    0x080002bc   Section        0  llshl.o(.text)
    .text                                    0x080002da   Section        0  llushr.o(.text)
    .text                                    0x080002fc   Section       36  init.o(.text)
    [Anonymous Symbol]                       0x08000320   Section        0  stm32g4xx_it.o(.text.BusFault_Handler)
    CanDataTransferToQueue                   0x08000325   Thumb Code   172  can_board.o(.text.CanDataTransferToQueue)
    [Anonymous Symbol]                       0x08000324   Section        0  can_board.o(.text.CanDataTransferToQueue)
    Can_SendQueue_POP                        0x080003d1   Thumb Code   166  can_board.o(.text.Can_SendQueue_POP)
    [Anonymous Symbol]                       0x080003d0   Section        0  can_board.o(.text.Can_SendQueue_POP)
    [Anonymous Symbol]                       0x08000478   Section        0  stm32g4xx_it.o(.text.DMA1_Channel1_IRQHandler)
    [Anonymous Symbol]                       0x08000488   Section        0  stm32g4xx_it.o(.text.DMA1_Channel2_IRQHandler)
    DMA_CalcDMAMUXChannelBaseAndMask         0x08000499   Thumb Code   142  stm32g4xx_hal_dma.o(.text.DMA_CalcDMAMUXChannelBaseAndMask)
    [Anonymous Symbol]                       0x08000498   Section        0  stm32g4xx_hal_dma.o(.text.DMA_CalcDMAMUXChannelBaseAndMask)
    DMA_CalcDMAMUXRequestGenBaseAndMask      0x08000529   Thumb Code    64  stm32g4xx_hal_dma.o(.text.DMA_CalcDMAMUXRequestGenBaseAndMask)
    [Anonymous Symbol]                       0x08000528   Section        0  stm32g4xx_hal_dma.o(.text.DMA_CalcDMAMUXRequestGenBaseAndMask)
    [Anonymous Symbol]                       0x08000568   Section        0  stm32g4xx_it.o(.text.DebugMon_Handler)
    [Anonymous Symbol]                       0x0800056c   Section        0  main.o(.text.Error_Handler)
    [Anonymous Symbol]                       0x0800057c   Section        0  stm32g4xx_it.o(.text.FDCAN1_IT0_IRQHandler)
    [Anonymous Symbol]                       0x0800058c   Section        0  stm32g4xx_it.o(.text.FDCAN2_IT1_IRQHandler)
    FDCAN_CalcultateRamBlockAddresses        0x0800059d   Thumb Code   214  stm32g4xx_hal_fdcan.o(.text.FDCAN_CalcultateRamBlockAddresses)
    [Anonymous Symbol]                       0x0800059c   Section        0  stm32g4xx_hal_fdcan.o(.text.FDCAN_CalcultateRamBlockAddresses)
    FDCAN_CopyMessageToRAM                   0x08000675   Thumb Code   182  stm32g4xx_hal_fdcan.o(.text.FDCAN_CopyMessageToRAM)
    [Anonymous Symbol]                       0x08000674   Section        0  stm32g4xx_hal_fdcan.o(.text.FDCAN_CopyMessageToRAM)
    [Anonymous Symbol]                       0x0800072c   Section        0  stm32g4xx_hal_dma.o(.text.HAL_DMA_Abort)
    [Anonymous Symbol]                       0x080007e0   Section        0  stm32g4xx_hal_dma.o(.text.HAL_DMA_Abort_IT)
    [Anonymous Symbol]                       0x080008a4   Section        0  stm32g4xx_hal_dma.o(.text.HAL_DMA_IRQHandler)
    [Anonymous Symbol]                       0x080009fc   Section        0  stm32g4xx_hal_dma.o(.text.HAL_DMA_Init)
    [Anonymous Symbol]                       0x08000b58   Section        0  stm32g4xx_hal_fdcan.o(.text.HAL_FDCAN_ActivateNotification)
    [Anonymous Symbol]                       0x08000d64   Section        0  stm32g4xx_hal_fdcan.o(.text.HAL_FDCAN_AddMessageToTxFifoQ)
    [Anonymous Symbol]                       0x08000e00   Section        0  stm32g4xx_hal_fdcan.o(.text.HAL_FDCAN_ConfigFilter)
    [Anonymous Symbol]                       0x08000eb8   Section        0  stm32g4xx_hal_fdcan.o(.text.HAL_FDCAN_ConfigGlobalFilter)
    [Anonymous Symbol]                       0x08000f20   Section        0  stm32g4xx_hal_fdcan.o(.text.HAL_FDCAN_ConfigInterruptLines)
    [Anonymous Symbol]                       0x08000f8c   Section        0  can_board.o(.text.HAL_FDCAN_ErrorCallback)
    [Anonymous Symbol]                       0x08000fe0   Section        0  stm32g4xx_hal_fdcan.o(.text.HAL_FDCAN_ErrorStatusCallback)
    [Anonymous Symbol]                       0x08000fec   Section        0  stm32g4xx_hal_fdcan.o(.text.HAL_FDCAN_GetError)
    [Anonymous Symbol]                       0x08000ff8   Section        0  stm32g4xx_hal_fdcan.o(.text.HAL_FDCAN_GetRxMessage)
    [Anonymous Symbol]                       0x08001224   Section        0  stm32g4xx_hal_fdcan.o(.text.HAL_FDCAN_GetTxFifoFreeLevel)
    [Anonymous Symbol]                       0x0800123c   Section        0  stm32g4xx_hal_fdcan.o(.text.HAL_FDCAN_HighPriorityMessageCallback)
    [Anonymous Symbol]                       0x08001244   Section        0  stm32g4xx_hal_fdcan.o(.text.HAL_FDCAN_IRQHandler)
    [Anonymous Symbol]                       0x080014fc   Section        0  stm32g4xx_hal_fdcan.o(.text.HAL_FDCAN_Init)
    [Anonymous Symbol]                       0x080017c8   Section        0  fdcan.o(.text.HAL_FDCAN_MspInit)
    [Anonymous Symbol]                       0x0800195c   Section        0  can_board.o(.text.HAL_FDCAN_RxFifo0Callback)
    [Anonymous Symbol]                       0x08001994   Section        0  can_board.o(.text.HAL_FDCAN_RxFifo1Callback)
    [Anonymous Symbol]                       0x080019cc   Section        0  stm32g4xx_hal_fdcan.o(.text.HAL_FDCAN_Start)
    [Anonymous Symbol]                       0x08001a18   Section        0  stm32g4xx_hal_fdcan.o(.text.HAL_FDCAN_TimeoutOccurredCallback)
    [Anonymous Symbol]                       0x08001a20   Section        0  stm32g4xx_hal_fdcan.o(.text.HAL_FDCAN_TimestampWraparoundCallback)
    [Anonymous Symbol]                       0x08001a28   Section        0  stm32g4xx_hal_fdcan.o(.text.HAL_FDCAN_TxBufferAbortCallback)
    [Anonymous Symbol]                       0x08001a34   Section        0  stm32g4xx_hal_fdcan.o(.text.HAL_FDCAN_TxBufferCompleteCallback)
    [Anonymous Symbol]                       0x08001a40   Section        0  stm32g4xx_hal_fdcan.o(.text.HAL_FDCAN_TxEventFifoCallback)
    [Anonymous Symbol]                       0x08001a4c   Section        0  can_board.o(.text.HAL_FDCAN_TxFifoEmptyCallback)
    [Anonymous Symbol]                       0x08001a9c   Section        0  stm32g4xx_hal_gpio.o(.text.HAL_GPIO_Init)
    [Anonymous Symbol]                       0x08001e1c   Section        0  stm32g4xx_hal.o(.text.HAL_GetTick)
    [Anonymous Symbol]                       0x08001e28   Section        0  stm32g4xx_hal.o(.text.HAL_IncTick)
    [Anonymous Symbol]                       0x08001e44   Section        0  stm32g4xx_hal.o(.text.HAL_Init)
    [Anonymous Symbol]                       0x08001e74   Section        0  stm32g4xx_hal.o(.text.HAL_InitTick)
    [Anonymous Symbol]                       0x08001efc   Section        0  stm32g4xx_hal_msp.o(.text.HAL_MspInit)
    [Anonymous Symbol]                       0x08001f44   Section        0  stm32g4xx_hal_cortex.o(.text.HAL_NVIC_EnableIRQ)
    [Anonymous Symbol]                       0x08001f58   Section        0  stm32g4xx_hal_cortex.o(.text.HAL_NVIC_SetPriority)
    [Anonymous Symbol]                       0x08001f88   Section        0  stm32g4xx_hal_cortex.o(.text.HAL_NVIC_SetPriorityGrouping)
    [Anonymous Symbol]                       0x08001f98   Section        0  stm32g4xx_hal_pwr_ex.o(.text.HAL_PWREx_ControlVoltageScaling)
    [Anonymous Symbol]                       0x0800214c   Section        0  stm32g4xx_hal_pwr_ex.o(.text.HAL_PWREx_DisableUCPDDeadBattery)
    [Anonymous Symbol]                       0x08002160   Section        0  stm32g4xx_hal_rcc_ex.o(.text.HAL_RCCEx_PeriphCLKConfig)
    [Anonymous Symbol]                       0x08002684   Section        0  stm32g4xx_hal_rcc.o(.text.HAL_RCC_ClockConfig)
    [Anonymous Symbol]                       0x080029ac   Section        0  stm32g4xx_hal_rcc.o(.text.HAL_RCC_GetHCLKFreq)
    [Anonymous Symbol]                       0x080029b8   Section        0  stm32g4xx_hal_rcc.o(.text.HAL_RCC_GetPCLK1Freq)
    [Anonymous Symbol]                       0x080029e0   Section        0  stm32g4xx_hal_rcc.o(.text.HAL_RCC_GetPCLK2Freq)
    [Anonymous Symbol]                       0x08002a08   Section        0  stm32g4xx_hal_rcc.o(.text.HAL_RCC_GetSysClockFreq)
    [Anonymous Symbol]                       0x08002b04   Section        0  stm32g4xx_hal_rcc.o(.text.HAL_RCC_OscConfig)
    [Anonymous Symbol]                       0x080032bc   Section        0  stm32g4xx_hal_cortex.o(.text.HAL_SYSTICK_Config)
    [Anonymous Symbol]                       0x080032cc   Section        0  stm32g4xx_hal_tim_ex.o(.text.HAL_TIMEx_MasterConfigSynchronization)
    [Anonymous Symbol]                       0x08003440   Section        0  stm32g4xx_hal_tim.o(.text.HAL_TIM_Base_Init)
    [Anonymous Symbol]                       0x080034e8   Section        0  tim.o(.text.HAL_TIM_Base_MspInit)
    [Anonymous Symbol]                       0x0800351c   Section        0  stm32g4xx_hal_tim.o(.text.HAL_TIM_Base_Start)
    [Anonymous Symbol]                       0x08003618   Section        0  stm32g4xx_hal_tim.o(.text.HAL_TIM_ConfigClockSource)
    [Anonymous Symbol]                       0x08003814   Section        0  stm32g4xx_hal_uart_ex.o(.text.HAL_UARTEx_DisableFifoMode)
    [Anonymous Symbol]                       0x08003890   Section        0  stm32g4xx_hal_uart.o(.text.HAL_UARTEx_RxEventCallback)
    [Anonymous Symbol]                       0x0800389c   Section        0  stm32g4xx_hal_uart_ex.o(.text.HAL_UARTEx_RxFifoFullCallback)
    [Anonymous Symbol]                       0x080038a4   Section        0  stm32g4xx_hal_uart_ex.o(.text.HAL_UARTEx_SetRxFifoThreshold)
    [Anonymous Symbol]                       0x08003930   Section        0  stm32g4xx_hal_uart_ex.o(.text.HAL_UARTEx_SetTxFifoThreshold)
    [Anonymous Symbol]                       0x080039bc   Section        0  stm32g4xx_hal_uart_ex.o(.text.HAL_UARTEx_TxFifoEmptyCallback)
    [Anonymous Symbol]                       0x080039c4   Section        0  stm32g4xx_hal_uart_ex.o(.text.HAL_UARTEx_WakeupCallback)
    [Anonymous Symbol]                       0x080039cc   Section        0  stm32g4xx_hal_uart.o(.text.HAL_UART_ErrorCallback)
    [Anonymous Symbol]                       0x080039d4   Section        0  stm32g4xx_hal_uart.o(.text.HAL_UART_IRQHandler)
    [Anonymous Symbol]                       0x08003f6c   Section        0  stm32g4xx_hal_uart.o(.text.HAL_UART_Init)
    [Anonymous Symbol]                       0x08004018   Section        0  usart.o(.text.HAL_UART_MspInit)
    [Anonymous Symbol]                       0x0800416c   Section        0  stm32g4xx_hal_uart.o(.text.HAL_UART_TxCpltCallback)
    [Anonymous Symbol]                       0x08004174   Section        0  stm32g4xx_it.o(.text.HardFault_Handler)
    [Anonymous Symbol]                       0x08004178   Section        0  dma.o(.text.MX_DMA_Init)
    [Anonymous Symbol]                       0x080041e4   Section        0  fdcan.o(.text.MX_FDCAN1_Init)
    [Anonymous Symbol]                       0x080042c4   Section        0  fdcan.o(.text.MX_FDCAN2_Init)
    [Anonymous Symbol]                       0x080043bc   Section        0  gpio.o(.text.MX_GPIO_Init)
    [Anonymous Symbol]                       0x0800443c   Section        0  tim.o(.text.MX_TIM2_Init)
    [Anonymous Symbol]                       0x080044cc   Section        0  usart.o(.text.MX_USART1_UART_Init)
    [Anonymous Symbol]                       0x0800455c   Section        0  stm32g4xx_it.o(.text.MemManage_Handler)
    [Anonymous Symbol]                       0x08004560   Section        0  stm32g4xx_it.o(.text.NMI_Handler)
    NVIC_EncodePriority                      0x08004565   Thumb Code   108  stm32g4xx_hal_cortex.o(.text.NVIC_EncodePriority)
    [Anonymous Symbol]                       0x08004564   Section        0  stm32g4xx_hal_cortex.o(.text.NVIC_EncodePriority)
    [Anonymous Symbol]                       0x080045d0   Section        0  pid.o(.text.PID_Init)
    [Anonymous Symbol]                       0x08004690   Section        0  stm32g4xx_it.o(.text.PendSV_Handler)
    QueueDe                                  0x08004695   Thumb Code    94  can_board.o(.text.QueueDe)
    [Anonymous Symbol]                       0x08004694   Section        0  can_board.o(.text.QueueDe)
    QueueEmpty                               0x080046f5   Thumb Code    22  can_board.o(.text.QueueEmpty)
    [Anonymous Symbol]                       0x080046f4   Section        0  can_board.o(.text.QueueEmpty)
    QueueEn                                  0x0800470d   Thumb Code   100  can_board.o(.text.QueueEn)
    [Anonymous Symbol]                       0x0800470c   Section        0  can_board.o(.text.QueueEn)
    QueueFull                                0x08004771   Thumb Code    34  can_board.o(.text.QueueFull)
    [Anonymous Symbol]                       0x08004770   Section        0  can_board.o(.text.QueueFull)
    QueueInit                                0x08004795   Thumb Code    34  can_board.o(.text.QueueInit)
    [Anonymous Symbol]                       0x08004794   Section        0  can_board.o(.text.QueueInit)
    QueueLength                              0x080047b9   Thumb Code    28  can_board.o(.text.QueueLength)
    [Anonymous Symbol]                       0x080047b8   Section        0  can_board.o(.text.QueueLength)
    RCC_GetSysClockFreqFromPLLSource         0x080047d5   Thumb Code   156  stm32g4xx_hal_rcc.o(.text.RCC_GetSysClockFreqFromPLLSource)
    [Anonymous Symbol]                       0x080047d4   Section        0  stm32g4xx_hal_rcc.o(.text.RCC_GetSysClockFreqFromPLLSource)
    [Anonymous Symbol]                       0x08004870   Section        0  stm32g4xx_it.o(.text.SVC_Handler)
    SysTick_Config                           0x08004875   Thumb Code    82  stm32g4xx_hal_cortex.o(.text.SysTick_Config)
    [Anonymous Symbol]                       0x08004874   Section        0  stm32g4xx_hal_cortex.o(.text.SysTick_Config)
    [Anonymous Symbol]                       0x080048c8   Section        0  stm32g4xx_it.o(.text.SysTick_Handler)
    [Anonymous Symbol]                       0x080048d0   Section        0  main.o(.text.SystemClock_Config)
    [Anonymous Symbol]                       0x08004944   Section        0  system_stm32g4xx.o(.text.SystemInit)
    [Anonymous Symbol]                       0x08004958   Section        0  stm32g4xx_hal_tim.o(.text.TIM_Base_SetConfig)
    [Anonymous Symbol]                       0x08004b34   Section        0  stm32g4xx_hal_tim.o(.text.TIM_ETR_SetConfig)
    TIM_ITRx_SetConfig                       0x08004b69   Thumb Code    48  stm32g4xx_hal_tim.o(.text.TIM_ITRx_SetConfig)
    [Anonymous Symbol]                       0x08004b68   Section        0  stm32g4xx_hal_tim.o(.text.TIM_ITRx_SetConfig)
    TIM_TI1_ConfigInputStage                 0x08004b99   Thumb Code   188  stm32g4xx_hal_tim.o(.text.TIM_TI1_ConfigInputStage)
    [Anonymous Symbol]                       0x08004b98   Section        0  stm32g4xx_hal_tim.o(.text.TIM_TI1_ConfigInputStage)
    TIM_TI2_ConfigInputStage                 0x08004c55   Thumb Code   208  stm32g4xx_hal_tim.o(.text.TIM_TI2_ConfigInputStage)
    [Anonymous Symbol]                       0x08004c54   Section        0  stm32g4xx_hal_tim.o(.text.TIM_TI2_ConfigInputStage)
    UARTEx_SetNbDataToProcess                0x08004d25   Thumb Code   134  stm32g4xx_hal_uart_ex.o(.text.UARTEx_SetNbDataToProcess)
    [Anonymous Symbol]                       0x08004d24   Section        0  stm32g4xx_hal_uart_ex.o(.text.UARTEx_SetNbDataToProcess)
    [Anonymous Symbol]                       0x08004dac   Section        0  stm32g4xx_hal_uart.o(.text.UART_AdvFeatureConfig)
    [Anonymous Symbol]                       0x08004ef4   Section        0  stm32g4xx_hal_uart.o(.text.UART_CheckIdleState)
    UART_DMAAbortOnError                     0x0800503d   Thumb Code    22  stm32g4xx_hal_uart.o(.text.UART_DMAAbortOnError)
    [Anonymous Symbol]                       0x0800503c   Section        0  stm32g4xx_hal_uart.o(.text.UART_DMAAbortOnError)
    UART_EndRxTransfer                       0x08005055   Thumb Code   158  stm32g4xx_hal_uart.o(.text.UART_EndRxTransfer)
    [Anonymous Symbol]                       0x08005054   Section        0  stm32g4xx_hal_uart.o(.text.UART_EndRxTransfer)
    UART_EndTransmit_IT                      0x080050f5   Thumb Code    68  stm32g4xx_hal_uart.o(.text.UART_EndTransmit_IT)
    [Anonymous Symbol]                       0x080050f4   Section        0  stm32g4xx_hal_uart.o(.text.UART_EndTransmit_IT)
    [Anonymous Symbol]                       0x08005138   Section        0  stm32g4xx_hal_uart.o(.text.UART_SetConfig)
    [Anonymous Symbol]                       0x0800571c   Section        0  stm32g4xx_hal_uart.o(.text.UART_WaitOnFlagUntilTimeout)
    [Anonymous Symbol]                       0x08005828   Section        0  stm32g4xx_it.o(.text.USART1_IRQHandler)
    [Anonymous Symbol]                       0x08005838   Section        0  stm32g4xx_it.o(.text.UsageFault_Handler)
    __NVIC_EnableIRQ                         0x0800583d   Thumb Code    48  stm32g4xx_hal_cortex.o(.text.__NVIC_EnableIRQ)
    [Anonymous Symbol]                       0x0800583c   Section        0  stm32g4xx_hal_cortex.o(.text.__NVIC_EnableIRQ)
    __NVIC_GetPriorityGrouping               0x0800586d   Thumb Code    16  stm32g4xx_hal_cortex.o(.text.__NVIC_GetPriorityGrouping)
    [Anonymous Symbol]                       0x0800586c   Section        0  stm32g4xx_hal_cortex.o(.text.__NVIC_GetPriorityGrouping)
    __NVIC_SetPriority                       0x0800587d   Thumb Code    66  stm32g4xx_hal_cortex.o(.text.__NVIC_SetPriority)
    [Anonymous Symbol]                       0x0800587c   Section        0  stm32g4xx_hal_cortex.o(.text.__NVIC_SetPriority)
    __NVIC_SetPriorityGrouping               0x080058c1   Thumb Code    60  stm32g4xx_hal_cortex.o(.text.__NVIC_SetPriorityGrouping)
    [Anonymous Symbol]                       0x080058c0   Section        0  stm32g4xx_hal_cortex.o(.text.__NVIC_SetPriorityGrouping)
    __reg_board_init                         0x080058fd   Thumb Code    72  board.o(.text.__reg_board_init)
    [Anonymous Symbol]                       0x080058fc   Section        0  board.o(.text.__reg_board_init)
    __reg_platform_init                      0x08005945   Thumb Code    72  platform_init.o(.text.__reg_platform_init)
    [Anonymous Symbol]                       0x08005944   Section        0  platform_init.o(.text.__reg_platform_init)
    _stm32CAN1_ReceiveData                   0x0800598d   Thumb Code   134  can_board.o(.text._stm32CAN1_ReceiveData)
    [Anonymous Symbol]                       0x0800598c   Section        0  can_board.o(.text._stm32CAN1_ReceiveData)
    _stm32CAN1_SendData                      0x08005a15   Thumb Code   262  can_board.o(.text._stm32CAN1_SendData)
    [Anonymous Symbol]                       0x08005a14   Section        0  can_board.o(.text._stm32CAN1_SendData)
    _stm32CAN2_ReceiveData                   0x08005b1d   Thumb Code   134  can_board.o(.text._stm32CAN2_ReceiveData)
    [Anonymous Symbol]                       0x08005b1c   Section        0  can_board.o(.text._stm32CAN2_ReceiveData)
    _stm32CAN2_SendData                      0x08005ba5   Thumb Code   276  can_board.o(.text._stm32CAN2_SendData)
    [Anonymous Symbol]                       0x08005ba4   Section        0  can_board.o(.text._stm32CAN2_SendData)
    [Anonymous Symbol]                       0x08005cb8   Section        0  can_board.o(.text._stm32_CAN_Init)
    board_init                               0x08005d1d   Thumb Code     8  board.o(.text.board_init)
    [Anonymous Symbol]                       0x08005d1c   Section        0  board.o(.text.board_init)
    [Anonymous Symbol]                       0x08005d24   Section        0  initcall.o(.text.do_initcalls)
    [Anonymous Symbol]                       0x08005d78   Section        0  dv_motor_base.o(.text.dv_motor_Enable)
    [Anonymous Symbol]                       0x08005da0   Section        0  dv_motor_base.o(.text.dv_motor_base_init)
    dv_motor_can_Disable                     0x08005dcd   Thumb Code    36  dv_motor_can.o(.text.dv_motor_can_Disable)
    [Anonymous Symbol]                       0x08005dcc   Section        0  dv_motor_can.o(.text.dv_motor_can_Disable)
    dv_motor_can_Enable                      0x08005df1   Thumb Code    36  dv_motor_can.o(.text.dv_motor_can_Enable)
    [Anonymous Symbol]                       0x08005df0   Section        0  dv_motor_can.o(.text.dv_motor_can_Enable)
    [Anonymous Symbol]                       0x08005e14   Section        0  dv_motor_can.o(.text.dv_motor_can_init)
    [Anonymous Symbol]                       0x08005e64   Section        0  main.o(.text.main)
    motor_board_init                         0x08005ec5   Thumb Code   124  board.o(.text.motor_board_init)
    [Anonymous Symbol]                       0x08005ec4   Section        0  board.o(.text.motor_board_init)
    pid_isfinitef                            0x08005f41   Thumb Code    28  pid.o(.text.pid_isfinitef)
    [Anonymous Symbol]                       0x08005f40   Section        0  pid.o(.text.pid_isfinitef)
    [Anonymous Symbol]                       0x08005f5c   Section        0  platform_can.o(.text.platform_can_bus_register)
    [Anonymous Symbol]                       0x08005fc0   Section        0  platform_can.o(.text.platform_can_get_device)
    [Anonymous Symbol]                       0x08006004   Section        0  platform_can.o(.text.platform_can_send)
    [Anonymous Symbol]                       0x08006060   Section        0  can_board.o(.text.platform_hw_can_init)
    [Anonymous Symbol]                       0x08006090   Section        0  platform_init.o(.text.platform_init)
    sort_initcalls                           0x08006099   Thumb Code   188  initcall.o(.text.sort_initcalls)
    [Anonymous Symbol]                       0x08006098   Section        0  initcall.o(.text.sort_initcalls)
    i.__scatterload_copy                     0x08006154   Section       14  handlers.o(i.__scatterload_copy)
    i.__scatterload_null                     0x08006162   Section        2  handlers.o(i.__scatterload_null)
    i.__scatterload_zeroinit                 0x08006164   Section       14  handlers.o(i.__scatterload_zeroinit)
    DLCtoBytes                               0x0800618a   Data          16  stm32g4xx_hal_fdcan.o(.rodata.DLCtoBytes)
    [Anonymous Symbol]                       0x0800618a   Section        0  stm32g4xx_hal_fdcan.o(.rodata.DLCtoBytes)
    UARTEx_SetNbDataToProcess.denominator    0x0800619a   Data           8  stm32g4xx_hal_uart_ex.o(.rodata.UARTEx_SetNbDataToProcess.denominator)
    [Anonymous Symbol]                       0x0800619a   Section        0  stm32g4xx_hal_uart_ex.o(.rodata.UARTEx_SetNbDataToProcess.denominator)
    UARTEx_SetNbDataToProcess.numerator      0x080061a2   Data           8  stm32g4xx_hal_uart_ex.o(.rodata.UARTEx_SetNbDataToProcess.numerator)
    [Anonymous Symbol]                       0x080061a2   Section        0  stm32g4xx_hal_uart_ex.o(.rodata.UARTEx_SetNbDataToProcess.numerator)
    _stm32_can1_ops                          0x080061c4   Data           8  can_board.o(.rodata._stm32_can1_ops)
    [Anonymous Symbol]                       0x080061c4   Section        0  can_board.o(.rodata._stm32_can1_ops)
    _stm32_can2_ops                          0x080061cc   Data           8  can_board.o(.rodata._stm32_can2_ops)
    [Anonymous Symbol]                       0x080061cc   Section        0  can_board.o(.rodata._stm32_can2_ops)
    can_ops                                  0x080061d4   Data           8  dv_motor_can.o(.rodata.can_ops)
    [Anonymous Symbol]                       0x080061d4   Section        0  dv_motor_can.o(.rodata.can_ops)
    .init_array                              0x08006204   Section        0  cpp_init.o(.init_array)
    CAN1RevBuff                              0x20000010   Data        1600  can_board.o(.bss.CAN1RevBuff)
    [Anonymous Symbol]                       0x20000010   Section        0  can_board.o(.bss.CAN1RevBuff)
    CAN1SendBuff                             0x20000650   Data         512  can_board.o(.bss.CAN1SendBuff)
    [Anonymous Symbol]                       0x20000650   Section        0  can_board.o(.bss.CAN1SendBuff)
    CAN2RevBuff                              0x20000850   Data        1600  can_board.o(.bss.CAN2RevBuff)
    [Anonymous Symbol]                       0x20000850   Section        0  can_board.o(.bss.CAN2RevBuff)
    CAN2SendBuff                             0x20000e90   Data         512  can_board.o(.bss.CAN2SendBuff)
    [Anonymous Symbol]                       0x20000e90   Section        0  can_board.o(.bss.CAN2SendBuff)
    Can1_RevQueue                            0x20001090   Data          16  can_board.o(.bss.Can1_RevQueue)
    [Anonymous Symbol]                       0x20001090   Section        0  can_board.o(.bss.Can1_RevQueue)
    Can1_SendQueue                           0x200010a0   Data          16  can_board.o(.bss.Can1_SendQueue)
    [Anonymous Symbol]                       0x200010a0   Section        0  can_board.o(.bss.Can1_SendQueue)
    Can2_RevQueue                            0x200010b0   Data          16  can_board.o(.bss.Can2_RevQueue)
    [Anonymous Symbol]                       0x200010b0   Section        0  can_board.o(.bss.Can2_RevQueue)
    Can2_SendQueue                           0x200010c0   Data          16  can_board.o(.bss.Can2_SendQueue)
    [Anonymous Symbol]                       0x200010c0   Section        0  can_board.o(.bss.Can2_SendQueue)
    HAL_RCC_FDCAN_CLK_ENABLED                0x200010d0   Data           4  fdcan.o(.bss.HAL_RCC_FDCAN_CLK_ENABLED)
    [Anonymous Symbol]                       0x200010d0   Section        0  fdcan.o(.bss.HAL_RCC_FDCAN_CLK_ENABLED)
    _stm32_can1_bus                          0x200010d4   Data           8  can_board.o(.bss._stm32_can1_bus)
    [Anonymous Symbol]                       0x200010d4   Section        0  can_board.o(.bss._stm32_can1_bus)
    _stm32_can2_bus                          0x200010dc   Data           8  can_board.o(.bss._stm32_can2_bus)
    [Anonymous Symbol]                       0x200010dc   Section        0  can_board.o(.bss._stm32_can2_bus)
    g_stm32_can1_bus                         0x200010e4   Data           4  platform_can.o(.bss.g_stm32_can1_bus)
    [Anonymous Symbol]                       0x200010e4   Section        0  platform_can.o(.bss.g_stm32_can1_bus)
    g_stm32_can2_bus                         0x200010e8   Data           4  platform_can.o(.bss.g_stm32_can2_bus)
    [Anonymous Symbol]                       0x200010e8   Section        0  platform_can.o(.bss.g_stm32_can2_bus)
    STACK                                    0x200017e8   Section     1024  startup_stm32g474xx.o(STACK)

    Global Symbols

    Symbol Name                              Value     Ov Type        Size  Object(Section)

    BuildAttributes$$THM_ISAv4$E$P$D$K$B$S$7EM$VFPi3$EXTD16$VFPS$VFMA$PE$A:L22UL41UL21$X:L11$S22US41US21$IEEE1$IW$~IW$USESV6$~STKCKD$USESV7$~SHL$OSPACE$EBA8$MICROLIB$REQ8$PRES8$EABIv2 0x00000000   Number         0  anon$$obj.o ABSOLUTE
    __cxa_finalize                            - Undefined Weak Reference
    __decompress                              - Undefined Weak Reference
    _clock_init                               - Undefined Weak Reference
    _microlib_exit                            - Undefined Weak Reference
    __Vectors_Size                           0x000001d8   Number         0  startup_stm32g474xx.o ABSOLUTE
    __Vectors                                0x08000000   Data           4  startup_stm32g474xx.o(RESET)
    __Vectors_End                            0x080001d8   Data           0  startup_stm32g474xx.o(RESET)
    __main                                   0x080001d9   Thumb Code     0  entry.o(.ARM.Collect$$$$00000000)
    _main_stk                                0x080001d9   Thumb Code     0  entry2.o(.ARM.Collect$$$$00000001)
    _main_scatterload                        0x080001dd   Thumb Code     0  entry5.o(.ARM.Collect$$$$00000004)
    __main_after_scatterload                 0x080001e1   Thumb Code     0  entry5.o(.ARM.Collect$$$$00000004)
    _main_clock                              0x080001e1   Thumb Code     0  entry7b.o(.ARM.Collect$$$$00000008)
    _main_cpp_init$empty                     0x080001e1   Thumb Code     0  entry8a.o(.ARM.Collect$$$$00000009)
    _main_cpp_init                           0x080001e5   Thumb Code     0  entry8b.o(.ARM.Collect$$$$0000000A)
    _main_init                               0x080001e5   Thumb Code     0  entry9a.o(.ARM.Collect$$$$0000000B)
    __rt_final_cpp                           0x080001ed   Thumb Code     0  entry10a.o(.ARM.Collect$$$$0000000D)
    __rt_final_exit                          0x080001ed   Thumb Code     0  entry11a.o(.ARM.Collect$$$$0000000F)
    Reset_Handler                            0x080001f1   Thumb Code     8  startup_stm32g474xx.o(.text)
    ADC1_2_IRQHandler                        0x0800020b   Thumb Code     0  startup_stm32g474xx.o(.text)
    ADC3_IRQHandler                          0x0800020b   Thumb Code     0  startup_stm32g474xx.o(.text)
    ADC4_IRQHandler                          0x0800020b   Thumb Code     0  startup_stm32g474xx.o(.text)
    ADC5_IRQHandler                          0x0800020b   Thumb Code     0  startup_stm32g474xx.o(.text)
    COMP1_2_3_IRQHandler                     0x0800020b   Thumb Code     0  startup_stm32g474xx.o(.text)
    COMP4_5_6_IRQHandler                     0x0800020b   Thumb Code     0  startup_stm32g474xx.o(.text)
    COMP7_IRQHandler                         0x0800020b   Thumb Code     0  startup_stm32g474xx.o(.text)
    CORDIC_IRQHandler                        0x0800020b   Thumb Code     0  startup_stm32g474xx.o(.text)
    CRS_IRQHandler                           0x0800020b   Thumb Code     0  startup_stm32g474xx.o(.text)
    DMA1_Channel3_IRQHandler                 0x0800020b   Thumb Code     0  startup_stm32g474xx.o(.text)
    DMA1_Channel4_IRQHandler                 0x0800020b   Thumb Code     0  startup_stm32g474xx.o(.text)
    DMA1_Channel5_IRQHandler                 0x0800020b   Thumb Code     0  startup_stm32g474xx.o(.text)
    DMA1_Channel6_IRQHandler                 0x0800020b   Thumb Code     0  startup_stm32g474xx.o(.text)
    DMA1_Channel7_IRQHandler                 0x0800020b   Thumb Code     0  startup_stm32g474xx.o(.text)
    DMA1_Channel8_IRQHandler                 0x0800020b   Thumb Code     0  startup_stm32g474xx.o(.text)
    DMA2_Channel1_IRQHandler                 0x0800020b   Thumb Code     0  startup_stm32g474xx.o(.text)
    DMA2_Channel2_IRQHandler                 0x0800020b   Thumb Code     0  startup_stm32g474xx.o(.text)
    DMA2_Channel3_IRQHandler                 0x0800020b   Thumb Code     0  startup_stm32g474xx.o(.text)
    DMA2_Channel4_IRQHandler                 0x0800020b   Thumb Code     0  startup_stm32g474xx.o(.text)
    DMA2_Channel5_IRQHandler                 0x0800020b   Thumb Code     0  startup_stm32g474xx.o(.text)
    DMA2_Channel6_IRQHandler                 0x0800020b   Thumb Code     0  startup_stm32g474xx.o(.text)
    DMA2_Channel7_IRQHandler                 0x0800020b   Thumb Code     0  startup_stm32g474xx.o(.text)
    DMA2_Channel8_IRQHandler                 0x0800020b   Thumb Code     0  startup_stm32g474xx.o(.text)
    DMAMUX_OVR_IRQHandler                    0x0800020b   Thumb Code     0  startup_stm32g474xx.o(.text)
    EXTI0_IRQHandler                         0x0800020b   Thumb Code     0  startup_stm32g474xx.o(.text)
    EXTI15_10_IRQHandler                     0x0800020b   Thumb Code     0  startup_stm32g474xx.o(.text)
    EXTI1_IRQHandler                         0x0800020b   Thumb Code     0  startup_stm32g474xx.o(.text)
    EXTI2_IRQHandler                         0x0800020b   Thumb Code     0  startup_stm32g474xx.o(.text)
    EXTI3_IRQHandler                         0x0800020b   Thumb Code     0  startup_stm32g474xx.o(.text)
    EXTI4_IRQHandler                         0x0800020b   Thumb Code     0  startup_stm32g474xx.o(.text)
    EXTI9_5_IRQHandler                       0x0800020b   Thumb Code     0  startup_stm32g474xx.o(.text)
    FDCAN1_IT1_IRQHandler                    0x0800020b   Thumb Code     0  startup_stm32g474xx.o(.text)
    FDCAN2_IT0_IRQHandler                    0x0800020b   Thumb Code     0  startup_stm32g474xx.o(.text)
    FDCAN3_IT0_IRQHandler                    0x0800020b   Thumb Code     0  startup_stm32g474xx.o(.text)
    FDCAN3_IT1_IRQHandler                    0x0800020b   Thumb Code     0  startup_stm32g474xx.o(.text)
    FLASH_IRQHandler                         0x0800020b   Thumb Code     0  startup_stm32g474xx.o(.text)
    FMAC_IRQHandler                          0x0800020b   Thumb Code     0  startup_stm32g474xx.o(.text)
    FMC_IRQHandler                           0x0800020b   Thumb Code     0  startup_stm32g474xx.o(.text)
    FPU_IRQHandler                           0x0800020b   Thumb Code     0  startup_stm32g474xx.o(.text)
    HRTIM1_FLT_IRQHandler                    0x0800020b   Thumb Code     0  startup_stm32g474xx.o(.text)
    HRTIM1_Master_IRQHandler                 0x0800020b   Thumb Code     0  startup_stm32g474xx.o(.text)
    HRTIM1_TIMA_IRQHandler                   0x0800020b   Thumb Code     0  startup_stm32g474xx.o(.text)
    HRTIM1_TIMB_IRQHandler                   0x0800020b   Thumb Code     0  startup_stm32g474xx.o(.text)
    HRTIM1_TIMC_IRQHandler                   0x0800020b   Thumb Code     0  startup_stm32g474xx.o(.text)
    HRTIM1_TIMD_IRQHandler                   0x0800020b   Thumb Code     0  startup_stm32g474xx.o(.text)
    HRTIM1_TIME_IRQHandler                   0x0800020b   Thumb Code     0  startup_stm32g474xx.o(.text)
    HRTIM1_TIMF_IRQHandler                   0x0800020b   Thumb Code     0  startup_stm32g474xx.o(.text)
    I2C1_ER_IRQHandler                       0x0800020b   Thumb Code     0  startup_stm32g474xx.o(.text)
    I2C1_EV_IRQHandler                       0x0800020b   Thumb Code     0  startup_stm32g474xx.o(.text)
    I2C2_ER_IRQHandler                       0x0800020b   Thumb Code     0  startup_stm32g474xx.o(.text)
    I2C2_EV_IRQHandler                       0x0800020b   Thumb Code     0  startup_stm32g474xx.o(.text)
    I2C3_ER_IRQHandler                       0x0800020b   Thumb Code     0  startup_stm32g474xx.o(.text)
    I2C3_EV_IRQHandler                       0x0800020b   Thumb Code     0  startup_stm32g474xx.o(.text)
    I2C4_ER_IRQHandler                       0x0800020b   Thumb Code     0  startup_stm32g474xx.o(.text)
    I2C4_EV_IRQHandler                       0x0800020b   Thumb Code     0  startup_stm32g474xx.o(.text)
    LPTIM1_IRQHandler                        0x0800020b   Thumb Code     0  startup_stm32g474xx.o(.text)
    LPUART1_IRQHandler                       0x0800020b   Thumb Code     0  startup_stm32g474xx.o(.text)
    PVD_PVM_IRQHandler                       0x0800020b   Thumb Code     0  startup_stm32g474xx.o(.text)
    QUADSPI_IRQHandler                       0x0800020b   Thumb Code     0  startup_stm32g474xx.o(.text)
    RCC_IRQHandler                           0x0800020b   Thumb Code     0  startup_stm32g474xx.o(.text)
    RNG_IRQHandler                           0x0800020b   Thumb Code     0  startup_stm32g474xx.o(.text)
    RTC_Alarm_IRQHandler                     0x0800020b   Thumb Code     0  startup_stm32g474xx.o(.text)
    RTC_TAMP_LSECSS_IRQHandler               0x0800020b   Thumb Code     0  startup_stm32g474xx.o(.text)
    RTC_WKUP_IRQHandler                      0x0800020b   Thumb Code     0  startup_stm32g474xx.o(.text)
    SAI1_IRQHandler                          0x0800020b   Thumb Code     0  startup_stm32g474xx.o(.text)
    SPI1_IRQHandler                          0x0800020b   Thumb Code     0  startup_stm32g474xx.o(.text)
    SPI2_IRQHandler                          0x0800020b   Thumb Code     0  startup_stm32g474xx.o(.text)
    SPI3_IRQHandler                          0x0800020b   Thumb Code     0  startup_stm32g474xx.o(.text)
    SPI4_IRQHandler                          0x0800020b   Thumb Code     0  startup_stm32g474xx.o(.text)
    TIM1_BRK_TIM15_IRQHandler                0x0800020b   Thumb Code     0  startup_stm32g474xx.o(.text)
    TIM1_CC_IRQHandler                       0x0800020b   Thumb Code     0  startup_stm32g474xx.o(.text)
    TIM1_TRG_COM_TIM17_IRQHandler            0x0800020b   Thumb Code     0  startup_stm32g474xx.o(.text)
    TIM1_UP_TIM16_IRQHandler                 0x0800020b   Thumb Code     0  startup_stm32g474xx.o(.text)
    TIM20_BRK_IRQHandler                     0x0800020b   Thumb Code     0  startup_stm32g474xx.o(.text)
    TIM20_CC_IRQHandler                      0x0800020b   Thumb Code     0  startup_stm32g474xx.o(.text)
    TIM20_TRG_COM_IRQHandler                 0x0800020b   Thumb Code     0  startup_stm32g474xx.o(.text)
    TIM20_UP_IRQHandler                      0x0800020b   Thumb Code     0  startup_stm32g474xx.o(.text)
    TIM2_IRQHandler                          0x0800020b   Thumb Code     0  startup_stm32g474xx.o(.text)
    TIM3_IRQHandler                          0x0800020b   Thumb Code     0  startup_stm32g474xx.o(.text)
    TIM4_IRQHandler                          0x0800020b   Thumb Code     0  startup_stm32g474xx.o(.text)
    TIM5_IRQHandler                          0x0800020b   Thumb Code     0  startup_stm32g474xx.o(.text)
    TIM6_DAC_IRQHandler                      0x0800020b   Thumb Code     0  startup_stm32g474xx.o(.text)
    TIM7_DAC_IRQHandler                      0x0800020b   Thumb Code     0  startup_stm32g474xx.o(.text)
    TIM8_BRK_IRQHandler                      0x0800020b   Thumb Code     0  startup_stm32g474xx.o(.text)
    TIM8_CC_IRQHandler                       0x0800020b   Thumb Code     0  startup_stm32g474xx.o(.text)
    TIM8_TRG_COM_IRQHandler                  0x0800020b   Thumb Code     0  startup_stm32g474xx.o(.text)
    TIM8_UP_IRQHandler                       0x0800020b   Thumb Code     0  startup_stm32g474xx.o(.text)
    UART4_IRQHandler                         0x0800020b   Thumb Code     0  startup_stm32g474xx.o(.text)
    UART5_IRQHandler                         0x0800020b   Thumb Code     0  startup_stm32g474xx.o(.text)
    UCPD1_IRQHandler                         0x0800020b   Thumb Code     0  startup_stm32g474xx.o(.text)
    USART2_IRQHandler                        0x0800020b   Thumb Code     0  startup_stm32g474xx.o(.text)
    USART3_IRQHandler                        0x0800020b   Thumb Code     0  startup_stm32g474xx.o(.text)
    USBWakeUp_IRQHandler                     0x0800020b   Thumb Code     0  startup_stm32g474xx.o(.text)
    USB_HP_IRQHandler                        0x0800020b   Thumb Code     0  startup_stm32g474xx.o(.text)
    USB_LP_IRQHandler                        0x0800020b   Thumb Code     0  startup_stm32g474xx.o(.text)
    WWDG_IRQHandler                          0x0800020b   Thumb Code     0  startup_stm32g474xx.o(.text)
    __aeabi_uldivmod                         0x08000215   Thumb Code    98  uldiv.o(.text)
    __aeabi_memset                           0x08000277   Thumb Code    14  memseta.o(.text)
    __aeabi_memset4                          0x08000277   Thumb Code     0  memseta.o(.text)
    __aeabi_memset8                          0x08000277   Thumb Code     0  memseta.o(.text)
    __aeabi_memclr                           0x08000285   Thumb Code     4  memseta.o(.text)
    __aeabi_memclr4                          0x08000285   Thumb Code     0  memseta.o(.text)
    __aeabi_memclr8                          0x08000285   Thumb Code     0  memseta.o(.text)
    _memset$wrapper                          0x08000289   Thumb Code    18  memseta.o(.text)
    __cpp_initialize__aeabi_                 0x0800029d   Thumb Code    24  cpp_init.o(.text)
    __aeabi_llsl                             0x080002bd   Thumb Code    30  llshl.o(.text)
    _ll_shift_l                              0x080002bd   Thumb Code     0  llshl.o(.text)
    __aeabi_llsr                             0x080002db   Thumb Code    32  llushr.o(.text)
    _ll_ushift_r                             0x080002db   Thumb Code     0  llushr.o(.text)
    __scatterload                            0x080002fd   Thumb Code    28  init.o(.text)
    __scatterload_rt2                        0x080002fd   Thumb Code     0  init.o(.text)
    BusFault_Handler                         0x08000321   Thumb Code     4  stm32g4xx_it.o(.text.BusFault_Handler)
    DMA1_Channel1_IRQHandler                 0x08000479   Thumb Code    16  stm32g4xx_it.o(.text.DMA1_Channel1_IRQHandler)
    DMA1_Channel2_IRQHandler                 0x08000489   Thumb Code    16  stm32g4xx_it.o(.text.DMA1_Channel2_IRQHandler)
    DebugMon_Handler                         0x08000569   Thumb Code     2  stm32g4xx_it.o(.text.DebugMon_Handler)
    Error_Handler                            0x0800056d   Thumb Code    14  main.o(.text.Error_Handler)
    FDCAN1_IT0_IRQHandler                    0x0800057d   Thumb Code    16  stm32g4xx_it.o(.text.FDCAN1_IT0_IRQHandler)
    FDCAN2_IT1_IRQHandler                    0x0800058d   Thumb Code    16  stm32g4xx_it.o(.text.FDCAN2_IT1_IRQHandler)
    HAL_DMA_Abort                            0x0800072d   Thumb Code   180  stm32g4xx_hal_dma.o(.text.HAL_DMA_Abort)
    HAL_DMA_Abort_IT                         0x080007e1   Thumb Code   194  stm32g4xx_hal_dma.o(.text.HAL_DMA_Abort_IT)
    HAL_DMA_IRQHandler                       0x080008a5   Thumb Code   342  stm32g4xx_hal_dma.o(.text.HAL_DMA_IRQHandler)
    HAL_DMA_Init                             0x080009fd   Thumb Code   346  stm32g4xx_hal_dma.o(.text.HAL_DMA_Init)
    HAL_FDCAN_ActivateNotification           0x08000b59   Thumb Code   522  stm32g4xx_hal_fdcan.o(.text.HAL_FDCAN_ActivateNotification)
    HAL_FDCAN_AddMessageToTxFifoQ            0x08000d65   Thumb Code   154  stm32g4xx_hal_fdcan.o(.text.HAL_FDCAN_AddMessageToTxFifoQ)
    HAL_FDCAN_ConfigFilter                   0x08000e01   Thumb Code   182  stm32g4xx_hal_fdcan.o(.text.HAL_FDCAN_ConfigFilter)
    HAL_FDCAN_ConfigGlobalFilter             0x08000eb9   Thumb Code   102  stm32g4xx_hal_fdcan.o(.text.HAL_FDCAN_ConfigGlobalFilter)
    HAL_FDCAN_ConfigInterruptLines           0x08000f21   Thumb Code   108  stm32g4xx_hal_fdcan.o(.text.HAL_FDCAN_ConfigInterruptLines)
    HAL_FDCAN_ErrorCallback                  0x08000f8d   Thumb Code    84  can_board.o(.text.HAL_FDCAN_ErrorCallback)
    HAL_FDCAN_ErrorStatusCallback            0x08000fe1   Thumb Code    10  stm32g4xx_hal_fdcan.o(.text.HAL_FDCAN_ErrorStatusCallback)
    HAL_FDCAN_GetError                       0x08000fed   Thumb Code    12  stm32g4xx_hal_fdcan.o(.text.HAL_FDCAN_GetError)
    HAL_FDCAN_GetRxMessage                   0x08000ff9   Thumb Code   556  stm32g4xx_hal_fdcan.o(.text.HAL_FDCAN_GetRxMessage)
    HAL_FDCAN_GetTxFifoFreeLevel             0x08001225   Thumb Code    24  stm32g4xx_hal_fdcan.o(.text.HAL_FDCAN_GetTxFifoFreeLevel)
    HAL_FDCAN_HighPriorityMessageCallback    0x0800123d   Thumb Code     8  stm32g4xx_hal_fdcan.o(.text.HAL_FDCAN_HighPriorityMessageCallback)
    HAL_FDCAN_IRQHandler                     0x08001245   Thumb Code   696  stm32g4xx_hal_fdcan.o(.text.HAL_FDCAN_IRQHandler)
    HAL_FDCAN_Init                           0x080014fd   Thumb Code   716  stm32g4xx_hal_fdcan.o(.text.HAL_FDCAN_Init)
    HAL_FDCAN_MspInit                        0x080017c9   Thumb Code   402  fdcan.o(.text.HAL_FDCAN_MspInit)
    HAL_FDCAN_RxFifo0Callback                0x0800195d   Thumb Code    54  can_board.o(.text.HAL_FDCAN_RxFifo0Callback)
    HAL_FDCAN_RxFifo1Callback                0x08001995   Thumb Code    56  can_board.o(.text.HAL_FDCAN_RxFifo1Callback)
    HAL_FDCAN_Start                          0x080019cd   Thumb Code    74  stm32g4xx_hal_fdcan.o(.text.HAL_FDCAN_Start)
    HAL_FDCAN_TimeoutOccurredCallback        0x08001a19   Thumb Code     8  stm32g4xx_hal_fdcan.o(.text.HAL_FDCAN_TimeoutOccurredCallback)
    HAL_FDCAN_TimestampWraparoundCallback    0x08001a21   Thumb Code     8  stm32g4xx_hal_fdcan.o(.text.HAL_FDCAN_TimestampWraparoundCallback)
    HAL_FDCAN_TxBufferAbortCallback          0x08001a29   Thumb Code    10  stm32g4xx_hal_fdcan.o(.text.HAL_FDCAN_TxBufferAbortCallback)
    HAL_FDCAN_TxBufferCompleteCallback       0x08001a35   Thumb Code    10  stm32g4xx_hal_fdcan.o(.text.HAL_FDCAN_TxBufferCompleteCallback)
    HAL_FDCAN_TxEventFifoCallback            0x08001a41   Thumb Code    10  stm32g4xx_hal_fdcan.o(.text.HAL_FDCAN_TxEventFifoCallback)
    HAL_FDCAN_TxFifoEmptyCallback            0x08001a4d   Thumb Code    80  can_board.o(.text.HAL_FDCAN_TxFifoEmptyCallback)
    HAL_GPIO_Init                            0x08001a9d   Thumb Code   896  stm32g4xx_hal_gpio.o(.text.HAL_GPIO_Init)
    HAL_GetTick                              0x08001e1d   Thumb Code    12  stm32g4xx_hal.o(.text.HAL_GetTick)
    HAL_IncTick                              0x08001e29   Thumb Code    26  stm32g4xx_hal.o(.text.HAL_IncTick)
    HAL_Init                                 0x08001e45   Thumb Code    48  stm32g4xx_hal.o(.text.HAL_Init)
    HAL_InitTick                             0x08001e75   Thumb Code   136  stm32g4xx_hal.o(.text.HAL_InitTick)
    HAL_MspInit                              0x08001efd   Thumb Code    72  stm32g4xx_hal_msp.o(.text.HAL_MspInit)
    HAL_NVIC_EnableIRQ                       0x08001f45   Thumb Code    20  stm32g4xx_hal_cortex.o(.text.HAL_NVIC_EnableIRQ)
    HAL_NVIC_SetPriority                     0x08001f59   Thumb Code    46  stm32g4xx_hal_cortex.o(.text.HAL_NVIC_SetPriority)
    HAL_NVIC_SetPriorityGrouping             0x08001f89   Thumb Code    16  stm32g4xx_hal_cortex.o(.text.HAL_NVIC_SetPriorityGrouping)
    HAL_PWREx_ControlVoltageScaling          0x08001f99   Thumb Code   436  stm32g4xx_hal_pwr_ex.o(.text.HAL_PWREx_ControlVoltageScaling)
    HAL_PWREx_DisableUCPDDeadBattery         0x0800214d   Thumb Code    18  stm32g4xx_hal_pwr_ex.o(.text.HAL_PWREx_DisableUCPDDeadBattery)
    HAL_RCCEx_PeriphCLKConfig                0x08002161   Thumb Code  1316  stm32g4xx_hal_rcc_ex.o(.text.HAL_RCCEx_PeriphCLKConfig)
    HAL_RCC_ClockConfig                      0x08002685   Thumb Code   806  stm32g4xx_hal_rcc.o(.text.HAL_RCC_ClockConfig)
    HAL_RCC_GetHCLKFreq                      0x080029ad   Thumb Code    12  stm32g4xx_hal_rcc.o(.text.HAL_RCC_GetHCLKFreq)
    HAL_RCC_GetPCLK1Freq                     0x080029b9   Thumb Code    38  stm32g4xx_hal_rcc.o(.text.HAL_RCC_GetPCLK1Freq)
    HAL_RCC_GetPCLK2Freq                     0x080029e1   Thumb Code    38  stm32g4xx_hal_rcc.o(.text.HAL_RCC_GetPCLK2Freq)
    HAL_RCC_GetSysClockFreq                  0x08002a09   Thumb Code   252  stm32g4xx_hal_rcc.o(.text.HAL_RCC_GetSysClockFreq)
    HAL_RCC_OscConfig                        0x08002b05   Thumb Code  1974  stm32g4xx_hal_rcc.o(.text.HAL_RCC_OscConfig)
    HAL_SYSTICK_Config                       0x080032bd   Thumb Code    16  stm32g4xx_hal_cortex.o(.text.HAL_SYSTICK_Config)
    HAL_TIMEx_MasterConfigSynchronization    0x080032cd   Thumb Code   372  stm32g4xx_hal_tim_ex.o(.text.HAL_TIMEx_MasterConfigSynchronization)
    HAL_TIM_Base_Init                        0x08003441   Thumb Code   168  stm32g4xx_hal_tim.o(.text.HAL_TIM_Base_Init)
    HAL_TIM_Base_MspInit                     0x080034e9   Thumb Code    52  tim.o(.text.HAL_TIM_Base_MspInit)
    HAL_TIM_Base_Start                       0x0800351d   Thumb Code   250  stm32g4xx_hal_tim.o(.text.HAL_TIM_Base_Start)
    HAL_TIM_ConfigClockSource                0x08003619   Thumb Code   508  stm32g4xx_hal_tim.o(.text.HAL_TIM_ConfigClockSource)
    HAL_UARTEx_DisableFifoMode               0x08003815   Thumb Code   124  stm32g4xx_hal_uart_ex.o(.text.HAL_UARTEx_DisableFifoMode)
    HAL_UARTEx_RxEventCallback               0x08003891   Thumb Code    12  stm32g4xx_hal_uart.o(.text.HAL_UARTEx_RxEventCallback)
    HAL_UARTEx_RxFifoFullCallback            0x0800389d   Thumb Code     8  stm32g4xx_hal_uart_ex.o(.text.HAL_UARTEx_RxFifoFullCallback)
    HAL_UARTEx_SetRxFifoThreshold            0x080038a5   Thumb Code   140  stm32g4xx_hal_uart_ex.o(.text.HAL_UARTEx_SetRxFifoThreshold)
    HAL_UARTEx_SetTxFifoThreshold            0x08003931   Thumb Code   140  stm32g4xx_hal_uart_ex.o(.text.HAL_UARTEx_SetTxFifoThreshold)
    HAL_UARTEx_TxFifoEmptyCallback           0x080039bd   Thumb Code     8  stm32g4xx_hal_uart_ex.o(.text.HAL_UARTEx_TxFifoEmptyCallback)
    HAL_UARTEx_WakeupCallback                0x080039c5   Thumb Code     8  stm32g4xx_hal_uart_ex.o(.text.HAL_UARTEx_WakeupCallback)
    HAL_UART_ErrorCallback                   0x080039cd   Thumb Code     8  stm32g4xx_hal_uart.o(.text.HAL_UART_ErrorCallback)
    HAL_UART_IRQHandler                      0x080039d5   Thumb Code  1430  stm32g4xx_hal_uart.o(.text.HAL_UART_IRQHandler)
    HAL_UART_Init                            0x08003f6d   Thumb Code   170  stm32g4xx_hal_uart.o(.text.HAL_UART_Init)
    HAL_UART_MspInit                         0x08004019   Thumb Code   340  usart.o(.text.HAL_UART_MspInit)
    HAL_UART_TxCpltCallback                  0x0800416d   Thumb Code     8  stm32g4xx_hal_uart.o(.text.HAL_UART_TxCpltCallback)
    HardFault_Handler                        0x08004175   Thumb Code     4  stm32g4xx_it.o(.text.HardFault_Handler)
    MX_DMA_Init                              0x08004179   Thumb Code   106  dma.o(.text.MX_DMA_Init)
    MX_FDCAN1_Init                           0x080041e5   Thumb Code   222  fdcan.o(.text.MX_FDCAN1_Init)
    MX_FDCAN2_Init                           0x080042c5   Thumb Code   248  fdcan.o(.text.MX_FDCAN2_Init)
    MX_GPIO_Init                             0x080043bd   Thumb Code   126  gpio.o(.text.MX_GPIO_Init)
    MX_TIM2_Init                             0x0800443d   Thumb Code   142  tim.o(.text.MX_TIM2_Init)
    MX_USART1_UART_Init                      0x080044cd   Thumb Code   142  usart.o(.text.MX_USART1_UART_Init)
    MemManage_Handler                        0x0800455d   Thumb Code     4  stm32g4xx_it.o(.text.MemManage_Handler)
    NMI_Handler                              0x08004561   Thumb Code     4  stm32g4xx_it.o(.text.NMI_Handler)
    PID_Init                                 0x080045d1   Thumb Code   192  pid.o(.text.PID_Init)
    PendSV_Handler                           0x08004691   Thumb Code     2  stm32g4xx_it.o(.text.PendSV_Handler)
    SVC_Handler                              0x08004871   Thumb Code     2  stm32g4xx_it.o(.text.SVC_Handler)
    SysTick_Handler                          0x080048c9   Thumb Code     8  stm32g4xx_it.o(.text.SysTick_Handler)
    SystemClock_Config                       0x080048d1   Thumb Code   114  main.o(.text.SystemClock_Config)
    SystemInit                               0x08004945   Thumb Code    18  system_stm32g4xx.o(.text.SystemInit)
    TIM_Base_SetConfig                       0x08004959   Thumb Code   474  stm32g4xx_hal_tim.o(.text.TIM_Base_SetConfig)
    TIM_ETR_SetConfig                        0x08004b35   Thumb Code    52  stm32g4xx_hal_tim.o(.text.TIM_ETR_SetConfig)
    UART_AdvFeatureConfig                    0x08004dad   Thumb Code   328  stm32g4xx_hal_uart.o(.text.UART_AdvFeatureConfig)
    UART_CheckIdleState                      0x08004ef5   Thumb Code   326  stm32g4xx_hal_uart.o(.text.UART_CheckIdleState)
    UART_SetConfig                           0x08005139   Thumb Code  1506  stm32g4xx_hal_uart.o(.text.UART_SetConfig)
    UART_WaitOnFlagUntilTimeout              0x0800571d   Thumb Code   268  stm32g4xx_hal_uart.o(.text.UART_WaitOnFlagUntilTimeout)
    USART1_IRQHandler                        0x08005829   Thumb Code    16  stm32g4xx_it.o(.text.USART1_IRQHandler)
    UsageFault_Handler                       0x08005839   Thumb Code     4  stm32g4xx_it.o(.text.UsageFault_Handler)
    _stm32_CAN_Init                          0x08005cb9   Thumb Code   100  can_board.o(.text._stm32_CAN_Init)
    do_initcalls                             0x08005d25   Thumb Code    82  initcall.o(.text.do_initcalls)
    dv_motor_Enable                          0x08005d79   Thumb Code    40  dv_motor_base.o(.text.dv_motor_Enable)
    dv_motor_base_init                       0x08005da1   Thumb Code    44  dv_motor_base.o(.text.dv_motor_base_init)
    dv_motor_can_init                        0x08005e15   Thumb Code    80  dv_motor_can.o(.text.dv_motor_can_init)
    main                                     0x08005e65   Thumb Code    96  main.o(.text.main)
    platform_can_bus_register                0x08005f5d   Thumb Code    98  platform_can.o(.text.platform_can_bus_register)
    platform_can_get_device                  0x08005fc1   Thumb Code    68  platform_can.o(.text.platform_can_get_device)
    platform_can_send                        0x08006005   Thumb Code    92  platform_can.o(.text.platform_can_send)
    platform_hw_can_init                     0x08006061   Thumb Code    48  can_board.o(.text.platform_hw_can_init)
    platform_init                            0x08006091   Thumb Code     8  platform_init.o(.text.platform_init)
    __scatterload_copy                       0x08006155   Thumb Code    14  handlers.o(i.__scatterload_copy)
    __scatterload_null                       0x08006163   Thumb Code     2  handlers.o(i.__scatterload_null)
    __scatterload_zeroinit                   0x08006165   Thumb Code    14  handlers.o(i.__scatterload_zeroinit)
    AHBPrescTable                            0x08006172   Data          16  system_stm32g4xx.o(.rodata.AHBPrescTable)
    APBPrescTable                            0x08006182   Data           8  system_stm32g4xx.o(.rodata.APBPrescTable)
    UARTPrescTable                           0x080061aa   Data          24  stm32g4xx_hal_uart.o(.rodata.UARTPrescTable)
    Region$$Table$$Base                      0x080061dc   Number         0  anon$$obj.o(Region$$Table)
    Region$$Table$$Limit                     0x080061fc   Number         0  anon$$obj.o(Region$$Table)
    SHT$$INIT_ARRAY$$Base                    0x080061fc   Number         0  platform_init.o(.init_array)
    SHT$$INIT_ARRAY$$Limit                   0x08006204   Number         0  cpp_init.o(.init_array)
    SystemCoreClock                          0x20000000   Data           4  system_stm32g4xx.o(.data.SystemCoreClock)
    uwTickFreq                               0x20000004   Data           4  stm32g4xx_hal.o(.data.uwTickFreq)
    uwTickPrio                               0x20000008   Data           4  stm32g4xx_hal.o(.data.uwTickPrio)
    hdma_usart1_rx                           0x200010ec   Data          96  usart.o(.bss.hdma_usart1_rx)
    hdma_usart1_tx                           0x2000114c   Data          96  usart.o(.bss.hdma_usart1_tx)
    hfdcan1                                  0x200011ac   Data         100  fdcan.o(.bss.hfdcan1)
    hfdcan2                                  0x20001210   Data         100  fdcan.o(.bss.hfdcan2)
    htim2                                    0x20001274   Data          76  tim.o(.bss.htim2)
    huart1                                   0x200012c0   Data         148  usart.o(.bss.huart1)
    initcall_count                           0x20001354   Data           4  initcall.o(.bss.initcall_count)
    initcall_levels                          0x20001358   Data         512  initcall.o(.bss.initcall_levels)
    initcall_table                           0x20001558   Data         512  initcall.o(.bss.initcall_table)
    pid                                      0x20001758   Data         104  main.o(.bss.pid)
    s_moto_can1                              0x200017c0   Data          16  board.o(.bss.s_moto_can1)
    s_moto_can2                              0x200017d0   Data          16  board.o(.bss.s_moto_can2)
    uwTick                                   0x200017e0   Data           4  stm32g4xx_hal.o(.bss.uwTick)
    __initial_sp                             0x20001be8   Data           0  startup_stm32g474xx.o(STACK)



==============================================================================

Memory Map of the image

  Image Entry point : 0x080001d9

  Load Region LR_IROM1 (Base: 0x08000000, Size: 0x00006218, Max: 0x00080000, ABSOLUTE)

    Execution Region ER_IROM1 (Exec base: 0x08000000, Load base: 0x08000000, Size: 0x00006204, Max: 0x00080000, ABSOLUTE)

    Exec Addr    Load Addr    Size         Type   Attr      Idx    E Section Name        Object

    0x08000000   0x08000000   0x000001d8   Data   RO            3    RESET               startup_stm32g474xx.o
    0x080001d8   0x080001d8   0x00000000   Code   RO         1629  * .ARM.Collect$$$$00000000  mc_w.l(entry.o)
    0x080001d8   0x080001d8   0x00000004   Code   RO         1641    .ARM.Collect$$$$00000001  mc_w.l(entry2.o)
    0x080001dc   0x080001dc   0x00000004   Code   RO         1644    .ARM.Collect$$$$00000004  mc_w.l(entry5.o)
    0x080001e0   0x080001e0   0x00000000   Code   RO         1646    .ARM.Collect$$$$00000008  mc_w.l(entry7b.o)
    0x080001e0   0x080001e0   0x00000004   Code   RO         1647    .ARM.Collect$$$$00000009  mc_w.l(entry8a.o)
    0x080001e4   0x080001e4   0x00000000   Code   RO         1648    .ARM.Collect$$$$0000000A  mc_w.l(entry8b.o)
    0x080001e4   0x080001e4   0x00000008   Code   RO         1649    .ARM.Collect$$$$0000000B  mc_w.l(entry9a.o)
    0x080001ec   0x080001ec   0x00000000   Code   RO         1651    .ARM.Collect$$$$0000000D  mc_w.l(entry10a.o)
    0x080001ec   0x080001ec   0x00000000   Code   RO         1653    .ARM.Collect$$$$0000000F  mc_w.l(entry11a.o)
    0x080001ec   0x080001ec   0x00000004   Code   RO         1642    .ARM.Collect$$$$00002712  mc_w.l(entry2.o)
    0x080001f0   0x080001f0   0x00000024   Code   RO            4    .text               startup_stm32g474xx.o
    0x08000214   0x08000214   0x00000062   Code   RO         1632    .text               mc_w.l(uldiv.o)
    0x08000276   0x08000276   0x00000024   Code   RO         1634    .text               mc_w.l(memseta.o)
    0x0800029a   0x0800029a   0x00000002   PAD
    0x0800029c   0x0800029c   0x00000020   Code   RO         1639    .text               mc_w.l(cpp_init.o)
    0x080002bc   0x080002bc   0x0000001e   Code   RO         1655    .text               mc_w.l(llshl.o)
    0x080002da   0x080002da   0x00000020   Code   RO         1657    .text               mc_w.l(llushr.o)
    0x080002fa   0x080002fa   0x00000002   PAD
    0x080002fc   0x080002fc   0x00000024   Code   RO         1663    .text               mc_w.l(init.o)
    0x08000320   0x08000320   0x00000004   Code   RO          103    .text.BusFault_Handler  stm32g4xx_it.o
    0x08000324   0x08000324   0x000000ac   Code   RO         1479    .text.CanDataTransferToQueue  can_board.o
    0x080003d0   0x080003d0   0x000000a6   Code   RO         1475    .text.Can_SendQueue_POP  can_board.o
    0x08000476   0x08000476   0x00000002   PAD
    0x08000478   0x08000478   0x00000010   Code   RO          115    .text.DMA1_Channel1_IRQHandler  stm32g4xx_it.o
    0x08000488   0x08000488   0x00000010   Code   RO          117    .text.DMA1_Channel2_IRQHandler  stm32g4xx_it.o
    0x08000498   0x08000498   0x0000008e   Code   RO          592    .text.DMA_CalcDMAMUXChannelBaseAndMask  stm32g4xx_hal_dma.o
    0x08000526   0x08000526   0x00000002   PAD
    0x08000528   0x08000528   0x00000040   Code   RO          594    .text.DMA_CalcDMAMUXRequestGenBaseAndMask  stm32g4xx_hal_dma.o
    0x08000568   0x08000568   0x00000002   Code   RO          109    .text.DebugMon_Handler  stm32g4xx_it.o
    0x0800056a   0x0800056a   0x00000002   PAD
    0x0800056c   0x0800056c   0x0000000e   Code   RO           15    .text.Error_Handler  main.o
    0x0800057a   0x0800057a   0x00000002   PAD
    0x0800057c   0x0800057c   0x00000010   Code   RO          119    .text.FDCAN1_IT0_IRQHandler  stm32g4xx_it.o
    0x0800058c   0x0800058c   0x00000010   Code   RO          123    .text.FDCAN2_IT1_IRQHandler  stm32g4xx_it.o
    0x0800059c   0x0800059c   0x000000d6   Code   RO          144    .text.FDCAN_CalcultateRamBlockAddresses  stm32g4xx_hal_fdcan.o
    0x08000672   0x08000672   0x00000002   PAD
    0x08000674   0x08000674   0x000000b6   Code   RO          204    .text.FDCAN_CopyMessageToRAM  stm32g4xx_hal_fdcan.o
    0x0800072a   0x0800072a   0x00000002   PAD
    0x0800072c   0x0800072c   0x000000b4   Code   RO          604    .text.HAL_DMA_Abort  stm32g4xx_hal_dma.o
    0x080007e0   0x080007e0   0x000000c2   Code   RO          606    .text.HAL_DMA_Abort_IT  stm32g4xx_hal_dma.o
    0x080008a2   0x080008a2   0x00000002   PAD
    0x080008a4   0x080008a4   0x00000156   Code   RO          610    .text.HAL_DMA_IRQHandler  stm32g4xx_hal_dma.o
    0x080009fa   0x080009fa   0x00000002   PAD
    0x080009fc   0x080009fc   0x0000015a   Code   RO          590    .text.HAL_DMA_Init  stm32g4xx_hal_dma.o
    0x08000b56   0x08000b56   0x00000002   PAD
    0x08000b58   0x08000b58   0x0000020a   Code   RO          232    .text.HAL_FDCAN_ActivateNotification  stm32g4xx_hal_fdcan.o
    0x08000d62   0x08000d62   0x00000002   PAD
    0x08000d64   0x08000d64   0x0000009a   Code   RO          202    .text.HAL_FDCAN_AddMessageToTxFifoQ  stm32g4xx_hal_fdcan.o
    0x08000dfe   0x08000dfe   0x00000002   PAD
    0x08000e00   0x08000e00   0x000000b6   Code   RO          156    .text.HAL_FDCAN_ConfigFilter  stm32g4xx_hal_fdcan.o
    0x08000eb6   0x08000eb6   0x00000002   PAD
    0x08000eb8   0x08000eb8   0x00000066   Code   RO          158    .text.HAL_FDCAN_ConfigGlobalFilter  stm32g4xx_hal_fdcan.o
    0x08000f1e   0x08000f1e   0x00000002   PAD
    0x08000f20   0x08000f20   0x0000006c   Code   RO          230    .text.HAL_FDCAN_ConfigInterruptLines  stm32g4xx_hal_fdcan.o
    0x08000f8c   0x08000f8c   0x00000054   Code   RO         1483    .text.HAL_FDCAN_ErrorCallback  can_board.o
    0x08000fe0   0x08000fe0   0x0000000a   Code   RO          256    .text.HAL_FDCAN_ErrorStatusCallback  stm32g4xx_hal_fdcan.o
    0x08000fea   0x08000fea   0x00000002   PAD
    0x08000fec   0x08000fec   0x0000000c   Code   RO          262    .text.HAL_FDCAN_GetError  stm32g4xx_hal_fdcan.o
    0x08000ff8   0x08000ff8   0x0000022c   Code   RO          210    .text.HAL_FDCAN_GetRxMessage  stm32g4xx_hal_fdcan.o
    0x08001224   0x08001224   0x00000018   Code   RO          224    .text.HAL_FDCAN_GetTxFifoFreeLevel  stm32g4xx_hal_fdcan.o
    0x0800123c   0x0800123c   0x00000008   Code   RO          238    .text.HAL_FDCAN_HighPriorityMessageCallback  stm32g4xx_hal_fdcan.o
    0x08001244   0x08001244   0x000002b8   Code   RO          236    .text.HAL_FDCAN_IRQHandler  stm32g4xx_hal_fdcan.o
    0x080014fc   0x080014fc   0x000002cc   Code   RO          140    .text.HAL_FDCAN_Init  stm32g4xx_hal_fdcan.o
    0x080017c8   0x080017c8   0x00000192   Code   RO           53    .text.HAL_FDCAN_MspInit  fdcan.o
    0x0800195a   0x0800195a   0x00000002   PAD
    0x0800195c   0x0800195c   0x00000036   Code   RO         1477    .text.HAL_FDCAN_RxFifo0Callback  can_board.o
    0x08001992   0x08001992   0x00000002   PAD
    0x08001994   0x08001994   0x00000038   Code   RO         1481    .text.HAL_FDCAN_RxFifo1Callback  can_board.o
    0x080019cc   0x080019cc   0x0000004a   Code   RO          200    .text.HAL_FDCAN_Start  stm32g4xx_hal_fdcan.o
    0x08001a16   0x08001a16   0x00000002   PAD
    0x08001a18   0x08001a18   0x00000008   Code   RO          254    .text.HAL_FDCAN_TimeoutOccurredCallback  stm32g4xx_hal_fdcan.o
    0x08001a20   0x08001a20   0x00000008   Code   RO          252    .text.HAL_FDCAN_TimestampWraparoundCallback  stm32g4xx_hal_fdcan.o
    0x08001a28   0x08001a28   0x0000000a   Code   RO          240    .text.HAL_FDCAN_TxBufferAbortCallback  stm32g4xx_hal_fdcan.o
    0x08001a32   0x08001a32   0x00000002   PAD
    0x08001a34   0x08001a34   0x0000000a   Code   RO          250    .text.HAL_FDCAN_TxBufferCompleteCallback  stm32g4xx_hal_fdcan.o
    0x08001a3e   0x08001a3e   0x00000002   PAD
    0x08001a40   0x08001a40   0x0000000a   Code   RO          242    .text.HAL_FDCAN_TxEventFifoCallback  stm32g4xx_hal_fdcan.o
    0x08001a4a   0x08001a4a   0x00000002   PAD
    0x08001a4c   0x08001a4c   0x00000050   Code   RO         1473    .text.HAL_FDCAN_TxFifoEmptyCallback  can_board.o
    0x08001a9c   0x08001a9c   0x00000380   Code   RO          542    .text.HAL_GPIO_Init  stm32g4xx_hal_gpio.o
    0x08001e1c   0x08001e1c   0x0000000c   Code   RO          284    .text.HAL_GetTick   stm32g4xx_hal.o
    0x08001e28   0x08001e28   0x0000001a   Code   RO          282    .text.HAL_IncTick   stm32g4xx_hal.o
    0x08001e42   0x08001e42   0x00000002   PAD
    0x08001e44   0x08001e44   0x00000030   Code   RO          272    .text.HAL_Init      stm32g4xx_hal.o
    0x08001e74   0x08001e74   0x00000088   Code   RO          274    .text.HAL_InitTick  stm32g4xx_hal.o
    0x08001efc   0x08001efc   0x00000048   Code   RO          132    .text.HAL_MspInit   stm32g4xx_hal_msp.o
    0x08001f44   0x08001f44   0x00000014   Code   RO          776    .text.HAL_NVIC_EnableIRQ  stm32g4xx_hal_cortex.o
    0x08001f58   0x08001f58   0x0000002e   Code   RO          768    .text.HAL_NVIC_SetPriority  stm32g4xx_hal_cortex.o
    0x08001f86   0x08001f86   0x00000002   PAD
    0x08001f88   0x08001f88   0x00000010   Code   RO          764    .text.HAL_NVIC_SetPriorityGrouping  stm32g4xx_hal_cortex.o
    0x08001f98   0x08001f98   0x000001b4   Code   RO          685    .text.HAL_PWREx_ControlVoltageScaling  stm32g4xx_hal_pwr_ex.o
    0x0800214c   0x0800214c   0x00000012   Code   RO          755    .text.HAL_PWREx_DisableUCPDDeadBattery  stm32g4xx_hal_pwr_ex.o
    0x0800215e   0x0800215e   0x00000002   PAD
    0x08002160   0x08002160   0x00000524   Code   RO          397    .text.HAL_RCCEx_PeriphCLKConfig  stm32g4xx_hal_rcc_ex.o
    0x08002684   0x08002684   0x00000326   Code   RO          362    .text.HAL_RCC_ClockConfig  stm32g4xx_hal_rcc.o
    0x080029aa   0x080029aa   0x00000002   PAD
    0x080029ac   0x080029ac   0x0000000c   Code   RO          370    .text.HAL_RCC_GetHCLKFreq  stm32g4xx_hal_rcc.o
    0x080029b8   0x080029b8   0x00000026   Code   RO          372    .text.HAL_RCC_GetPCLK1Freq  stm32g4xx_hal_rcc.o
    0x080029de   0x080029de   0x00000002   PAD
    0x080029e0   0x080029e0   0x00000026   Code   RO          374    .text.HAL_RCC_GetPCLK2Freq  stm32g4xx_hal_rcc.o
    0x08002a06   0x08002a06   0x00000002   PAD
    0x08002a08   0x08002a08   0x000000fc   Code   RO          366    .text.HAL_RCC_GetSysClockFreq  stm32g4xx_hal_rcc.o
    0x08002b04   0x08002b04   0x000007b6   Code   RO          360    .text.HAL_RCC_OscConfig  stm32g4xx_hal_rcc.o
    0x080032ba   0x080032ba   0x00000002   PAD
    0x080032bc   0x080032bc   0x00000010   Code   RO          788    .text.HAL_SYSTICK_Config  stm32g4xx_hal_cortex.o
    0x080032cc   0x080032cc   0x00000174   Code   RO         1156    .text.HAL_TIMEx_MasterConfigSynchronization  stm32g4xx_hal_tim_ex.o
    0x08003440   0x08003440   0x000000a8   Code   RO          839    .text.HAL_TIM_Base_Init  stm32g4xx_hal_tim.o
    0x080034e8   0x080034e8   0x00000034   Code   RO           69    .text.HAL_TIM_Base_MspInit  tim.o
    0x0800351c   0x0800351c   0x000000fa   Code   RO          849    .text.HAL_TIM_Base_Start  stm32g4xx_hal_tim.o
    0x08003616   0x08003616   0x00000002   PAD
    0x08003618   0x08003618   0x000001fc   Code   RO         1035    .text.HAL_TIM_ConfigClockSource  stm32g4xx_hal_tim.o
    0x08003814   0x08003814   0x0000007c   Code   RO         1403    .text.HAL_UARTEx_DisableFifoMode  stm32g4xx_hal_uart_ex.o
    0x08003890   0x08003890   0x0000000c   Code   RO         1327    .text.HAL_UARTEx_RxEventCallback  stm32g4xx_hal_uart.o
    0x0800389c   0x0800389c   0x00000008   Code   RO         1385    .text.HAL_UARTEx_RxFifoFullCallback  stm32g4xx_hal_uart_ex.o
    0x080038a4   0x080038a4   0x0000008c   Code   RO         1407    .text.HAL_UARTEx_SetRxFifoThreshold  stm32g4xx_hal_uart_ex.o
    0x08003930   0x08003930   0x0000008c   Code   RO         1405    .text.HAL_UARTEx_SetTxFifoThreshold  stm32g4xx_hal_uart_ex.o
    0x080039bc   0x080039bc   0x00000008   Code   RO         1387    .text.HAL_UARTEx_TxFifoEmptyCallback  stm32g4xx_hal_uart_ex.o
    0x080039c4   0x080039c4   0x00000008   Code   RO         1383    .text.HAL_UARTEx_WakeupCallback  stm32g4xx_hal_uart_ex.o
    0x080039cc   0x080039cc   0x00000008   Code   RO         1325    .text.HAL_UART_ErrorCallback  stm32g4xx_hal_uart.o
    0x080039d4   0x080039d4   0x00000596   Code   RO         1321    .text.HAL_UART_IRQHandler  stm32g4xx_hal_uart.o
    0x08003f6a   0x08003f6a   0x00000002   PAD
    0x08003f6c   0x08003f6c   0x000000aa   Code   RO         1233    .text.HAL_UART_Init  stm32g4xx_hal_uart.o
    0x08004016   0x08004016   0x00000002   PAD
    0x08004018   0x08004018   0x00000154   Code   RO           83    .text.HAL_UART_MspInit  usart.o
    0x0800416c   0x0800416c   0x00000008   Code   RO         1331    .text.HAL_UART_TxCpltCallback  stm32g4xx_hal_uart.o
    0x08004174   0x08004174   0x00000004   Code   RO           99    .text.HardFault_Handler  stm32g4xx_it.o
    0x08004178   0x08004178   0x0000006a   Code   RO           41    .text.MX_DMA_Init   dma.o
    0x080041e2   0x080041e2   0x00000002   PAD
    0x080041e4   0x080041e4   0x000000de   Code   RO           49    .text.MX_FDCAN1_Init  fdcan.o
    0x080042c2   0x080042c2   0x00000002   PAD
    0x080042c4   0x080042c4   0x000000f8   Code   RO           51    .text.MX_FDCAN2_Init  fdcan.o
    0x080043bc   0x080043bc   0x0000007e   Code   RO           33    .text.MX_GPIO_Init  gpio.o
    0x0800443a   0x0800443a   0x00000002   PAD
    0x0800443c   0x0800443c   0x0000008e   Code   RO           67    .text.MX_TIM2_Init  tim.o
    0x080044ca   0x080044ca   0x00000002   PAD
    0x080044cc   0x080044cc   0x0000008e   Code   RO           81    .text.MX_USART1_UART_Init  usart.o
    0x0800455a   0x0800455a   0x00000002   PAD
    0x0800455c   0x0800455c   0x00000004   Code   RO          101    .text.MemManage_Handler  stm32g4xx_it.o
    0x08004560   0x08004560   0x00000004   Code   RO           97    .text.NMI_Handler   stm32g4xx_it.o
    0x08004564   0x08004564   0x0000006c   Code   RO          774    .text.NVIC_EncodePriority  stm32g4xx_hal_cortex.o
    0x080045d0   0x080045d0   0x000000c0   Code   RO         1581    .text.PID_Init      pid.o
    0x08004690   0x08004690   0x00000002   Code   RO          111    .text.PendSV_Handler  stm32g4xx_it.o
    0x08004692   0x08004692   0x00000002   PAD
    0x08004694   0x08004694   0x0000005e   Code   RO         1489    .text.QueueDe       can_board.o
    0x080046f2   0x080046f2   0x00000002   PAD
    0x080046f4   0x080046f4   0x00000016   Code   RO         1487    .text.QueueEmpty    can_board.o
    0x0800470a   0x0800470a   0x00000002   PAD
    0x0800470c   0x0800470c   0x00000064   Code   RO         1491    .text.QueueEn       can_board.o
    0x08004770   0x08004770   0x00000022   Code   RO         1493    .text.QueueFull     can_board.o
    0x08004792   0x08004792   0x00000002   PAD
    0x08004794   0x08004794   0x00000022   Code   RO         1471    .text.QueueInit     can_board.o
    0x080047b6   0x080047b6   0x00000002   PAD
    0x080047b8   0x080047b8   0x0000001c   Code   RO         1499    .text.QueueLength   can_board.o
    0x080047d4   0x080047d4   0x0000009c   Code   RO          364    .text.RCC_GetSysClockFreqFromPLLSource  stm32g4xx_hal_rcc.o
    0x08004870   0x08004870   0x00000002   Code   RO          107    .text.SVC_Handler   stm32g4xx_it.o
    0x08004872   0x08004872   0x00000002   PAD
    0x08004874   0x08004874   0x00000052   Code   RO          790    .text.SysTick_Config  stm32g4xx_hal_cortex.o
    0x080048c6   0x080048c6   0x00000002   PAD
    0x080048c8   0x080048c8   0x00000008   Code   RO          113    .text.SysTick_Handler  stm32g4xx_it.o
    0x080048d0   0x080048d0   0x00000072   Code   RO           13    .text.SystemClock_Config  main.o
    0x08004942   0x08004942   0x00000002   PAD
    0x08004944   0x08004944   0x00000012   Code   RO         1426    .text.SystemInit    system_stm32g4xx.o
    0x08004956   0x08004956   0x00000002   PAD
    0x08004958   0x08004958   0x000001da   Code   RO          843    .text.TIM_Base_SetConfig  stm32g4xx_hal_tim.o
    0x08004b32   0x08004b32   0x00000002   PAD
    0x08004b34   0x08004b34   0x00000034   Code   RO         1033    .text.TIM_ETR_SetConfig  stm32g4xx_hal_tim.o
    0x08004b68   0x08004b68   0x00000030   Code   RO         1039    .text.TIM_ITRx_SetConfig  stm32g4xx_hal_tim.o
    0x08004b98   0x08004b98   0x000000bc   Code   RO         1037    .text.TIM_TI1_ConfigInputStage  stm32g4xx_hal_tim.o
    0x08004c54   0x08004c54   0x000000d0   Code   RO         1041    .text.TIM_TI2_ConfigInputStage  stm32g4xx_hal_tim.o
    0x08004d24   0x08004d24   0x00000086   Code   RO         1401    .text.UARTEx_SetNbDataToProcess  stm32g4xx_hal_uart_ex.o
    0x08004daa   0x08004daa   0x00000002   PAD
    0x08004dac   0x08004dac   0x00000148   Code   RO         1237    .text.UART_AdvFeatureConfig  stm32g4xx_hal_uart.o
    0x08004ef4   0x08004ef4   0x00000146   Code   RO         1241    .text.UART_CheckIdleState  stm32g4xx_hal_uart.o
    0x0800503a   0x0800503a   0x00000002   PAD
    0x0800503c   0x0800503c   0x00000016   Code   RO         1323    .text.UART_DMAAbortOnError  stm32g4xx_hal_uart.o
    0x08005052   0x08005052   0x00000002   PAD
    0x08005054   0x08005054   0x0000009e   Code   RO         1293    .text.UART_EndRxTransfer  stm32g4xx_hal_uart.o
    0x080050f2   0x080050f2   0x00000002   PAD
    0x080050f4   0x080050f4   0x00000044   Code   RO         1329    .text.UART_EndTransmit_IT  stm32g4xx_hal_uart.o
    0x08005138   0x08005138   0x000005e2   Code   RO         1239    .text.UART_SetConfig  stm32g4xx_hal_uart.o
    0x0800571a   0x0800571a   0x00000002   PAD
    0x0800571c   0x0800571c   0x0000010c   Code   RO         1255    .text.UART_WaitOnFlagUntilTimeout  stm32g4xx_hal_uart.o
    0x08005828   0x08005828   0x00000010   Code   RO          121    .text.USART1_IRQHandler  stm32g4xx_it.o
    0x08005838   0x08005838   0x00000004   Code   RO          105    .text.UsageFault_Handler  stm32g4xx_it.o
    0x0800583c   0x0800583c   0x00000030   Code   RO          778    .text.__NVIC_EnableIRQ  stm32g4xx_hal_cortex.o
    0x0800586c   0x0800586c   0x00000010   Code   RO          770    .text.__NVIC_GetPriorityGrouping  stm32g4xx_hal_cortex.o
    0x0800587c   0x0800587c   0x00000042   Code   RO          772    .text.__NVIC_SetPriority  stm32g4xx_hal_cortex.o
    0x080058be   0x080058be   0x00000002   PAD
    0x080058c0   0x080058c0   0x0000003c   Code   RO          766    .text.__NVIC_SetPriorityGrouping  stm32g4xx_hal_cortex.o
    0x080058fc   0x080058fc   0x00000048   Code   RO         1551    .text.__reg_board_init  board.o
    0x08005944   0x08005944   0x00000048   Code   RO         1442    .text.__reg_platform_init  platform_init.o
    0x0800598c   0x0800598c   0x00000086   Code   RO         1497    .text._stm32CAN1_ReceiveData  can_board.o
    0x08005a12   0x08005a12   0x00000002   PAD
    0x08005a14   0x08005a14   0x00000106   Code   RO         1495    .text._stm32CAN1_SendData  can_board.o
    0x08005b1a   0x08005b1a   0x00000002   PAD
    0x08005b1c   0x08005b1c   0x00000086   Code   RO         1503    .text._stm32CAN2_ReceiveData  can_board.o
    0x08005ba2   0x08005ba2   0x00000002   PAD
    0x08005ba4   0x08005ba4   0x00000114   Code   RO         1501    .text._stm32CAN2_SendData  can_board.o
    0x08005cb8   0x08005cb8   0x00000064   Code   RO         1469    .text._stm32_CAN_Init  can_board.o
    0x08005d1c   0x08005d1c   0x00000008   Code   RO         1553    .text.board_init    board.o
    0x08005d24   0x08005d24   0x00000052   Code   RO         1567    .text.do_initcalls  initcall.o
    0x08005d76   0x08005d76   0x00000002   PAD
    0x08005d78   0x08005d78   0x00000028   Code   RO         1524    .text.dv_motor_Enable  dv_motor_base.o
    0x08005da0   0x08005da0   0x0000002c   Code   RO         1528    .text.dv_motor_base_init  dv_motor_base.o
    0x08005dcc   0x08005dcc   0x00000024   Code   RO         1541    .text.dv_motor_can_Disable  dv_motor_can.o
    0x08005df0   0x08005df0   0x00000024   Code   RO         1539    .text.dv_motor_can_Enable  dv_motor_can.o
    0x08005e14   0x08005e14   0x00000050   Code   RO         1537    .text.dv_motor_can_init  dv_motor_can.o
    0x08005e64   0x08005e64   0x00000060   Code   RO           11    .text.main          main.o
    0x08005ec4   0x08005ec4   0x0000007c   Code   RO         1555    .text.motor_board_init  board.o
    0x08005f40   0x08005f40   0x0000001c   Code   RO         1583    .text.pid_isfinitef  pid.o
    0x08005f5c   0x08005f5c   0x00000062   Code   RO         1452    .text.platform_can_bus_register  platform_can.o
    0x08005fbe   0x08005fbe   0x00000002   PAD
    0x08005fc0   0x08005fc0   0x00000044   Code   RO         1454    .text.platform_can_get_device  platform_can.o
    0x08006004   0x08006004   0x0000005c   Code   RO         1456    .text.platform_can_send  platform_can.o
    0x08006060   0x08006060   0x00000030   Code   RO         1485    .text.platform_hw_can_init  can_board.o
    0x08006090   0x08006090   0x00000008   Code   RO         1440    .text.platform_init  platform_init.o
    0x08006098   0x08006098   0x000000bc   Code   RO         1569    .text.sort_initcalls  initcall.o
    0x08006154   0x08006154   0x0000000e   Code   RO         1667    i.__scatterload_copy  mc_w.l(handlers.o)
    0x08006162   0x08006162   0x00000002   Code   RO         1668    i.__scatterload_null  mc_w.l(handlers.o)
    0x08006164   0x08006164   0x0000000e   Code   RO         1669    i.__scatterload_zeroinit  mc_w.l(handlers.o)
    0x08006172   0x08006172   0x00000010   Data   RO         1431    .rodata.AHBPrescTable  system_stm32g4xx.o
    0x08006182   0x08006182   0x00000008   Data   RO         1432    .rodata.APBPrescTable  system_stm32g4xx.o
    0x0800618a   0x0800618a   0x00000010   Data   RO          264    .rodata.DLCtoBytes  stm32g4xx_hal_fdcan.o
    0x0800619a   0x0800619a   0x00000008   Data   RO         1418    .rodata.UARTEx_SetNbDataToProcess.denominator  stm32g4xx_hal_uart_ex.o
    0x080061a2   0x080061a2   0x00000008   Data   RO         1417    .rodata.UARTEx_SetNbDataToProcess.numerator  stm32g4xx_hal_uart_ex.o
    0x080061aa   0x080061aa   0x00000018   Data   RO         1373    .rodata.UARTPrescTable  stm32g4xx_hal_uart.o
    0x080061c2   0x080061c2   0x00000002   PAD
    0x080061c4   0x080061c4   0x00000008   Data   RO         1515    .rodata._stm32_can1_ops  can_board.o
    0x080061cc   0x080061cc   0x00000008   Data   RO         1516    .rodata._stm32_can2_ops  can_board.o
    0x080061d4   0x080061d4   0x00000008   Data   RO         1543    .rodata.can_ops     dv_motor_can.o
    0x080061dc   0x080061dc   0x00000020   Data   RO         1666    Region$$Table       anon$$obj.o
    0x080061fc   0x080061fc   0x00000004   Data   RO         1444    .init_array         platform_init.o
    0x08006200   0x080061fc   0x00000004   Data   RO         1559    .init_array         board.o
    0x08006204   0x080061fc   0x00000000   Data   RO         1637    .init_array         mc_w.l(cpp_init.o)


    Execution Region RW_IRAM1 (Exec base: 0x20000000, Load base: 0x08006208, Size: 0x00001be8, Max: 0x00020000, ABSOLUTE)

    Exec Addr    Load Addr    Size         Type   Attr      Idx    E Section Name        Object

    0x20000000   0x08006208   0x00000004   Data   RW         1430    .data.SystemCoreClock  system_stm32g4xx.o
    0x20000004   0x0800620c   0x00000004   Data   RW          349    .data.uwTickFreq    stm32g4xx_hal.o
    0x20000008   0x08006210   0x00000004   Data   RW          348    .data.uwTickPrio    stm32g4xx_hal.o
    0x2000000c   0x08006214   0x00000004   PAD
    0x20000010        -       0x00000640   Zero   RW         1506    .bss.CAN1RevBuff    can_board.o
    0x20000650        -       0x00000200   Zero   RW         1508    .bss.CAN1SendBuff   can_board.o
    0x20000850        -       0x00000640   Zero   RW         1510    .bss.CAN2RevBuff    can_board.o
    0x20000e90        -       0x00000200   Zero   RW         1512    .bss.CAN2SendBuff   can_board.o
    0x20001090        -       0x00000010   Zero   RW         1505    .bss.Can1_RevQueue  can_board.o
    0x200010a0        -       0x00000010   Zero   RW         1507    .bss.Can1_SendQueue  can_board.o
    0x200010b0        -       0x00000010   Zero   RW         1509    .bss.Can2_RevQueue  can_board.o
    0x200010c0        -       0x00000010   Zero   RW         1511    .bss.Can2_SendQueue  can_board.o
    0x200010d0        -       0x00000004   Zero   RW           59    .bss.HAL_RCC_FDCAN_CLK_ENABLED  fdcan.o
    0x200010d4        -       0x00000008   Zero   RW         1513    .bss._stm32_can1_bus  can_board.o
    0x200010dc        -       0x00000008   Zero   RW         1514    .bss._stm32_can2_bus  can_board.o
    0x200010e4        -       0x00000004   Zero   RW         1460    .bss.g_stm32_can1_bus  platform_can.o
    0x200010e8        -       0x00000004   Zero   RW         1461    .bss.g_stm32_can2_bus  platform_can.o
    0x200010ec        -       0x00000060   Zero   RW           88    .bss.hdma_usart1_rx  usart.o
    0x2000114c        -       0x00000060   Zero   RW           89    .bss.hdma_usart1_tx  usart.o
    0x200011ac        -       0x00000064   Zero   RW           57    .bss.hfdcan1        fdcan.o
    0x20001210        -       0x00000064   Zero   RW           58    .bss.hfdcan2        fdcan.o
    0x20001274        -       0x0000004c   Zero   RW           73    .bss.htim2          tim.o
    0x200012c0        -       0x00000094   Zero   RW           87    .bss.huart1         usart.o
    0x20001354        -       0x00000004   Zero   RW         1571    .bss.initcall_count  initcall.o
    0x20001358        -       0x00000200   Zero   RW         1573    .bss.initcall_levels  initcall.o
    0x20001558        -       0x00000200   Zero   RW         1572    .bss.initcall_table  initcall.o
    0x20001758        -       0x00000068   Zero   RW           23    .bss.pid            main.o
    0x200017c0        -       0x00000010   Zero   RW         1557    .bss.s_moto_can1    board.o
    0x200017d0        -       0x00000010   Zero   RW         1558    .bss.s_moto_can2    board.o
    0x200017e0        -       0x00000004   Zero   RW          350    .bss.uwTick         stm32g4xx_hal.o
    0x200017e4   0x08006214   0x00000004   PAD
    0x200017e8        -       0x00000400   Zero   RW            1    STACK               startup_stm32g474xx.o


==============================================================================

Image component sizes


      Code (inc. data)   RO Data    RW Data    ZI Data      Debug   Object Name

       204          0          4          0         32       1685   board.o
      1878          0         16          0       4304       9031   can_board.o
       106          0          0          0          0       3898   dma.o
        84          0          0          0          0        968   dv_motor_base.o
       152          0          8          0          0       1851   dv_motor_can.o
       872          0          0          0        204       8726   fdcan.o
       126          0          0          0          0       1629   gpio.o
       270          0          0          0       1028       1158   initcall.o
       224          4          0          0        104       2662   main.o
       220          8          0          0          0       7261   pid.o
       258          0          0          0          8       1902   platform_can.o
        80          0          4          0          0        491   platform_init.o
        36          8        472          0       1024        820   startup_stm32g474xx.o
       222          0          0          8          4       9065   stm32g4xx_hal.o
       478          0          0          0          0      10022   stm32g4xx_hal_cortex.o
      1268          0          0          0          0       7762   stm32g4xx_hal_dma.o
      3606          0         16          0          0      18674   stm32g4xx_hal_fdcan.o
       896          0          0          0          0       5317   stm32g4xx_hal_gpio.o
        72          0          0          0          0       1599   stm32g4xx_hal_msp.o
       454          0          0          0          0       7753   stm32g4xx_hal_pwr_ex.o
      3276          0          0          0          0       9506   stm32g4xx_hal_rcc.o
      1316          0          0          0          0      11690   stm32g4xx_hal_rcc_ex.o
      1896          0          0          0          0      37969   stm32g4xx_hal_tim.o
       372          0          0          0          0      21680   stm32g4xx_hal_tim_ex.o
      4304         48         24          0          0      27317   stm32g4xx_hal_uart.o
       562          0         16          0          0       8822   stm32g4xx_hal_uart_ex.o
       114          0          0          0          0       1487   stm32g4xx_it.o
        18          0         24          4          0       2651   system_stm32g4xx.o
       194          0          0          0         76       5907   tim.o
       482          0          0          0        340       9096   usart.o

    ----------------------------------------------------------------------
     24152         68        618         12       7132     238399   Object Totals
         0          0         32          0          0          0   (incl. Generated)
       112          0          2          0          8          0   (incl. Padding)

    ----------------------------------------------------------------------

      Code (inc. data)   RO Data    RW Data    ZI Data      Debug   Library Member Name

        32          8          0          0          0         80   cpp_init.o
         0          0          0          0          0          0   entry.o
         0          0          0          0          0          0   entry10a.o
         0          0          0          0          0          0   entry11a.o
         8          4          0          0          0          0   entry2.o
         4          0          0          0          0          0   entry5.o
         0          0          0          0          0          0   entry7b.o
         4          0          0          0          0          0   entry8a.o
         0          0          0          0          0          0   entry8b.o
         8          4          0          0          0          0   entry9a.o
        30          0          0          0          0          0   handlers.o
        36          8          0          0          0         68   init.o
        30          0          0          0          0         68   llshl.o
        32          0          0          0          0         68   llushr.o
        36          0          0          0          0        108   memseta.o
        98          0          0          0          0         92   uldiv.o

    ----------------------------------------------------------------------
       322         24          0          0          0        484   Library Totals
         4          0          0          0          0          0   (incl. Padding)

    ----------------------------------------------------------------------

      Code (inc. data)   RO Data    RW Data    ZI Data      Debug   Library Name

       318         24          0          0          0        484   mc_w.l

    ----------------------------------------------------------------------
       322         24          0          0          0        484   Library Totals

    ----------------------------------------------------------------------

==============================================================================


      Code (inc. data)   RO Data    RW Data    ZI Data      Debug   

     24474         92        618         12       7132     238371   Grand Totals
     24474         92        618         12       7132     238371   ELF Image Totals
     24474         92        618         12          0          0   ROM Totals

==============================================================================

    Total RO  Size (Code + RO Data)                25092 (  24.50kB)
    Total RW  Size (RW Data + ZI Data)              7144 (   6.98kB)
    Total ROM Size (Code + RO Data + RW Data)      25104 (  24.52kB)

==============================================================================

