Component: Arm Compiler for Embedded 6.19 Tool: armlink [5e73cb00]

==============================================================================

Section Cross References

    startup_stm32f407xx.o(RESET) refers to startup_stm32f407xx.o(STACK) for __initial_sp
    startup_stm32f407xx.o(RESET) refers to startup_stm32f407xx.o(.text) for Reset_Handler
    startup_stm32f407xx.o(RESET) refers to stm32f4xx_it.o(.text.NMI_Handler) for NMI_Handler
    startup_stm32f407xx.o(RESET) refers to stm32f4xx_it.o(.text.HardFault_Handler) for HardFault_Handler
    startup_stm32f407xx.o(RESET) refers to stm32f4xx_it.o(.text.MemManage_Handler) for MemManage_Handler
    startup_stm32f407xx.o(RESET) refers to stm32f4xx_it.o(.text.BusFault_Handler) for BusFault_Handler
    startup_stm32f407xx.o(RESET) refers to stm32f4xx_it.o(.text.UsageFault_Handler) for UsageFault_Handler
    startup_stm32f407xx.o(RESET) refers to stm32f4xx_it.o(.text.SVC_Handler) for SVC_Handler
    startup_stm32f407xx.o(RESET) refers to stm32f4xx_it.o(.text.DebugMon_Handler) for DebugMon_Handler
    startup_stm32f407xx.o(RESET) refers to stm32f4xx_it.o(.text.PendSV_Handler) for PendSV_Handler
    startup_stm32f407xx.o(RESET) refers to stm32f4xx_it.o(.text.SysTick_Handler) for SysTick_Handler
    startup_stm32f407xx.o(RESET) refers to stm32f4xx_it.o(.text.USART1_IRQHandler) for USART1_IRQHandler
    startup_stm32f407xx.o(RESET) refers to stm32f4xx_it.o(.text.DMA2_Stream2_IRQHandler) for DMA2_Stream2_IRQHandler
    startup_stm32f407xx.o(RESET) refers to stm32f4xx_it.o(.text.DMA2_Stream7_IRQHandler) for DMA2_Stream7_IRQHandler
    startup_stm32f407xx.o(.text) refers to system_stm32f4xx.o(.text.SystemInit) for SystemInit
    startup_stm32f407xx.o(.text) refers to entry.o(.ARM.Collect$$$$00000000) for __main
    main.o(.text.main) refers to stm32f4xx_hal.o(.text.HAL_Init) for HAL_Init
    main.o(.text.main) refers to main.o(.text.SystemClock_Config) for SystemClock_Config
    main.o(.text.main) refers to gpio.o(.text.MX_GPIO_Init) for MX_GPIO_Init
    main.o(.text.main) refers to dma.o(.text.MX_DMA_Init) for MX_DMA_Init
    main.o(.text.main) refers to usart.o(.text.MX_USART1_UART_Init) for MX_USART1_UART_Init
    main.o(.text.main) refers to initcall.o(.text.do_initcalls) for do_initcalls
    main.o(.text.main) refers to shell_port.o(.text.shell_process) for shell_process
    main.o(.ARM.exidx.text.main) refers to main.o(.text.main) for [Anonymous Symbol]
    main.o(.text.SystemClock_Config) refers to memseta.o(.text) for __aeabi_memclr4
    main.o(.text.SystemClock_Config) refers to stm32f4xx_hal_rcc.o(.text.HAL_RCC_OscConfig) for HAL_RCC_OscConfig
    main.o(.text.SystemClock_Config) refers to main.o(.text.Error_Handler) for Error_Handler
    main.o(.text.SystemClock_Config) refers to stm32f4xx_hal_rcc.o(.text.HAL_RCC_ClockConfig) for HAL_RCC_ClockConfig
    main.o(.ARM.exidx.text.SystemClock_Config) refers to main.o(.text.SystemClock_Config) for [Anonymous Symbol]
    main.o(.ARM.exidx.text.Error_Handler) refers to main.o(.text.Error_Handler) for [Anonymous Symbol]
    gpio.o(.text.MX_GPIO_Init) refers to stm32f4xx_hal_gpio.o(.text.HAL_GPIO_WritePin) for HAL_GPIO_WritePin
    gpio.o(.text.MX_GPIO_Init) refers to stm32f4xx_hal_gpio.o(.text.HAL_GPIO_Init) for HAL_GPIO_Init
    gpio.o(.ARM.exidx.text.MX_GPIO_Init) refers to gpio.o(.text.MX_GPIO_Init) for [Anonymous Symbol]
    dma.o(.text.MX_DMA_Init) refers to stm32f4xx_hal_cortex.o(.text.HAL_NVIC_SetPriority) for HAL_NVIC_SetPriority
    dma.o(.text.MX_DMA_Init) refers to stm32f4xx_hal_cortex.o(.text.HAL_NVIC_EnableIRQ) for HAL_NVIC_EnableIRQ
    dma.o(.ARM.exidx.text.MX_DMA_Init) refers to dma.o(.text.MX_DMA_Init) for [Anonymous Symbol]
    usart.o(.text.MX_USART1_UART_Init) refers to usart.o(.bss.huart1) for huart1
    usart.o(.text.MX_USART1_UART_Init) refers to stm32f4xx_hal_uart.o(.text.HAL_UART_Init) for HAL_UART_Init
    usart.o(.text.MX_USART1_UART_Init) refers to main.o(.text.Error_Handler) for Error_Handler
    usart.o(.ARM.exidx.text.MX_USART1_UART_Init) refers to usart.o(.text.MX_USART1_UART_Init) for [Anonymous Symbol]
    usart.o(.text.HAL_UART_MspInit) refers to stm32f4xx_hal_gpio.o(.text.HAL_GPIO_Init) for HAL_GPIO_Init
    usart.o(.text.HAL_UART_MspInit) refers to usart.o(.bss.hdma_usart1_rx) for hdma_usart1_rx
    usart.o(.text.HAL_UART_MspInit) refers to stm32f4xx_hal_dma.o(.text.HAL_DMA_Init) for HAL_DMA_Init
    usart.o(.text.HAL_UART_MspInit) refers to main.o(.text.Error_Handler) for Error_Handler
    usart.o(.text.HAL_UART_MspInit) refers to usart.o(.bss.hdma_usart1_tx) for hdma_usart1_tx
    usart.o(.text.HAL_UART_MspInit) refers to stm32f4xx_hal_cortex.o(.text.HAL_NVIC_SetPriority) for HAL_NVIC_SetPriority
    usart.o(.text.HAL_UART_MspInit) refers to stm32f4xx_hal_cortex.o(.text.HAL_NVIC_EnableIRQ) for HAL_NVIC_EnableIRQ
    usart.o(.ARM.exidx.text.HAL_UART_MspInit) refers to usart.o(.text.HAL_UART_MspInit) for [Anonymous Symbol]
[...]
    i._printf_post_padding                   0x080074d0   Section        0  printfa.o(i._printf_post_padding)
    _printf_pre_padding                      0x080074f5   Thumb Code    46  printfa.o(i._printf_pre_padding)
    i._printf_pre_padding                    0x080074f4   Section        0  printfa.o(i._printf_pre_padding)
    _snputc                                  0x08007523   Thumb Code    22  printfa.o(i._snputc)
    i._snputc                                0x08007522   Section        0  printfa.o(i._snputc)
    _sputc                                   0x08007539   Thumb Code    10  printfa.o(i._sputc)
    i._sputc                                 0x08007538   Section        0  printfa.o(i._sputc)
    DMA_CalcBaseAndBitshift.flagBitshiftOffset 0x0800755a   Data           8  stm32f4xx_hal_dma.o(.rodata.DMA_CalcBaseAndBitshift.flagBitshiftOffset)
    [Anonymous Symbol]                       0x0800755a   Section        0  stm32f4xx_hal_dma.o(.rodata.DMA_CalcBaseAndBitshift.flagBitshiftOffset)
    _stm32_uart1_ops                         0x08007564   Data           8  uart_board.o(.rodata._stm32_uart1_ops)
    [Anonymous Symbol]                       0x08007564   Section        0  uart_board.o(.rodata._stm32_uart1_ops)
    .L.str.1                                 0x080076c8   Data          37  shell_port.o(.rodata.str1.1)
    [Anonymous Symbol]                       0x080076c8   Section        0  shell_port.o(.rodata.str1.1)
    .L.str                                   0x080076ed   Data          52  shell_port.o(.rodata.str1.1)
    .L.str.3                                 0x08007721   Data          52  shell_port.o(.rodata.str1.1)
    .L.str.2                                 0x08007755   Data          52  shell_port.o(.rodata.str1.1)
    .L__FUNCTION__.shell_init                0x08007789   Data          11  shell_port.o(.rodata.str1.1)
    .L.str.3                                 0x08007794   Data           4  shell.o(.rodata.str1.1)
    [Anonymous Symbol]                       0x08007794   Section        0  shell.o(.rodata.str1.1)
    .L.str.2                                 0x080078bb   Data           3  shell.o(.rodata.str1.1)
    .L.str.1                                 0x080078c4   Data           3  shell.o(.rodata.str1.1)
    .L.str.6                                 0x080078c7   Data           3  shell.o(.rodata.str1.1)
    .L.str.32                                0x080078ca   Data           9  shell.o(.rodata.str1.1)
    .L.str.29                                0x080078d3   Data           4  shell.o(.rodata.str1.1)
    .L.str.30                                0x080078f7   Data           2  shell.o(.rodata.str1.1)
    .L.str.28                                0x080078f9   Data           4  shell.o(.rodata.str1.1)
    .L.str.5                                 0x080078fd   Data           2  shell.o(.rodata.str1.1)
    .L.str.4                                 0x08007914   Data           2  shell.o(.rodata.str1.1)
    .L.str                                   0x0800793b   Data           7  shell.o(.rodata.str1.1)
    .L.str.31                                0x08007942   Data           5  shell.o(.rodata.str1.1)
    .L.str                                   0x08007947   Data          72  log.o(.rodata.str1.1)
    [Anonymous Symbol]                       0x08007947   Section        0  log.o(.rodata.str1.1)
    .L.str.7                                 0x0800798f   Data          33  log.o(.rodata.str1.1)
    .L.str.3                                 0x080079b0   Data          72  log.o(.rodata.str1.1)
    .L.str.5                                 0x080079f8   Data           6  log.o(.rodata.str1.1)
    .L.str.6                                 0x080079fe   Data           3  log.o(.rodata.str1.1)
    .L.str.1                                 0x08007a01   Data          49  log.o(.rodata.str1.1)
    .L__FUNCTION__.logSwitchLevel            0x08007a32   Data          15  log.o(.rodata.str1.1)
    .L__FUNCTION__.logSetLevel               0x08007a41   Data          12  log.o(.rodata.str1.1)
    .L.str.4                                 0x08007a4d   Data          19  log.o(.rodata.str1.1)
    .L.str.2                                 0x08007a60   Data          32  log.o(.rodata.str1.1)
    .L.str.4                                 0x08007a80   Data          55  dev_led.o(.rodata.str1.1)
    [Anonymous Symbol]                       0x08007a80   Section        0  dev_led.o(.rodata.str1.1)
    .L.str                                   0x08007ab7   Data          56  dev_led.o(.rodata.str1.1)
    .L.str.3                                 0x08007aef   Data           7  dev_led.o(.rodata.str1.1)
    .L.str.2                                 0x08007af6   Data           4  dev_led.o(.rodata.str1.1)
    .L.str.1                                 0x08007afa   Data           3  dev_led.o(.rodata.str1.1)
    .L__FUNCTION__.dev_led_set               0x08007afd   Data          12  dev_led.o(.rodata.str1.1)
    __tagsym$$used.0                         0x08007b2c   Number         0  shell.o(shellCommand)
    __tagsym$$used.1                         0x08007b3c   Number         0  shell.o(shellCommand)
    __tagsym$$used.2                         0x08007b4c   Number         0  shell.o(shellCommand)
    __tagsym$$used.3                         0x08007b5c   Number         0  shell.o(shellCommand)
    __tagsym$$used.4                         0x08007b6c   Number         0  shell.o(shellCommand)
    __tagsym$$used.5                         0x08007b7c   Number         0  shell.o(shellCommand)
    __tagsym$$used.6                         0x08007b8c   Number         0  shell.o(shellCommand)
    __tagsym$$used.7                         0x08007b9c   Number         0  shell.o(shellCommand)
    __tagsym$$used.8                         0x08007bac   Number         0  shell.o(shellCommand)
    __tagsym$$used.9                         0x08007bbc   Number         0  shell.o(shellCommand)
    __tagsym$$used.10                        0x08007bcc   Number         0  shell.o(shellCommand)
    __tagsym$$used.11                        0x08007bdc   Number         0  shell.o(shellCommand)
    __tagsym$$used.12                        0x08007bec   Number         0  shell.o(shellCommand)
    __tagsym$$used.13                        0x08007bfc   Number         0  shell.o(shellCommand)
    __tagsym$$used.14                        0x08007c0c   Number         0  shell.o(shellCommand)
    __tagsym$$used.15                        0x08007c1c   Number         0  shell.o(shellCommand)
    __tagsym$$used.16                        0x08007c2c   Number         0  shell.o(shellCommand)
    __tagsym$$used.17                        0x08007c3c   Number         0  shell.o(shellCommand)
    __tagsym$$used.0                         0x08007c4c   Number         0  log.o(shellCommand)
    __tagsym$$used.1                         0x08007c5c   Number         0  log.o(shellCommand)
    __tagsym$$used.2                         0x08007c6c   Number         0  log.o(shellCommand)
    __tagsym$$used.0                         0x08007c7c   Number         0  dev_led.o(shellCommand)
    .init_array                              0x08007c98   Section        0  cpp_init.o(.init_array)
    shellText                                0x20000008   Data          84  shell.o(.data.shellText)
    [Anonymous Symbol]                       0x20000008   Section        0  shell.o(.data.shellText)
    Loginfo                                  0x20000068   Data          12  shell_port.o(.bss.Loginfo)
    [Anonymous Symbol]                       0x20000068   Section        0  shell_port.o(.bss.Loginfo)
    Uart1Que                                 0x20000074   Data         536  uart_board.o(.bss.Uart1Que)
    [Anonymous Symbol]                       0x20000074   Section        0  uart_board.o(.bss.Uart1Que)
    _stm32_uart1_bus                         0x2000028c   Data           8  uart_board.o(.bss._stm32_uart1_bus)
    [Anonymous Symbol]                       0x2000028c   Section        0  uart_board.o(.bss._stm32_uart1_bus)
    g_stm32_uart1_bus                        0x20000294   Data           4  platform_uart.o(.bss.g_stm32_uart1_bus)
    [Anonymous Symbol]                       0x20000294   Section        0  platform_uart.o(.bss.g_stm32_uart1_bus)
    logBuffer                                0x200007a4   Data         128  log.o(.bss.logBuffer)
    [Anonymous Symbol]                       0x200007a4   Section        0  log.o(.bss.logBuffer)
    shellGetCommandName.buffer               0x20000838   Data           9  shell.o(.bss.shellGetCommandName.buffer)
    [Anonymous Symbol]                       0x20000838   Section        0  shell.o(.bss.shellGetCommandName.buffer)
    shellList                                0x20000844   Data          20  shell.o(.bss.shellList)
    [Anonymous Symbol]                       0x20000844   Section        0  shell.o(.bss.shellList)
    shell_buffer                             0x20000858   Data         512  shell_port.o(.bss.shell_buffer)
    [Anonymous Symbol]                       0x20000858   Section        0  shell_port.o(.bss.shell_buffer)
    shell_last_was_newline                   0x20000a58   Data           1  shell_port.o(.bss.shell_last_was_newline)
    [Anonymous Symbol]                       0x20000a58   Section        0  shell_port.o(.bss.shell_last_was_newline)
    shell_tx_buffer                          0x20000a59   Data          64  shell_port.o(.bss.shell_tx_buffer)
    [Anonymous Symbol]                       0x20000a59   Section        0  shell_port.o(.bss.shell_tx_buffer)
    shell_tx_length                          0x20000a9c   Data           4  shell_port.o(.bss.shell_tx_length)
    [Anonymous Symbol]                       0x20000a9c   Section        0  shell_port.o(.bss.shell_tx_length)
    shell_user                               0x20000aa0   Data         132  shell_port.o(.bss.shell_user)
    [Anonymous Symbol]                       0x20000aa0   Section        0  shell_port.o(.bss.shell_user)
    usart1_DMA_rxBuff                        0x20000b28   Data         512  uart_board.o(.bss.usart1_DMA_rxBuff)
    [Anonymous Symbol]                       0x20000b28   Section        0  uart_board.o(.bss.usart1_DMA_rxBuff)
    usart1_DMA_txBuff                        0x20000d28   Data          64  uart_board.o(.bss.usart1_DMA_txBuff)
    [Anonymous Symbol]                       0x20000d28   Section        0  uart_board.o(.bss.usart1_DMA_txBuff)
    STACK                                    0x20000d70   Section     1024  startup_stm32f407xx.o(STACK)

    Global Symbols

    Symbol Name                              Value     Ov Type        Size  Object(Section)

    BuildAttributes$$THM_ISAv4$E$P$D$K$B$S$7EM$VFPi3$EXTD16$VFPS$VFMA$PE$A:L22UL41UL21$X:L11$S22US41US21$IEEE1$IW$~IW$USESV6$~STKCKD$USESV7$~SHL$OSPACE$ROPI$EBA8$MICROLIB$REQ8$PRES8$EABIv2 0x00000000   Number         0  anon$$obj.o ABSOLUTE
    __cxa_finalize                            - Undefined Weak Reference
    __decompress                              - Undefined Weak Reference
    _clock_init                               - Undefined Weak Reference
    _microlib_exit                            - Undefined Weak Reference
    __Vectors_Size                           0x00000188   Number         0  startup_stm32f407xx.o ABSOLUTE
    __Vectors                                0x08000000   Data           4  startup_stm32f407xx.o(RESET)
    __Vectors_End                            0x08000188   Data           0  startup_stm32f407xx.o(RESET)
    __main                                   0x08000189   Thumb Code     0  entry.o(.ARM.Collect$$$$00000000)
    _main_stk                                0x08000189   Thumb Code     0  entry2.o(.ARM.Collect$$$$00000001)
    _main_scatterload                        0x0800018d   Thumb Code     0  entry5.o(.ARM.Collect$$$$00000004)
    __main_after_scatterload                 0x08000191   Thumb Code     0  entry5.o(.ARM.Collect$$$$00000004)
    _main_clock                              0x08000191   Thumb Code     0  entry7b.o(.ARM.Collect$$$$00000008)
    _main_cpp_init$empty                     0x08000191   Thumb Code     0  entry8a.o(.ARM.Collect$$$$00000009)
    _main_cpp_init                           0x08000195   Thumb Code     0  entry8b.o(.ARM.Collect$$$$0000000A)
    _main_init                               0x08000195   Thumb Code     0  entry9a.o(.ARM.Collect$$$$0000000B)
    __rt_final_cpp                           0x0800019d   Thumb Code     0  entry10a.o(.ARM.Collect$$$$0000000D)
    __rt_final_exit                          0x0800019d   Thumb Code     0  entry11a.o(.ARM.Collect$$$$0000000F)
    Reset_Handler                            0x080001a1   Thumb Code     8  startup_stm32f407xx.o(.text)
    ADC_IRQHandler                           0x080001bb   Thumb Code     0  startup_stm32f407xx.o(.text)
    CAN1_RX0_IRQHandler                      0x080001bb   Thumb Code     0  startup_stm32f407xx.o(.text)
    CAN1_RX1_IRQHandler                      0x080001bb   Thumb Code     0  startup_stm32f407xx.o(.text)
    CAN1_SCE_IRQHandler                      0x080001bb   Thumb Code     0  startup_stm32f407xx.o(.text)
    CAN1_TX_IRQHandler                       0x080001bb   Thumb Code     0  startup_stm32f407xx.o(.text)
    CAN2_RX0_IRQHandler                      0x080001bb   Thumb Code     0  startup_stm32f407xx.o(.text)
    CAN2_RX1_IRQHandler                      0x080001bb   Thumb Code     0  startup_stm32f407xx.o(.text)
    CAN2_SCE_IRQHandler                      0x080001bb   Thumb Code     0  startup_stm32f407xx.o(.text)
    CAN2_TX_IRQHandler                       0x080001bb   Thumb Code     0  startup_stm32f407xx.o(.text)
    DCMI_IRQHandler                          0x080001bb   Thumb Code     0  startup_stm32f407xx.o(.text)
    DMA1_Stream0_IRQHandler                  0x080001bb   Thumb Code     0  startup_stm32f407xx.o(.text)
    DMA1_Stream1_IRQHandler                  0x080001bb   Thumb Code     0  startup_stm32f407xx.o(.text)
    DMA1_Stream2_IRQHandler                  0x080001bb   Thumb Code     0  startup_stm32f407xx.o(.text)
    DMA1_Stream3_IRQHandler                  0x080001bb   Thumb Code     0  startup_stm32f407xx.o(.text)
    DMA1_Stream4_IRQHandler                  0x080001bb   Thumb Code     0  startup_stm32f407xx.o(.text)
    DMA1_Stream5_IRQHandler                  0x080001bb   Thumb Code     0  startup_stm32f407xx.o(.text)
    DMA1_Stream6_IRQHandler                  0x080001bb   Thumb Code     0  startup_stm32f407xx.o(.text)
    DMA1_Stream7_IRQHandler                  0x080001bb   Thumb Code     0  startup_stm32f407xx.o(.text)
    DMA2_Stream0_IRQHandler                  0x080001bb   Thumb Code     0  startup_stm32f407xx.o(.text)
    DMA2_Stream1_IRQHandler                  0x080001bb   Thumb Code     0  startup_stm32f407xx.o(.text)
    DMA2_Stream3_IRQHandler                  0x080001bb   Thumb Code     0  startup_stm32f407xx.o(.text)
    DMA2_Stream4_IRQHandler                  0x080001bb   Thumb Code     0  startup_stm32f407xx.o(.text)
    DMA2_Stream5_IRQHandler                  0x080001bb   Thumb Code     0  startup_stm32f407xx.o(.text)
    DMA2_Stream6_IRQHandler                  0x080001bb   Thumb Code     0  startup_stm32f407xx.o(.text)
    ETH_IRQHandler                           0x080001bb   Thumb Code     0  startup_stm32f407xx.o(.text)
    ETH_WKUP_IRQHandler                      0x080001bb   Thumb Code     0  startup_stm32f407xx.o(.text)
    EXTI0_IRQHandler                         0x080001bb   Thumb Code     0  startup_stm32f407xx.o(.text)
    EXTI15_10_IRQHandler                     0x080001bb   Thumb Code     0  startup_stm32f407xx.o(.text)
    EXTI1_IRQHandler                         0x080001bb   Thumb Code     0  startup_stm32f407xx.o(.text)
    EXTI2_IRQHandler                         0x080001bb   Thumb Code     0  startup_stm32f407xx.o(.text)
    EXTI3_IRQHandler                         0x080001bb   Thumb Code     0  startup_stm32f407xx.o(.text)
    EXTI4_IRQHandler                         0x080001bb   Thumb Code     0  startup_stm32f407xx.o(.text)
    EXTI9_5_IRQHandler                       0x080001bb   Thumb Code     0  startup_stm32f407xx.o(.text)
    FLASH_IRQHandler                         0x080001bb   Thumb Code     0  startup_stm32f407xx.o(.text)
    FMC_IRQHandler                           0x080001bb   Thumb Code     0  startup_stm32f407xx.o(.text)
    FPU_IRQHandler                           0x080001bb   Thumb Code     0  startup_stm32f407xx.o(.text)
    HASH_RNG_IRQHandler                      0x080001bb   Thumb Code     0  startup_stm32f407xx.o(.text)
    I2C1_ER_IRQHandler                       0x080001bb   Thumb Code     0  startup_stm32f407xx.o(.text)
    I2C1_EV_IRQHandler                       0x080001bb   Thumb Code     0  startup_stm32f407xx.o(.text)
    I2C2_ER_IRQHandler                       0x080001bb   Thumb Code     0  startup_stm32f407xx.o(.text)
    I2C2_EV_IRQHandler                       0x080001bb   Thumb Code     0  startup_stm32f407xx.o(.text)
    I2C3_ER_IRQHandler                       0x080001bb   Thumb Code     0  startup_stm32f407xx.o(.text)
    I2C3_EV_IRQHandler                       0x080001bb   Thumb Code     0  startup_stm32f407xx.o(.text)
    OTG_FS_IRQHandler                        0x080001bb   Thumb Code     0  startup_stm32f407xx.o(.text)
    OTG_FS_WKUP_IRQHandler                   0x080001bb   Thumb Code     0  startup_stm32f407xx.o(.text)
    OTG_HS_EP1_IN_IRQHandler                 0x080001bb   Thumb Code     0  startup_stm32f407xx.o(.text)
    OTG_HS_EP1_OUT_IRQHandler                0x080001bb   Thumb Code     0  startup_stm32f407xx.o(.text)
    OTG_HS_IRQHandler                        0x080001bb   Thumb Code     0  startup_stm32f407xx.o(.text)
    OTG_HS_WKUP_IRQHandler                   0x080001bb   Thumb Code     0  startup_stm32f407xx.o(.text)
    PVD_IRQHandler                           0x080001bb   Thumb Code     0  startup_stm32f407xx.o(.text)
    RCC_IRQHandler                           0x080001bb   Thumb Code     0  startup_stm32f407xx.o(.text)
    RTC_Alarm_IRQHandler                     0x080001bb   Thumb Code     0  startup_stm32f407xx.o(.text)
    RTC_WKUP_IRQHandler                      0x080001bb   Thumb Code     0  startup_stm32f407xx.o(.text)
    SDIO_IRQHandler                          0x080001bb   Thumb Code     0  startup_stm32f407xx.o(.text)
    SPI1_IRQHandler                          0x080001bb   Thumb Code     0  startup_stm32f407xx.o(.text)
    SPI2_IRQHandler                          0x080001bb   Thumb Code     0  startup_stm32f407xx.o(.text)
    SPI3_IRQHandler                          0x080001bb   Thumb Code     0  startup_stm32f407xx.o(.text)
    TAMP_STAMP_IRQHandler                    0x080001bb   Thumb Code     0  startup_stm32f407xx.o(.text)
    TIM1_BRK_TIM9_IRQHandler                 0x080001bb   Thumb Code     0  startup_stm32f407xx.o(.text)
    TIM1_CC_IRQHandler                       0x080001bb   Thumb Code     0  startup_stm32f407xx.o(.text)
    TIM1_TRG_COM_TIM11_IRQHandler            0x080001bb   Thumb Code     0  startup_stm32f407xx.o(.text)
    TIM1_UP_TIM10_IRQHandler                 0x080001bb   Thumb Code     0  startup_stm32f407xx.o(.text)
    TIM2_IRQHandler                          0x080001bb   Thumb Code     0  startup_stm32f407xx.o(.text)
    TIM3_IRQHandler                          0x080001bb   Thumb Code     0  startup_stm32f407xx.o(.text)
    TIM4_IRQHandler                          0x080001bb   Thumb Code     0  startup_stm32f407xx.o(.text)
    TIM5_IRQHandler                          0x080001bb   Thumb Code     0  startup_stm32f407xx.o(.text)
    TIM6_DAC_IRQHandler                      0x080001bb   Thumb Code     0  startup_stm32f407xx.o(.text)
    TIM7_IRQHandler                          0x080001bb   Thumb Code     0  startup_stm32f407xx.o(.text)
    TIM8_BRK_TIM12_IRQHandler                0x080001bb   Thumb Code     0  startup_stm32f407xx.o(.text)
    TIM8_CC_IRQHandler                       0x080001bb   Thumb Code     0  startup_stm32f407xx.o(.text)
    TIM8_TRG_COM_TIM14_IRQHandler            0x080001bb   Thumb Code     0  startup_stm32f407xx.o(.text)
    TIM8_UP_TIM13_IRQHandler                 0x080001bb   Thumb Code     0  startup_stm32f407xx.o(.text)
    UART4_IRQHandler                         0x080001bb   Thumb Code     0  startup_stm32f407xx.o(.text)
    UART5_IRQHandler                         0x080001bb   Thumb Code     0  startup_stm32f407xx.o(.text)
    USART2_IRQHandler                        0x080001bb   Thumb Code     0  startup_stm32f407xx.o(.text)
    USART3_IRQHandler                        0x080001bb   Thumb Code     0  startup_stm32f407xx.o(.text)
    USART6_IRQHandler                        0x080001bb   Thumb Code     0  startup_stm32f407xx.o(.text)
    WWDG_IRQHandler                          0x080001bb   Thumb Code     0  startup_stm32f407xx.o(.text)
    __aeabi_uldivmod                         0x080001c5   Thumb Code    98  uldiv.o(.text)
    __aeabi_memcpy                           0x08000227   Thumb Code    36  memcpya.o(.text)
    __aeabi_memcpy4                          0x08000227   Thumb Code     0  memcpya.o(.text)
    __aeabi_memcpy8                          0x08000227   Thumb Code     0  memcpya.o(.text)
    __aeabi_memset                           0x0800024b   Thumb Code    14  memseta.o(.text)
    __aeabi_memset4                          0x0800024b   Thumb Code     0  memseta.o(.text)
    __aeabi_memset8                          0x0800024b   Thumb Code     0  memseta.o(.text)
    __aeabi_memclr                           0x08000259   Thumb Code     4  memseta.o(.text)
    __aeabi_memclr4                          0x08000259   Thumb Code     0  memseta.o(.text)
    __aeabi_memclr8                          0x08000259   Thumb Code     0  memseta.o(.text)
    _memset$wrapper                          0x0800025d   Thumb Code    18  memseta.o(.text)
    strlen                                   0x0800026f   Thumb Code    14  strlen.o(.text)
    strcmp                                   0x0800027d   Thumb Code    28  strcmp.o(.text)
    strncmp                                  0x08000299   Thumb Code    30  strncmp.o(.text)
    __cpp_initialize__aeabi_                 0x080002b9   Thumb Code    24  cpp_init.o(.text)
    __aeabi_uidiv                            0x080002d9   Thumb Code     0  uidiv.o(.text)
    __aeabi_uidivmod                         0x080002d9   Thumb Code    44  uidiv.o(.text)
    __aeabi_llsl                             0x08000305   Thumb Code    30  llshl.o(.text)
    _ll_shift_l                              0x08000305   Thumb Code     0  llshl.o(.text)
    __aeabi_llsr                             0x08000323   Thumb Code    32  llushr.o(.text)
    _ll_ushift_r                             0x08000323   Thumb Code     0  llushr.o(.text)
    __I$use$fp                               0x08000343   Thumb Code     0  iusefp.o(.text)
    __aeabi_dadd                             0x08000343   Thumb Code   322  dadd.o(.text)
    __aeabi_dsub                             0x08000485   Thumb Code     6  dadd.o(.text)
    __aeabi_drsub                            0x0800048b   Thumb Code     6  dadd.o(.text)
    __aeabi_dmul                             0x08000491   Thumb Code   228  dmul.o(.text)
    __aeabi_ddiv                             0x08000575   Thumb Code   222  ddiv.o(.text)
    __aeabi_d2ulz                            0x08000653   Thumb Code    48  dfixul.o(.text)
    __aeabi_cdrcmple                         0x08000685   Thumb Code    48  cdrcmple.o(.text)
    __scatterload                            0x080006b5   Thumb Code    28  init.o(.text)
    __scatterload_rt2                        0x080006b5   Thumb Code     0  init.o(.text)
    __aeabi_lasr                             0x080006d9   Thumb Code    36  llsshr.o(.text)
    _ll_sshift_r                             0x080006d9   Thumb Code     0  llsshr.o(.text)
    _double_round                            0x080006fd   Thumb Code    30  depilogue.o(.text)
    _double_epilogue                         0x0800071b   Thumb Code   156  depilogue.o(.text)
    BusFault_Handler                         0x080007b9   Thumb Code     4  stm32f4xx_it.o(.text.BusFault_Handler)
    DMA2_Stream2_IRQHandler                  0x080007bd   Thumb Code    16  stm32f4xx_it.o(.text.DMA2_Stream2_IRQHandler)
    DMA2_Stream7_IRQHandler                  0x080007cd   Thumb Code    16  stm32f4xx_it.o(.text.DMA2_Stream7_IRQHandler)
    DebugMon_Handler                         0x08000975   Thumb Code     2  stm32f4xx_it.o(.text.DebugMon_Handler)
    Error_Handler                            0x08000979   Thumb Code     6  main.o(.text.Error_Handler)
    HAL_DMA_Abort                            0x08000981   Thumb Code   236  stm32f4xx_hal_dma.o(.text.HAL_DMA_Abort)
    HAL_DMA_Abort_IT                         0x08000a6d   Thumb Code    68  stm32f4xx_hal_dma.o(.text.HAL_DMA_Abort_IT)
    HAL_DMA_IRQHandler                       0x08000ab1   Thumb Code   798  stm32f4xx_hal_dma.o(.text.HAL_DMA_IRQHandler)
    HAL_DMA_Init                             0x08000dd1   Thumb Code   366  stm32f4xx_hal_dma.o(.text.HAL_DMA_Init)
    HAL_DMA_Start_IT                         0x08000f41   Thumb Code   194  stm32f4xx_hal_dma.o(.text.HAL_DMA_Start_IT)
    HAL_GPIO_Init                            0x08001005   Thumb Code   950  stm32f4xx_hal_gpio.o(.text.HAL_GPIO_Init)
    HAL_GPIO_TogglePin                       0x080013bd   Thumb Code    38  stm32f4xx_hal_gpio.o(.text.HAL_GPIO_TogglePin)
    HAL_GPIO_WritePin                        0x080013e5   Thumb Code    46  stm32f4xx_hal_gpio.o(.text.HAL_GPIO_WritePin)
    HAL_GetTick                              0x08001415   Thumb Code    12  stm32f4xx_hal.o(.text.HAL_GetTick)
    HAL_IncTick                              0x08001421   Thumb Code    26  stm32f4xx_hal.o(.text.HAL_IncTick)
    HAL_Init                                 0x0800143d   Thumb Code    54  stm32f4xx_hal.o(.text.HAL_Init)
    HAL_InitTick                             0x08001475   Thumb Code   112  stm32f4xx_hal.o(.text.HAL_InitTick)
    HAL_MspInit                              0x080014e5   Thumb Code    74  stm32f4xx_hal_msp.o(.text.HAL_MspInit)
    HAL_NVIC_EnableIRQ                       0x08001531   Thumb Code    20  stm32f4xx_hal_cortex.o(.text.HAL_NVIC_EnableIRQ)
    HAL_NVIC_SetPriority                     0x08001545   Thumb Code    50  stm32f4xx_hal_cortex.o(.text.HAL_NVIC_SetPriority)
    HAL_NVIC_SetPriorityGrouping             0x08001579   Thumb Code    16  stm32f4xx_hal_cortex.o(.text.HAL_NVIC_SetPriorityGrouping)
    HAL_RCC_ClockConfig                      0x08001589   Thumb Code   610  stm32f4xx_hal_rcc.o(.text.HAL_RCC_ClockConfig)
    HAL_RCC_GetHCLKFreq                      0x080017ed   Thumb Code    12  stm32f4xx_hal_rcc.o(.text.HAL_RCC_GetHCLKFreq)
    HAL_RCC_GetPCLK1Freq                     0x080017f9   Thumb Code    34  stm32f4xx_hal_rcc.o(.text.HAL_RCC_GetPCLK1Freq)
    HAL_RCC_GetPCLK2Freq                     0x0800181d   Thumb Code    34  stm32f4xx_hal_rcc.o(.text.HAL_RCC_GetPCLK2Freq)
    HAL_RCC_GetSysClockFreq                  0x08001841   Thumb Code   230  stm32f4xx_hal_rcc.o(.text.HAL_RCC_GetSysClockFreq)
    HAL_RCC_OscConfig                        0x08001929   Thumb Code  1726  stm32f4xx_hal_rcc.o(.text.HAL_RCC_OscConfig)
    HAL_SYSTICK_Config                       0x08001fe9   Thumb Code    16  stm32f4xx_hal_cortex.o(.text.HAL_SYSTICK_Config)
    HAL_UARTEx_GetRxEventType                0x08001ff9   Thumb Code    12  stm32f4xx_hal_uart.o(.text.HAL_UARTEx_GetRxEventType)
    HAL_UARTEx_ReceiveToIdle_DMA             0x08002005   Thumb Code   184  stm32f4xx_hal_uart.o(.text.HAL_UARTEx_ReceiveToIdle_DMA)
    HAL_UARTEx_RxEventCallback               0x080020bd   Thumb Code    44  uart_callback.o(.text.HAL_UARTEx_RxEventCallback)
    HAL_UART_DMAStop                         0x080020e9   Thumb Code   204  stm32f4xx_hal_uart.o(.text.HAL_UART_DMAStop)
    HAL_UART_ErrorCallback                   0x080021b5   Thumb Code    36  uart_callback.o(.text.HAL_UART_ErrorCallback)
    HAL_UART_GetError                        0x080021d9   Thumb Code    12  stm32f4xx_hal_uart.o(.text.HAL_UART_GetError)
    HAL_UART_IRQHandler                      0x080021e5   Thumb Code  1116  stm32f4xx_hal_uart.o(.text.HAL_UART_IRQHandler)
    HAL_UART_Init                            0x08002641   Thumb Code   158  stm32f4xx_hal_uart.o(.text.HAL_UART_Init)
    HAL_UART_MspInit                         0x080026e1   Thumb Code   334  usart.o(.text.HAL_UART_MspInit)
    HAL_UART_RxCpltCallback                  0x08002831   Thumb Code     8  stm32f4xx_hal_uart.o(.text.HAL_UART_RxCpltCallback)
    HAL_UART_RxHalfCpltCallback              0x08002839   Thumb Code     8  stm32f4xx_hal_uart.o(.text.HAL_UART_RxHalfCpltCallback)
    HAL_UART_Transmit_DMA                    0x08002841   Thumb Code   252  stm32f4xx_hal_uart.o(.text.HAL_UART_Transmit_DMA)
    HAL_UART_TxCpltCallback                  0x0800293d   Thumb Code    36  uart_callback.o(.text.HAL_UART_TxCpltCallback)
    HAL_UART_TxHalfCpltCallback              0x08002961   Thumb Code     8  stm32f4xx_hal_uart.o(.text.HAL_UART_TxHalfCpltCallback)
    HardFault_Handler                        0x08002969   Thumb Code     4  stm32f4xx_it.o(.text.HardFault_Handler)
    MX_DMA_Init                              0x0800296d   Thumb Code    80  dma.o(.text.MX_DMA_Init)
    MX_GPIO_Init                             0x080029bd   Thumb Code   168  gpio.o(.text.MX_GPIO_Init)
    MX_USART1_UART_Init                      0x08002a65   Thumb Code    68  usart.o(.text.MX_USART1_UART_Init)
    MemManage_Handler                        0x08002aa9   Thumb Code     4  stm32f4xx_it.o(.text.MemManage_Handler)
    NMI_Handler                              0x08002aad   Thumb Code     4  stm32f4xx_it.o(.text.NMI_Handler)
    PendSV_Handler                           0x08002b1d   Thumb Code     2  stm32f4xx_it.o(.text.PendSV_Handler)
    QueLen                                   0x08002b21   Thumb Code    36  usartqueue.o(.text.QueLen)
    QueueCopyOut                             0x08002b45   Thumb Code   116  usartqueue.o(.text.QueueCopyOut)
    SVC_Handler                              0x08002bb9   Thumb Code     2  stm32f4xx_it.o(.text.SVC_Handler)
    SysTick_Handler                          0x08002c11   Thumb Code     8  stm32f4xx_it.o(.text.SysTick_Handler)
    SystemClock_Config                       0x08002c19   Thumb Code   188  main.o(.text.SystemClock_Config)
    SystemInit                               0x08002cd5   Thumb Code    18  system_stm32f4xx.o(.text.SystemInit)
    UART1_ErrorCallback                      0x08002d7d   Thumb Code   160  uart_board.o(.text.UART1_ErrorCallback)
    UART1_TxCpltCallback                     0x08002ebd   Thumb Code    40  uart_board.o(.text.UART1_TxCpltCallback)
    UARTE1_RxEventCallback                   0x08002ee5   Thumb Code   174  uart_board.o(.text.UARTE1_RxEventCallback)
    UART_Start_Receive_DMA                   0x08003581   Thumb Code   304  stm32f4xx_hal_uart.o(.text.UART_Start_Receive_DMA)
    USART1_IRQHandler                        0x08003745   Thumb Code    16  stm32f4xx_it.o(.text.USART1_IRQHandler)
    UsageFault_Handler                       0x08003755   Thumb Code     4  stm32f4xx_it.o(.text.UsageFault_Handler)
    agencylogHexDump                         0x08003951   Thumb Code    50  log.o(.text.agencylogHexDump)
    agencylogSetLevel                        0x08003985   Thumb Code    48  log.o(.text.agencylogSetLevel)
    copy_to_queue_from_dma                   0x080039bd   Thumb Code   202  usartqueue.o(.text.copy_to_queue_from_dma)
    dev_led_off                              0x08003a89   Thumb Code    22  dev_led.o(.text.dev_led_off)
    dev_led_on                               0x08003aa1   Thumb Code    22  dev_led.o(.text.dev_led_on)
    dev_led_set                              0x08003ab9   Thumb Code   210  dev_led.o(.text.dev_led_set)
    dev_led_toggle                           0x08003b8d   Thumb Code    20  dev_led.o(.text.dev_led_toggle)
    do_initcalls                             0x08003ba1   Thumb Code    82  initcall.o(.text.do_initcalls)
    logHexDump                               0x08003bf5   Thumb Code   594  log.o(.text.logHexDump)
    logRegister                              0x08003e49   Thumb Code   110  log.o(.text.logRegister)
    logSetLevel                              0x08003eb9   Thumb Code    86  log.o(.text.logSetLevel)
    logSwitchLevel                           0x08003f11   Thumb Code   108  log.o(.text.logSwitchLevel)
    logWrite                                 0x08003f7d   Thumb Code    86  log.o(.text.logWrite)
    main                                     0x080040b1   Thumb Code    40  main.o(.text.main)
    platform_hw_uart_init                    0x080040d9   Thumb Code    34  uart_board.o(.text.platform_hw_uart_init)
    platform_init                            0x080040fd   Thumb Code     8  platform_init.o(.text.platform_init)
    platform_uart_bus_register               0x08004105   Thumb Code    72  platform_uart.o(.text.platform_uart_bus_register)
    platform_uart_get_device                 0x0800414d   Thumb Code    42  platform_uart.o(.text.platform_uart_get_device)
    platform_uart_receive                    0x08004179   Thumb Code    82  platform_uart.o(.text.platform_uart_receive)
    platform_uart_send                       0x080041cd   Thumb Code    76  platform_uart.o(.text.platform_uart_send)
    shellBackspace                           0x08004269   Thumb Code    18  shell.o(.text.shellBackspace)
    shellCheckPermission                     0x080042d5   Thumb Code   106  shell.o(.text.shellCheckPermission)
    shellClear                               0x08004341   Thumb Code    38  shell.o(.text.shellClear)
    shellClearCommandLine                    0x08004369   Thumb Code    64  shell.o(.text.shellClearCommandLine)
    shellCmds                                0x080043a9   Thumb Code    28  shell.o(.text.shellCmds)
    shellCompanionAdd                        0x080043c5   Thumb Code    72  shell_companion.o(.text.shellCompanionAdd)
    shellCompanionGet                        0x0800440d   Thumb Code    72  shell_companion.o(.text.shellCompanionGet)
    shellDelete                              0x08004455   Thumb Code    20  shell.o(.text.shellDelete)
    shellDeleteByte                          0x08004469   Thumb Code   346  shell.o(.text.shellDeleteByte)
    shellDeleteCommandLine                   0x080045c5   Thumb Code    46  shell.o(.text.shellDeleteCommandLine)
    shellDown                                0x080045f5   Thumb Code    20  shell.o(.text.shellDown)
    shellEnter                               0x08004609   Thumb Code    24  shell.o(.text.shellEnter)
    shellExec                                0x08004621   Thumb Code   146  shell.o(.text.shellExec)
    shellExtParsePara                        0x0800494d   Thumb Code   196  shell_ext.o(.text.shellExtParsePara)
    shellExtRun                              0x08004ae9   Thumb Code   384  shell_ext.o(.text.shellExtRun)
    shellGetCurrent                          0x08004dcd   Thumb Code   114  shell.o(.text.shellGetCurrent)
    shellGetVarValue                         0x08004e41   Thumb Code   130  shell.o(.text.shellGetVarValue)
    shellHandler                             0x08004ec5   Thumb Code   392  shell.o(.text.shellHandler)
    shellHelp                                0x0800504d   Thumb Code    64  shell.o(.text.shellHelp)
    shellInit                                0x08005261   Thumb Code   216  shell.o(.text.shellInit)
    shellInsertByte                          0x08005339   Thumb Code   400  shell.o(.text.shellInsertByte)
    shellKeys                                0x080054c9   Thumb Code    28  shell.o(.text.shellKeys)
    shellLeft                                0x080054e5   Thumb Code    38  shell.o(.text.shellLeft)
    shellListAll                             0x0800550d   Thumb Code    16  shell.o(.text.shellListAll)
    shellListCommand                         0x0800551d   Thumb Code   130  shell.o(.text.shellListCommand)
    shellListItem                            0x080055a1   Thumb Code   368  shell.o(.text.shellListItem)
    shellListKey                             0x08005711   Thumb Code   152  shell.o(.text.shellListKey)
    shellListUser                            0x080057a9   Thumb Code   152  shell.o(.text.shellListUser)
    shellListVar                             0x08005841   Thumb Code   152  shell.o(.text.shellListVar)
    shellNormalInput                         0x080058d9   Thumb Code    38  shell.o(.text.shellNormalInput)
    shellRight                               0x080059d5   Thumb Code    40  shell.o(.text.shellRight)
    shellRunCommand                          0x080059fd   Thumb Code   226  shell.o(.text.shellRunCommand)
    shellSeekCommand                         0x08005ae1   Thumb Code   210  shell.o(.text.shellSeekCommand)
    shellSetUser                             0x08005bb5   Thumb Code   160  shell.o(.text.shellSetUser)
    shellSetVar                              0x08005c55   Thumb Code   146  shell.o(.text.shellSetVar)
    shellSetVarValue                         0x08005ce9   Thumb Code   208  shell.o(.text.shellSetVarValue)
    shellSplit                               0x08005ea1   Thumb Code   532  shell.o(.text.shellSplit)
    shellTab                                 0x08006169   Thumb Code   468  shell.o(.text.shellTab)
    shellTask                                0x0800633d   Thumb Code    52  shell.o(.text.shellTask)
    shellToDec                               0x08006371   Thumb Code   180  shell.o(.text.shellToDec)
    shellToHex                               0x08006425   Thumb Code   106  shell.o(.text.shellToHex)
    shellUp                                  0x08006491   Thumb Code    18  shell.o(.text.shellUp)
    shellUsers                               0x080064a5   Thumb Code    28  shell.o(.text.shellUsers)
    shellVars                                0x080064c1   Thumb Code    28  shell.o(.text.shellVars)
    shellWriteString                         0x08006769   Thumb Code    90  shell.o(.text.shellWriteString)
    shell_init                               0x080067f9   Thumb Code   246  shell_port.o(.text.shell_init)
    shell_process                            0x080068f1   Thumb Code    16  shell_port.o(.text.shell_process)
    update_dma_data                          0x08006b45   Thumb Code   122  usartqueue.o(.text.update_dma_data)
    __0snprintf                              0x08006bc1   Thumb Code    48  printfa.o(i.__0snprintf)
    __1snprintf                              0x08006bc1   Thumb Code     0  printfa.o(i.__0snprintf)
    __2snprintf                              0x08006bc1   Thumb Code     0  printfa.o(i.__0snprintf)
    __c89snprintf                            0x08006bc1   Thumb Code     0  printfa.o(i.__0snprintf)
    snprintf                                 0x08006bc1   Thumb Code     0  printfa.o(i.__0snprintf)
    __0sprintf                               0x08006bf5   Thumb Code    34  printfa.o(i.__0sprintf)
    __1sprintf                               0x08006bf5   Thumb Code     0  printfa.o(i.__0sprintf)
    __2sprintf                               0x08006bf5   Thumb Code     0  printfa.o(i.__0sprintf)
    __c89sprintf                             0x08006bf5   Thumb Code     0  printfa.o(i.__0sprintf)
    sprintf                                  0x08006bf5   Thumb Code     0  printfa.o(i.__0sprintf)
    __0vsnprintf                             0x08006c1d   Thumb Code    46  printfa.o(i.__0vsnprintf)
    __1vsnprintf                             0x08006c1d   Thumb Code     0  printfa.o(i.__0vsnprintf)
    __2vsnprintf                             0x08006c1d   Thumb Code     0  printfa.o(i.__0vsnprintf)
    __c89vsnprintf                           0x08006c1d   Thumb Code     0  printfa.o(i.__0vsnprintf)
    vsnprintf                                0x08006c1d   Thumb Code     0  printfa.o(i.__0vsnprintf)
    __scatterload_copy                       0x08006c51   Thumb Code    14  handlers.o(i.__scatterload_copy)
    __scatterload_null                       0x08006c5f   Thumb Code     2  handlers.o(i.__scatterload_null)
    __scatterload_zeroinit                   0x08006c61   Thumb Code    14  handlers.o(i.__scatterload_zeroinit)
    AHBPrescTable                            0x08007542   Data          16  system_stm32f4xx.o(.rodata.AHBPrescTable)
    APBPrescTable                            0x08007552   Data           8  system_stm32f4xx.o(.rodata.APBPrescTable)
    shellCmdDefaultUser                      0x0800756c   Data           7  shell.o(.rodata.shellCmdDefaultUser)
    shellCmdclear                            0x08007573   Data           6  shell.o(.rodata.shellCmdclear)
    shellCmdcmds                             0x08007579   Data           5  shell.o(.rodata.shellCmdcmds)
    shellCmdhelp                             0x0800757e   Data           5  shell.o(.rodata.shellCmdhelp)
    shellCmdhexdump                          0x08007583   Data           8  log.o(.rodata.shellCmdhexdump)
    shellCmdkeys                             0x0800758b   Data           5  shell.o(.rodata.shellCmdkeys)
    shellCmdled                              0x08007590   Data           4  dev_led.o(.rodata.shellCmdled)
    shellCmdlogSetLevel                      0x08007594   Data          12  log.o(.rodata.shellCmdlogSetLevel)
    shellCmdsetVar                           0x080075a0   Data           7  shell.o(.rodata.shellCmdsetVar)
    shellCmdusers                            0x080075a7   Data           6  shell.o(.rodata.shellCmdusers)
    shellCmdvars                             0x080075ad   Data           5  shell.o(.rodata.shellCmdvars)
    shellDesDefaultUser                      0x080075b2   Data          13  shell.o(.rodata.shellDesDefaultUser)
    shellDesc0x04000000                      0x080075bf   Data          17  log.o(.rodata.shellDesc0x04000000)
    shellDesc0x08000000                      0x080075d0   Data          10  shell.o(.rodata.shellDesc0x08000000)
    shellDesc0x09000000                      0x080075da   Data           4  shell.o(.rodata.shellDesc0x09000000)
    shellDesc0x0A000000                      0x080075de   Data           6  shell.o(.rodata.shellDesc0x0A000000)
    shellDesc0x0D000000                      0x080075e4   Data           6  shell.o(.rodata.shellDesc0x0D000000)
    shellDesc0x1B5B337E                      0x080075ea   Data           7  shell.o(.rodata.shellDesc0x1B5B337E)
    shellDesc0x1B5B4100                      0x080075f1   Data           3  shell.o(.rodata.shellDesc0x1B5B4100)
    shellDesc0x1B5B4200                      0x080075f4   Data           5  shell.o(.rodata.shellDesc0x1B5B4200)
    shellDesc0x1B5B4300                      0x080075f9   Data           6  shell.o(.rodata.shellDesc0x1B5B4300)
    shellDesc0x1B5B4400                      0x080075ff   Data           5  shell.o(.rodata.shellDesc0x1B5B4400)
    shellDesc0x7F000000                      0x08007604   Data          10  shell.o(.rodata.shellDesc0x7F000000)
    shellDescclear                           0x0800760e   Data          14  shell.o(.rodata.shellDescclear)
    shellDesccmds                            0x0800761c   Data          13  shell.o(.rodata.shellDesccmds)
    shellDeschelp                            0x08007629   Data          30  shell.o(.rodata.shellDeschelp)
    shellDeschexdump                         0x08007647   Data          32  log.o(.rodata.shellDeschexdump)
    shellDesckeys                            0x08007667   Data          13  shell.o(.rodata.shellDesckeys)
    shellDescled                             0x08007674   Data          12  dev_led.o(.rodata.shellDescled)
    shellDesclogSetLevel                     0x08007680   Data          36  log.o(.rodata.shellDesclogSetLevel)
    shellDescsetVar                          0x080076a4   Data           8  shell.o(.rodata.shellDescsetVar)
    shellDescusers                           0x080076ac   Data          14  shell.o(.rodata.shellDescusers)
    shellDescvars                            0x080076ba   Data          13  shell.o(.rodata.shellDescvars)
    shellPasswordDefaultUser                 0x080076c7   Data           1  shell.o(.rodata.shellPasswordDefaultUser)
    Region$$Table$$Base                      0x08007b0c   Number         0  anon$$obj.o(Region$$Table)
    Region$$Table$$Limit                     0x08007b2c   Number         0  anon$$obj.o(Region$$Table)
    shellCommand$$Base                       0x08007b2c   Number         0  shell.o(shellCommand)
    shellUserDefault                         0x08007b2c   Data          16  shell.o(shellCommand)
    shellCommandsetVar                       0x08007b3c   Data          16  shell.o(shellCommand)
    shellKey0x1B5B4100                       0x08007b4c   Data          16  shell.o(shellCommand)
    shellKey0x1B5B4200                       0x08007b5c   Data          16  shell.o(shellCommand)
    shellKey0x1B5B4300                       0x08007b6c   Data          16  shell.o(shellCommand)
    shellKey0x1B5B4400                       0x08007b7c   Data          16  shell.o(shellCommand)
    shellKey0x09000000                       0x08007b8c   Data          16  shell.o(shellCommand)
    shellKey0x08000000                       0x08007b9c   Data          16  shell.o(shellCommand)
    shellKey0x7F000000                       0x08007bac   Data          16  shell.o(shellCommand)
    shellKey0x1B5B337E                       0x08007bbc   Data          16  shell.o(shellCommand)
    shellKey0x0A000000                       0x08007bcc   Data          16  shell.o(shellCommand)
    shellKey0x0D000000                       0x08007bdc   Data          16  shell.o(shellCommand)
    shellCommandhelp                         0x08007bec   Data          16  shell.o(shellCommand)
    shellCommandusers                        0x08007bfc   Data          16  shell.o(shellCommand)
    shellCommandcmds                         0x08007c0c   Data          16  shell.o(shellCommand)
    shellCommandvars                         0x08007c1c   Data          16  shell.o(shellCommand)
    shellCommandkeys                         0x08007c2c   Data          16  shell.o(shellCommand)
    shellCommandclear                        0x08007c3c   Data          16  shell.o(shellCommand)
    shellCommandlogSetLevel                  0x08007c4c   Data          16  log.o(shellCommand)
    shellCommandhexdump                      0x08007c5c   Data          16  log.o(shellCommand)
    shellKey0x04000000                       0x08007c6c   Data          16  log.o(shellCommand)
    shellCommandled                          0x08007c7c   Data          16  dev_led.o(shellCommand)
    SHT$$INIT_ARRAY$$Base                    0x08007c8c   Number         0  platform_init.o(.init_array)
    shellCommand$$Limit                      0x08007c8c   Number         0  dev_led.o(shellCommand)
    SHT$$INIT_ARRAY$$Limit                   0x08007c98   Number         0  cpp_init.o(.init_array)
    SystemCoreClock                          0x20000000   Data           4  system_stm32f4xx.o(.data.SystemCoreClock)
    pairedChars                              0x20000004   Data           2  shell.o(.data.pairedChars)
    uwTickFreq                               0x2000005c   Data           1  stm32f4xx_hal.o(.data.uwTickFreq)
    uwTickPrio                               0x20000060   Data           4  stm32f4xx_hal.o(.data.uwTickPrio)
    hdma_usart1_rx                           0x20000298   Data          96  usart.o(.bss.hdma_usart1_rx)
    hdma_usart1_tx                           0x200002f8   Data          96  usart.o(.bss.hdma_usart1_tx)
    huart1                                   0x20000358   Data          72  usart.o(.bss.huart1)
    initcall_count                           0x200003a0   Data           4  initcall.o(.bss.initcall_count)
    initcall_levels                          0x200003a4   Data         512  initcall.o(.bss.initcall_levels)
    initcall_table                           0x200005a4   Data         512  initcall.o(.bss.initcall_table)
    logList                                  0x20000824   Data          20  log.o(.bss.logList)
    uart1_c                                  0x20000b24   Data           4  board.o(.bss.uart1_c)
    uwTick                                   0x20000d68   Data           4  stm32f4xx_hal.o(.bss.uwTick)
    __initial_sp                             0x20001170   Data           0  startup_stm32f407xx.o(STACK)



==============================================================================

Memory Map of the image

  Image Entry point : 0x08000189

  Load Region LR_IROM1 (Base: 0x08000000, Size: 0x00007d00, Max: 0x00100000, ABSOLUTE)

    Execution Region ER_IROM1 (Exec base: 0x08000000, Load base: 0x08000000, Size: 0x00007c98, Max: 0x00100000, ABSOLUTE)

    Exec Addr    Load Addr    Size         Type   Attr      Idx    E Section Name        Object

    0x08000000   0x08000000   0x00000188   Data   RO            3    RESET               startup_stm32f407xx.o
    0x08000188   0x08000188   0x00000000   Code   RO         1085  * .ARM.Collect$$$$00000000  mc_w.l(entry.o)
    0x08000188   0x08000188   0x00000004   Code   RO         1135    .ARM.Collect$$$$00000001  mc_w.l(entry2.o)
    0x0800018c   0x0800018c   0x00000004   Code   RO         1138    .ARM.Collect$$$$00000004  mc_w.l(entry5.o)
    0x08000190   0x08000190   0x00000000   Code   RO         1140    .ARM.Collect$$$$00000008  mc_w.l(entry7b.o)
    0x08000190   0x08000190   0x00000004   Code   RO         1141    .ARM.Collect$$$$00000009  mc_w.l(entry8a.o)
    0x08000194   0x08000194   0x00000000   Code   RO         1142    .ARM.Collect$$$$0000000A  mc_w.l(entry8b.o)
    0x08000194   0x08000194   0x00000008   Code   RO         1143    .ARM.Collect$$$$0000000B  mc_w.l(entry9a.o)
    0x0800019c   0x0800019c   0x00000000   Code   RO         1145    .ARM.Collect$$$$0000000D  mc_w.l(entry10a.o)
    0x0800019c   0x0800019c   0x00000000   Code   RO         1147    .ARM.Collect$$$$0000000F  mc_w.l(entry11a.o)
    0x0800019c   0x0800019c   0x00000004   Code   RO         1136    .ARM.Collect$$$$00002712  mc_w.l(entry2.o)
    0x080001a0   0x080001a0   0x00000024   Code   RO            4    .text               startup_stm32f407xx.o
    0x080001c4   0x080001c4   0x00000062   Code   RO         1088    .text               mc_w.l(uldiv.o)
    0x08000226   0x08000226   0x00000024   Code   RO         1090    .text               mc_w.l(memcpya.o)
    0x0800024a   0x0800024a   0x00000024   Code   RO         1092    .text               mc_w.l(memseta.o)
    0x0800026e   0x0800026e   0x0000000e   Code   RO         1094    .text               mc_w.l(strlen.o)
    0x0800027c   0x0800027c   0x0000001c   Code   RO         1096    .text               mc_w.l(strcmp.o)
    0x08000298   0x08000298   0x0000001e   Code   RO         1098    .text               mc_w.l(strncmp.o)
    0x080002b6   0x080002b6   0x00000002   PAD
    0x080002b8   0x080002b8   0x00000020   Code   RO         1133    .text               mc_w.l(cpp_init.o)
    0x080002d8   0x080002d8   0x0000002c   Code   RO         1163    .text               mc_w.l(uidiv.o)
    0x08000304   0x08000304   0x0000001e   Code   RO         1165    .text               mc_w.l(llshl.o)
    0x08000322   0x08000322   0x00000020   Code   RO         1167    .text               mc_w.l(llushr.o)
    0x08000342   0x08000342   0x00000000   Code   RO         1169    .text               mc_w.l(iusefp.o)
    0x08000342   0x08000342   0x0000014e   Code   RO         1174    .text               mf_w.l(dadd.o)
    0x08000490   0x08000490   0x000000e4   Code   RO         1176    .text               mf_w.l(dmul.o)
    0x08000574   0x08000574   0x000000de   Code   RO         1178    .text               mf_w.l(ddiv.o)
    0x08000652   0x08000652   0x00000030   Code   RO         1180    .text               mf_w.l(dfixul.o)
    0x08000682   0x08000682   0x00000002   PAD
    0x08000684   0x08000684   0x00000030   Code   RO         1182    .text               mf_w.l(cdrcmple.o)
    0x080006b4   0x080006b4   0x00000024   Code   RO         1184    .text               mc_w.l(init.o)
    0x080006d8   0x080006d8   0x00000024   Code   RO         1187    .text               mc_w.l(llsshr.o)
    0x080006fc   0x080006fc   0x000000ba   Code   RO         1190    .text               mf_w.l(depilogue.o)
    0x080007b6   0x080007b6   0x00000002   PAD
    0x080007b8   0x080007b8   0x00000004   Code   RO           63    .text.BusFault_Handler  stm32f4xx_it.o
    0x080007bc   0x080007bc   0x00000010   Code   RO           77    .text.DMA2_Stream2_IRQHandler  stm32f4xx_it.o
    0x080007cc   0x080007cc   0x00000010   Code   RO           79    .text.DMA2_Stream7_IRQHandler  stm32f4xx_it.o
    0x080007dc   0x080007dc   0x00000056   Code   RO          405    .text.DMA_CalcBaseAndBitshift  stm32f4xx_hal_dma.o
    0x08000832   0x08000832   0x00000002   PAD
    0x08000834   0x08000834   0x000000f0   Code   RO          403    .text.DMA_CheckFifoParam  stm32f4xx_hal_dma.o
    0x08000924   0x08000924   0x00000050   Code   RO          411    .text.DMA_SetConfig  stm32f4xx_hal_dma.o
    0x08000974   0x08000974   0x00000002   Code   RO           69    .text.DebugMon_Handler  stm32f4xx_it.o
    0x08000976   0x08000976   0x00000002   PAD
    0x08000978   0x08000978   0x00000006   Code   RO           15    .text.Error_Handler  main.o
    0x0800097e   0x0800097e   0x00000002   PAD
    0x08000980   0x08000980   0x000000ec   Code   RO          415    .text.HAL_DMA_Abort  stm32f4xx_hal_dma.o
    0x08000a6c   0x08000a6c   0x00000044   Code   RO          417    .text.HAL_DMA_Abort_IT  stm32f4xx_hal_dma.o
    0x08000ab0   0x08000ab0   0x0000031e   Code   RO          421    .text.HAL_DMA_IRQHandler  stm32f4xx_hal_dma.o
    0x08000dce   0x08000dce   0x00000002   PAD
    0x08000dd0   0x08000dd0   0x0000016e   Code   RO          401    .text.HAL_DMA_Init  stm32f4xx_hal_dma.o
    0x08000f3e   0x08000f3e   0x00000002   PAD
    0x08000f40   0x08000f40   0x000000c2   Code   RO          413    .text.HAL_DMA_Start_IT  stm32f4xx_hal_dma.o
    0x08001002   0x08001002   0x00000002   PAD
    0x08001004   0x08001004   0x000003b6   Code   RO          363    .text.HAL_GPIO_Init  stm32f4xx_hal_gpio.o
    0x080013ba   0x080013ba   0x00000002   PAD
    0x080013bc   0x080013bc   0x00000026   Code   RO          371    .text.HAL_GPIO_TogglePin  stm32f4xx_hal_gpio.o
    0x080013e2   0x080013e2   0x00000002   PAD
    0x080013e4   0x080013e4   0x0000002e   Code   RO          369    .text.HAL_GPIO_WritePin  stm32f4xx_hal_gpio.o
    0x08001412   0x08001412   0x00000002   PAD
    0x08001414   0x08001414   0x0000000c   Code   RO          588    .text.HAL_GetTick   stm32f4xx_hal.o
    0x08001420   0x08001420   0x0000001a   Code   RO          586    .text.HAL_IncTick   stm32f4xx_hal.o
    0x0800143a   0x0800143a   0x00000002   PAD
    0x0800143c   0x0800143c   0x00000036   Code   RO          576    .text.HAL_Init      stm32f4xx_hal.o
    0x08001472   0x08001472   0x00000002   PAD
    0x08001474   0x08001474   0x00000070   Code   RO          578    .text.HAL_InitTick  stm32f4xx_hal.o
    0x080014e4   0x080014e4   0x0000004a   Code   RO           88    .text.HAL_MspInit   stm32f4xx_hal_msp.o
    0x0800152e   0x0800152e   0x00000002   PAD
    0x08001530   0x08001530   0x00000014   Code   RO          511    .text.HAL_NVIC_EnableIRQ  stm32f4xx_hal_cortex.o
    0x08001544   0x08001544   0x00000032   Code   RO          503    .text.HAL_NVIC_SetPriority  stm32f4xx_hal_cortex.o
    0x08001576   0x08001576   0x00000002   PAD
    0x08001578   0x08001578   0x00000010   Code   RO          499    .text.HAL_NVIC_SetPriorityGrouping  stm32f4xx_hal_cortex.o
    0x08001588   0x08001588   0x00000262   Code   RO          231    .text.HAL_RCC_ClockConfig  stm32f4xx_hal_rcc.o
    0x080017ea   0x080017ea   0x00000002   PAD
    0x080017ec   0x080017ec   0x0000000c   Code   RO          241    .text.HAL_RCC_GetHCLKFreq  stm32f4xx_hal_rcc.o
    0x080017f8   0x080017f8   0x00000022   Code   RO          243    .text.HAL_RCC_GetPCLK1Freq  stm32f4xx_hal_rcc.o
    0x0800181a   0x0800181a   0x00000002   PAD
    0x0800181c   0x0800181c   0x00000022   Code   RO          245    .text.HAL_RCC_GetPCLK2Freq  stm32f4xx_hal_rcc.o
    0x0800183e   0x0800183e   0x00000002   PAD
    0x08001840   0x08001840   0x000000e6   Code   RO          233    .text.HAL_RCC_GetSysClockFreq  stm32f4xx_hal_rcc.o
    0x08001926   0x08001926   0x00000002   PAD
    0x08001928   0x08001928   0x000006be   Code   RO          229    .text.HAL_RCC_OscConfig  stm32f4xx_hal_rcc.o
    0x08001fe6   0x08001fe6   0x00000002   PAD
    0x08001fe8   0x08001fe8   0x00000010   Code   RO          523    .text.HAL_SYSTICK_Config  stm32f4xx_hal_cortex.o
    0x08001ff8   0x08001ff8   0x0000000c   Code   RO          152    .text.HAL_UARTEx_GetRxEventType  stm32f4xx_hal_uart.o
    0x08002004   0x08002004   0x000000b8   Code   RO          150    .text.HAL_UARTEx_ReceiveToIdle_DMA  stm32f4xx_hal_uart.o
    0x080020bc   0x080020bc   0x0000002c   Code   RO          766    .text.HAL_UARTEx_RxEventCallback  uart_callback.o
    0x080020e8   0x080020e8   0x000000cc   Code   RO          140    .text.HAL_UART_DMAStop  stm32f4xx_hal_uart.o
    0x080021b4   0x080021b4   0x00000024   Code   RO          764    .text.HAL_UART_ErrorCallback  uart_callback.o
    0x080021d8   0x080021d8   0x0000000c   Code   RO          214    .text.HAL_UART_GetError  stm32f4xx_hal_uart.o
    0x080021e4   0x080021e4   0x0000045c   Code   RO          180    .text.HAL_UART_IRQHandler  stm32f4xx_hal_uart.o
    0x08002640   0x08002640   0x0000009e   Code   RO           96    .text.HAL_UART_Init  stm32f4xx_hal_uart.o
    0x080026de   0x080026de   0x00000002   PAD
    0x080026e0   0x080026e0   0x0000014e   Code   RO           43    .text.HAL_UART_MspInit  usart.o
    0x0800282e   0x0800282e   0x00000002   PAD
    0x08002830   0x08002830   0x00000008   Code   RO          198    .text.HAL_UART_RxCpltCallback  stm32f4xx_hal_uart.o
    0x08002838   0x08002838   0x00000008   Code   RO          200    .text.HAL_UART_RxHalfCpltCallback  stm32f4xx_hal_uart.o
    0x08002840   0x08002840   0x000000fc   Code   RO          124    .text.HAL_UART_Transmit_DMA  stm32f4xx_hal_uart.o
    0x0800293c   0x0800293c   0x00000024   Code   RO          768    .text.HAL_UART_TxCpltCallback  uart_callback.o
    0x08002960   0x08002960   0x00000008   Code   RO          196    .text.HAL_UART_TxHalfCpltCallback  stm32f4xx_hal_uart.o
    0x08002968   0x08002968   0x00000004   Code   RO           59    .text.HardFault_Handler  stm32f4xx_it.o
    0x0800296c   0x0800296c   0x00000050   Code   RO           33    .text.MX_DMA_Init   dma.o
    0x080029bc   0x080029bc   0x000000a8   Code   RO           25    .text.MX_GPIO_Init  gpio.o
    0x08002a64   0x08002a64   0x00000044   Code   RO           41    .text.MX_USART1_UART_Init  usart.o
    0x08002aa8   0x08002aa8   0x00000004   Code   RO           61    .text.MemManage_Handler  stm32f4xx_it.o
    0x08002aac   0x08002aac   0x00000004   Code   RO           57    .text.NMI_Handler   stm32f4xx_it.o
    0x08002ab0   0x08002ab0   0x0000006c   Code   RO          509    .text.NVIC_EncodePriority  stm32f4xx_hal_cortex.o
    0x08002b1c   0x08002b1c   0x00000002   Code   RO           71    .text.PendSV_Handler  stm32f4xx_it.o
    0x08002b1e   0x08002b1e   0x00000002   PAD
    0x08002b20   0x08002b20   0x00000024   Code   RO          777    .text.QueLen        usartqueue.o
    0x08002b44   0x08002b44   0x00000074   Code   RO          779    .text.QueueCopyOut  usartqueue.o
    0x08002bb8   0x08002bb8   0x00000002   Code   RO           67    .text.SVC_Handler   stm32f4xx_it.o
    0x08002bba   0x08002bba   0x00000002   PAD
    0x08002bbc   0x08002bbc   0x00000052   Code   RO          525    .text.SysTick_Config  stm32f4xx_hal_cortex.o
    0x08002c0e   0x08002c0e   0x00000002   PAD
    0x08002c10   0x08002c10   0x00000008   Code   RO           73    .text.SysTick_Handler  stm32f4xx_it.o
    0x08002c18   0x08002c18   0x000000bc   Code   RO           13    .text.SystemClock_Config  main.o
    0x08002cd4   0x08002cd4   0x00000012   Code   RO          665    .text.SystemInit    system_stm32f4xx.o
    0x08002ce6   0x08002ce6   0x00000002   PAD
    0x08002ce8   0x08002ce8   0x00000094   Code   RO          748    .text.UART1_DMASend  uart_board.o
    0x08002d7c   0x08002d7c   0x000000a0   Code   RO          736    .text.UART1_ErrorCallback  uart_board.o
    0x08002e1c   0x08002e1c   0x0000009e   Code   RO          750    .text.UART1_Read    uart_board.o
    0x08002eba   0x08002eba   0x00000002   PAD
    0x08002ebc   0x08002ebc   0x00000028   Code   RO          742    .text.UART1_TxCpltCallback  uart_board.o
    0x08002ee4   0x08002ee4   0x000000ae   Code   RO          740    .text.UARTE1_RxEventCallback  uart_board.o
    0x08002f92   0x08002f92   0x00000002   PAD
    0x08002f94   0x08002f94   0x0000001c   Code   RO          184    .text.UART_DMAAbortOnError  stm32f4xx_hal_uart.o
    0x08002fb0   0x08002fb0   0x0000007c   Code   RO          130    .text.UART_DMAError  stm32f4xx_hal_uart.o
    0x0800302c   0x0800302c   0x000000f4   Code   RO          216    .text.UART_DMAReceiveCplt  stm32f4xx_hal_uart.o
    0x08003120   0x08003120   0x00000034   Code   RO          218    .text.UART_DMARxHalfCplt  stm32f4xx_hal_uart.o
    0x08003154   0x08003154   0x0000007a   Code   RO          126    .text.UART_DMATransmitCplt  stm32f4xx_hal_uart.o
    0x080031ce   0x080031ce   0x00000002   PAD
    0x080031d0   0x080031d0   0x00000016   Code   RO          128    .text.UART_DMATxHalfCplt  stm32f4xx_hal_uart.o
    0x080031e6   0x080031e6   0x00000002   PAD
    0x080031e8   0x080031e8   0x00000094   Code   RO          144    .text.UART_EndRxTransfer  stm32f4xx_hal_uart.o
    0x0800327c   0x0800327c   0x00000026   Code   RO          192    .text.UART_EndTransmit_IT  stm32f4xx_hal_uart.o
    0x080032a2   0x080032a2   0x00000002   PAD
    0x080032a4   0x080032a4   0x00000036   Code   RO          142    .text.UART_EndTxTransfer  stm32f4xx_hal_uart.o
    0x080032da   0x080032da   0x00000002   PAD
    0x080032dc   0x080032dc   0x00000168   Code   RO          182    .text.UART_Receive_IT  stm32f4xx_hal_uart.o
    0x08003444   0x08003444   0x0000013a   Code   RO          100    .text.UART_SetConfig  stm32f4xx_hal_uart.o
    0x0800357e   0x0800357e   0x00000002   PAD
    0x08003580   0x08003580   0x00000130   Code   RO          134    .text.UART_Start_Receive_DMA  stm32f4xx_hal_uart.o
    0x080036b0   0x080036b0   0x00000094   Code   RO          190    .text.UART_Transmit_IT  stm32f4xx_hal_uart.o
    0x08003744   0x08003744   0x00000010   Code   RO           75    .text.USART1_IRQHandler  stm32f4xx_it.o
    0x08003754   0x08003754   0x00000004   Code   RO           65    .text.UsageFault_Handler  stm32f4xx_it.o
    0x08003758   0x08003758   0x0000005a   Code   RO          738    .text.Usart1StartDma  uart_board.o
    0x080037b2   0x080037b2   0x00000002   PAD
    0x080037b4   0x080037b4   0x00000030   Code   RO          513    .text.__NVIC_EnableIRQ  stm32f4xx_hal_cortex.o
    0x080037e4   0x080037e4   0x00000010   Code   RO          505    .text.__NVIC_GetPriorityGrouping  stm32f4xx_hal_cortex.o
    0x080037f4   0x080037f4   0x00000042   Code   RO          507    .text.__NVIC_SetPriority  stm32f4xx_hal_cortex.o
    0x08003836   0x08003836   0x00000002   PAD
    0x08003838   0x08003838   0x0000003c   Code   RO          501    .text.__NVIC_SetPriorityGrouping  stm32f4xx_hal_cortex.o
    0x08003874   0x08003874   0x00000048   Code   RO          707    .text.__reg_board_init  board.o
    0x080038bc   0x080038bc   0x00000048   Code   RO          681    .text.__reg_platform_init  platform_init.o
    0x08003904   0x08003904   0x00000048   Code   RO          800    .text.__reg_shell_init  shell_port.o
    0x0800394c   0x0800394c   0x00000002   Code   RO          746    .text._stm32_uart1_Init  uart_board.o
    0x0800394e   0x0800394e   0x00000002   PAD
    0x08003950   0x08003950   0x00000032   Code   RO         1045    .text.agencylogHexDump  log.o
    0x08003982   0x08003982   0x00000002   PAD
    0x08003984   0x08003984   0x00000030   Code   RO         1039    .text.agencylogSetLevel  log.o
    0x080039b4   0x080039b4   0x00000008   Code   RO          709    .text.board_init    board.o
    0x080039bc   0x080039bc   0x000000ca   Code   RO          781    .text.copy_to_queue_from_dma  usartqueue.o
    0x08003a86   0x08003a86   0x00000002   PAD
    0x08003a88   0x08003a88   0x00000016   Code   RO         1071    .text.dev_led_off   dev_led.o
    0x08003a9e   0x08003a9e   0x00000002   PAD
    0x08003aa0   0x08003aa0   0x00000016   Code   RO         1069    .text.dev_led_on    dev_led.o
    0x08003ab6   0x08003ab6   0x00000002   PAD
    0x08003ab8   0x08003ab8   0x000000d2   Code   RO         1073    .text.dev_led_set   dev_led.o
    0x08003b8a   0x08003b8a   0x00000002   PAD
    0x08003b8c   0x08003b8c   0x00000014   Code   RO         1067    .text.dev_led_toggle  dev_led.o
    0x08003ba0   0x08003ba0   0x00000052   Code   RO          722    .text.do_initcalls  initcall.o
    0x08003bf2   0x08003bf2   0x00000002   PAD
    0x08003bf4   0x08003bf4   0x00000252   Code   RO         1043    .text.logHexDump    log.o
    0x08003e46   0x08003e46   0x00000002   PAD
    0x08003e48   0x08003e48   0x0000006e   Code   RO         1031    .text.logRegister   log.o
    0x08003eb6   0x08003eb6   0x00000002   PAD
    0x08003eb8   0x08003eb8   0x00000056   Code   RO         1035    .text.logSetLevel   log.o
    0x08003f0e   0x08003f0e   0x00000002   PAD
    0x08003f10   0x08003f10   0x0000006c   Code   RO         1047    .text.logSwitchLevel  log.o
    0x08003f7c   0x08003f7c   0x00000056   Code   RO         1037    .text.logWrite      log.o
    0x08003fd2   0x08003fd2   0x00000002   PAD
    0x08003fd4   0x08003fd4   0x000000da   Code   RO         1041    .text.logWriteBuffer  log.o
    0x080040ae   0x080040ae   0x00000002   PAD
    0x080040b0   0x080040b0   0x00000028   Code   RO           11    .text.main          main.o
    0x080040d8   0x080040d8   0x00000022   Code   RO          744    .text.platform_hw_uart_init  uart_board.o
    0x080040fa   0x080040fa   0x00000002   PAD
    0x080040fc   0x080040fc   0x00000008   Code   RO          679    .text.platform_init  platform_init.o
    0x08004104   0x08004104   0x00000048   Code   RO          691    .text.platform_uart_bus_register  platform_uart.o
    0x0800414c   0x0800414c   0x0000002a   Code   RO          693    .text.platform_uart_get_device  platform_uart.o
    0x08004176   0x08004176   0x00000002   PAD
    0x08004178   0x08004178   0x00000052   Code   RO          697    .text.platform_uart_receive  platform_uart.o
    0x080041ca   0x080041ca   0x00000002   PAD
    0x080041cc   0x080041cc   0x0000004c   Code   RO          695    .text.platform_uart_send  platform_uart.o
    0x08004218   0x08004218   0x00000050   Code   RO          819    .text.shellAdd      shell.o
    0x08004268   0x08004268   0x00000012   Code   RO          911    .text.shellBackspace  shell.o
    0x0800427a   0x0800427a   0x00000002   PAD
    0x0800427c   0x0800427c   0x00000056   Code   RO          895    .text.shellCheckPassword  shell.o
    0x080042d2   0x080042d2   0x00000002   PAD
    0x080042d4   0x080042d4   0x0000006a   Code   RO          835    .text.shellCheckPermission  shell.o
    0x0800433e   0x0800433e   0x00000002   PAD
    0x08004340   0x08004340   0x00000026   Code   RO          933    .text.shellClear    shell.o
    0x08004366   0x08004366   0x00000002   PAD
    0x08004368   0x08004368   0x00000040   Code   RO          863    .text.shellClearCommandLine  shell.o
    0x080043a8   0x080043a8   0x0000001c   Code   RO          927    .text.shellCmds     shell.o
    0x080043c4   0x080043c4   0x00000048   Code   RO          995    .text.shellCompanionAdd  shell_companion.o
    0x0800440c   0x0800440c   0x00000048   Code   RO          999    .text.shellCompanionGet  shell_companion.o
    0x08004454   0x08004454   0x00000014   Code   RO          913    .text.shellDelete   shell.o
    0x08004468   0x08004468   0x0000015a   Code   RO          867    .text.shellDeleteByte  shell.o
    0x080045c2   0x080045c2   0x00000002   PAD
    0x080045c4   0x080045c4   0x0000002e   Code   RO          861    .text.shellDeleteCommandLine  shell.o
    0x080045f2   0x080045f2   0x00000002   PAD
    0x080045f4   0x080045f4   0x00000014   Code   RO          901    .text.shellDown     shell.o
    0x08004608   0x08004608   0x00000018   Code   RO          915    .text.shellEnter    shell.o
    0x08004620   0x08004620   0x00000092   Code   RO          889    .text.shellExec     shell.o
    0x080046b2   0x080046b2   0x00000002   PAD
    0x080046b4   0x080046b4   0x000000a2   Code   RO         1020    .text.shellExtNumType  shell_ext.o
    0x08004756   0x08004756   0x00000002   PAD
    0x08004758   0x08004758   0x000000a4   Code   RO         1010    .text.shellExtParseChar  shell_ext.o
    0x080047fc   0x080047fc   0x00000150   Code   RO         1012    .text.shellExtParseNumber  shell_ext.o
    0x0800494c   0x0800494c   0x000000c4   Code   RO         1008    .text.shellExtParsePara  shell_ext.o
    0x08004a10   0x08004a10   0x00000096   Code   RO         1016    .text.shellExtParseString  shell_ext.o
    0x08004aa6   0x08004aa6   0x00000002   PAD
    0x08004aa8   0x08004aa8   0x00000040   Code   RO         1014    .text.shellExtParseVar  shell_ext.o
    0x08004ae8   0x08004ae8   0x00000180   Code   RO         1018    .text.shellExtRun   shell_ext.o
    0x08004c68   0x08004c68   0x00000076   Code   RO         1022    .text.shellExtToNum  shell_ext.o
    0x08004cde   0x08004cde   0x00000002   PAD
    0x08004ce0   0x08004ce0   0x00000054   Code   RO          849    .text.shellGetCommandDesc  shell.o
    0x08004d34   0x08004d34   0x00000096   Code   RO          843    .text.shellGetCommandName  shell.o
    0x08004dca   0x08004dca   0x00000002   PAD
    0x08004dcc   0x08004dcc   0x00000072   Code   RO          829    .text.shellGetCurrent  shell.o
    0x08004e3e   0x08004e3e   0x00000002   PAD
    0x08004e40   0x08004e40   0x00000082   Code   RO          871    .text.shellGetVarValue  shell.o
    0x08004ec2   0x08004ec2   0x00000002   PAD
    0x08004ec4   0x08004ec4   0x00000188   Code   RO          921    .text.shellHandler  shell.o
    0x0800504c   0x0800504c   0x00000040   Code   RO          917    .text.shellHelp     shell.o
    0x0800508c   0x0800508c   0x00000124   Code   RO          899    .text.shellHistory  shell.o
    0x080051b0   0x080051b0   0x000000b0   Code   RO          891    .text.shellHistoryAdd  shell.o
    0x08005260   0x08005260   0x000000d8   Code   RO          817    .text.shellInit     shell.o
    0x08005338   0x08005338   0x00000190   Code   RO          865    .text.shellInsertByte  shell.o
    0x080054c8   0x080054c8   0x0000001c   Code   RO          931    .text.shellKeys     shell.o
    0x080054e4   0x080054e4   0x00000026   Code   RO          905    .text.shellLeft     shell.o
    0x0800550a   0x0800550a   0x00000002   PAD
    0x0800550c   0x0800550c   0x00000010   Code   RO          859    .text.shellListAll  shell.o
    0x0800551c   0x0800551c   0x00000082   Code   RO          851    .text.shellListCommand  shell.o
    0x0800559e   0x0800559e   0x00000002   PAD
    0x080055a0   0x080055a0   0x00000170   Code   RO          841    .text.shellListItem  shell.o
    0x08005710   0x08005710   0x00000098   Code   RO          857    .text.shellListKey  shell.o
    0x080057a8   0x080057a8   0x00000098   Code   RO          855    .text.shellListUser  shell.o
    0x08005840   0x08005840   0x00000098   Code   RO          853    .text.shellListVar  shell.o
    0x080058d8   0x080058d8   0x00000026   Code   RO          887    .text.shellNormalInput  shell.o
    0x080058fe   0x080058fe   0x00000002   PAD
    0x08005900   0x08005900   0x00000024   Code   RO          893    .text.shellParserParam  shell.o
    0x08005924   0x08005924   0x000000ae   Code   RO          883    .text.shellRemoveParamQuotes  shell.o
    0x080059d2   0x080059d2   0x00000002   PAD
    0x080059d4   0x080059d4   0x00000028   Code   RO          903    .text.shellRight    shell.o
    0x080059fc   0x080059fc   0x000000e2   Code   RO          881    .text.shellRunCommand  shell.o
    0x08005ade   0x08005ade   0x00000002   PAD
    0x08005ae0   0x08005ae0   0x000000d2   Code   RO          823    .text.shellSeekCommand  shell.o
    0x08005bb2   0x08005bb2   0x00000002   PAD
    0x08005bb4   0x08005bb4   0x000000a0   Code   RO          821    .text.shellSetUser  shell.o
    0x08005c54   0x08005c54   0x00000092   Code   RO          879    .text.shellSetVar   shell.o
    0x08005ce6   0x08005ce6   0x00000002   PAD
    0x08005ce8   0x08005ce8   0x000000d0   Code   RO          873    .text.shellSetVarValue  shell.o
    0x08005db8   0x08005db8   0x000000e8   Code   RO          877    .text.shellShowVar  shell.o
    0x08005ea0   0x08005ea0   0x00000214   Code   RO          869    .text.shellSplit    shell.o
    0x080060b4   0x080060b4   0x0000006e   Code   RO          909    .text.shellStringCompare  shell.o
    0x08006122   0x08006122   0x00000002   PAD
    0x08006124   0x08006124   0x00000044   Code   RO          875    .text.shellStringCopy  shell.o
    0x08006168   0x08006168   0x000001d4   Code   RO          907    .text.shellTab      shell.o
    0x0800633c   0x0800633c   0x00000034   Code   RO          923    .text.shellTask     shell.o
    0x08006370   0x08006370   0x000000b4   Code   RO          839    .text.shellToDec    shell.o
    0x08006424   0x08006424   0x0000006a   Code   RO          837    .text.shellToHex    shell.o
    0x0800648e   0x0800648e   0x00000002   PAD
    0x08006490   0x08006490   0x00000012   Code   RO          897    .text.shellUp       shell.o
    0x080064a2   0x080064a2   0x00000002   PAD
    0x080064a4   0x080064a4   0x0000001c   Code   RO          925    .text.shellUsers    shell.o
    0x080064c0   0x080064c0   0x0000001c   Code   RO          929    .text.shellVars     shell.o
    0x080064dc   0x080064dc   0x0000001c   Code   RO          845    .text.shellWriteByte  shell.o
    0x080064f8   0x080064f8   0x000000bc   Code   RO          847    .text.shellWriteCommandDesc  shell.o
    0x080065b4   0x080065b4   0x00000080   Code   RO          919    .text.shellWriteCommandHelp  shell.o
    0x08006634   0x08006634   0x00000092   Code   RO          825    .text.shellWritePrompt  shell.o
    0x080066c6   0x080066c6   0x00000002   PAD
    0x080066c8   0x080066c8   0x000000a0   Code   RO          885    .text.shellWriteReturnValue  shell.o
    0x08006768   0x08006768   0x0000005a   Code   RO          831    .text.shellWriteString  shell.o
    0x080067c2   0x080067c2   0x00000002   PAD
    0x080067c4   0x080067c4   0x00000032   Code   RO          711    .text.shell_board_init  board.o
    0x080067f6   0x080067f6   0x00000002   PAD
    0x080067f8   0x080067f8   0x000000f6   Code   RO          792    .text.shell_init    shell_port.o
    0x080068ee   0x080068ee   0x00000002   PAD
    0x080068f0   0x080068f0   0x00000010   Code   RO          798    .text.shell_process  shell_port.o
    0x08006900   0x08006900   0x00000022   Code   RO          794    .text.shell_read    shell_port.o
    0x08006922   0x08006922   0x00000002   PAD
    0x08006924   0x08006924   0x00000164   Code   RO          796    .text.shell_write   shell_port.o
    0x08006a88   0x08006a88   0x000000bc   Code   RO          724    .text.sort_initcalls  initcall.o
    0x08006b44   0x08006b44   0x0000007a   Code   RO          783    .text.update_dma_data  usartqueue.o
    0x08006bbe   0x08006bbe   0x00000002   PAD
    0x08006bc0   0x08006bc0   0x00000034   Code   RO         1104    i.__0snprintf       mc_w.l(printfa.o)
    0x08006bf4   0x08006bf4   0x00000028   Code   RO         1105    i.__0sprintf        mc_w.l(printfa.o)
    0x08006c1c   0x08006c1c   0x00000034   Code   RO         1108    i.__0vsnprintf      mc_w.l(printfa.o)
    0x08006c50   0x08006c50   0x0000000e   Code   RO         1194    i.__scatterload_copy  mc_w.l(handlers.o)
    0x08006c5e   0x08006c5e   0x00000002   Code   RO         1195    i.__scatterload_null  mc_w.l(handlers.o)
    0x08006c60   0x08006c60   0x0000000e   Code   RO         1196    i.__scatterload_zeroinit  mc_w.l(handlers.o)
    0x08006c6e   0x08006c6e   0x00000002   PAD
    0x08006c70   0x08006c70   0x00000184   Code   RO         1110    i._fp_digits        mc_w.l(printfa.o)
    0x08006df4   0x08006df4   0x000006dc   Code   RO         1111    i._printf_core      mc_w.l(printfa.o)
    0x080074d0   0x080074d0   0x00000024   Code   RO         1112    i._printf_post_padding  mc_w.l(printfa.o)
    0x080074f4   0x080074f4   0x0000002e   Code   RO         1113    i._printf_pre_padding  mc_w.l(printfa.o)
    0x08007522   0x08007522   0x00000016   Code   RO         1114    i._snputc           mc_w.l(printfa.o)
    0x08007538   0x08007538   0x0000000a   Code   RO         1115    i._sputc            mc_w.l(printfa.o)
    0x08007542   0x08007542   0x00000010   Data   RO          670    .rodata.AHBPrescTable  system_stm32f4xx.o
    0x08007552   0x08007552   0x00000008   Data   RO          671    .rodata.APBPrescTable  system_stm32f4xx.o
    0x0800755a   0x0800755a   0x00000008   Data   RO          431    .rodata.DMA_CalcBaseAndBitshift.flagBitshiftOffset  stm32f4xx_hal_dma.o
    0x08007562   0x08007562   0x00000002   PAD
    0x08007564   0x08007564   0x00000008   Data   RO          754    .rodata._stm32_uart1_ops  uart_board.o
    0x0800756c   0x0800756c   0x00000007   Data   RO          937    .rodata.shellCmdDefaultUser  shell.o
    0x08007573   0x08007573   0x00000006   Data   RO          983    .rodata.shellCmdclear  shell.o
    0x08007579   0x08007579   0x00000005   Data   RO          974    .rodata.shellCmdcmds  shell.o
    0x0800757e   0x0800757e   0x00000005   Data   RO          968    .rodata.shellCmdhelp  shell.o
    0x08007583   0x08007583   0x00000008   Data   RO         1055    .rodata.shellCmdhexdump  log.o
    0x0800758b   0x0800758b   0x00000005   Data   RO          980    .rodata.shellCmdkeys  shell.o
    0x08007590   0x08007590   0x00000004   Data   RO         1076    .rodata.shellCmdled  dev_led.o
    0x08007594   0x08007594   0x0000000c   Data   RO         1051    .rodata.shellCmdlogSetLevel  log.o
    0x080075a0   0x080075a0   0x00000007   Data   RO          945    .rodata.shellCmdsetVar  shell.o
    0x080075a7   0x080075a7   0x00000006   Data   RO          971    .rodata.shellCmdusers  shell.o
    0x080075ad   0x080075ad   0x00000005   Data   RO          977    .rodata.shellCmdvars  shell.o
    0x080075b2   0x080075b2   0x0000000d   Data   RO          939    .rodata.shellDesDefaultUser  shell.o
    0x080075bf   0x080075bf   0x00000011   Data   RO         1058    .rodata.shellDesc0x04000000  log.o
    0x080075d0   0x080075d0   0x0000000a   Data   RO          958    .rodata.shellDesc0x08000000  shell.o
    0x080075da   0x080075da   0x00000004   Data   RO          956    .rodata.shellDesc0x09000000  shell.o
    0x080075de   0x080075de   0x00000006   Data   RO          964    .rodata.shellDesc0x0A000000  shell.o
    0x080075e4   0x080075e4   0x00000006   Data   RO          966    .rodata.shellDesc0x0D000000  shell.o
    0x080075ea   0x080075ea   0x00000007   Data   RO          962    .rodata.shellDesc0x1B5B337E  shell.o
    0x080075f1   0x080075f1   0x00000003   Data   RO          948    .rodata.shellDesc0x1B5B4100  shell.o
    0x080075f4   0x080075f4   0x00000005   Data   RO          950    .rodata.shellDesc0x1B5B4200  shell.o
    0x080075f9   0x080075f9   0x00000006   Data   RO          952    .rodata.shellDesc0x1B5B4300  shell.o
    0x080075ff   0x080075ff   0x00000005   Data   RO          954    .rodata.shellDesc0x1B5B4400  shell.o
    0x08007604   0x08007604   0x0000000a   Data   RO          960    .rodata.shellDesc0x7F000000  shell.o
    0x0800760e   0x0800760e   0x0000000e   Data   RO          984    .rodata.shellDescclear  shell.o
    0x0800761c   0x0800761c   0x0000000d   Data   RO          975    .rodata.shellDesccmds  shell.o
    0x08007629   0x08007629   0x0000001e   Data   RO          969    .rodata.shellDeschelp  shell.o
    0x08007647   0x08007647   0x00000020   Data   RO         1056    .rodata.shellDeschexdump  log.o
    0x08007667   0x08007667   0x0000000d   Data   RO          981    .rodata.shellDesckeys  shell.o
    0x08007674   0x08007674   0x0000000c   Data   RO         1077    .rodata.shellDescled  dev_led.o
    0x08007680   0x08007680   0x00000024   Data   RO         1052    .rodata.shellDesclogSetLevel  log.o
    0x080076a4   0x080076a4   0x00000008   Data   RO          946    .rodata.shellDescsetVar  shell.o
    0x080076ac   0x080076ac   0x0000000e   Data   RO          972    .rodata.shellDescusers  shell.o
    0x080076ba   0x080076ba   0x0000000d   Data   RO          978    .rodata.shellDescvars  shell.o
    0x080076c7   0x080076c7   0x00000001   Data   RO          938    .rodata.shellPasswordDefaultUser  shell.o
    0x080076c8   0x080076c8   0x000000cc   Data   RO          805    .rodata.str1.1      shell_port.o
    0x08007794   0x08007794   0x000001b3   Data   RO          942    .rodata.str1.1      shell.o
    0x08007947   0x08007947   0x00000139   Data   RO         1050    .rodata.str1.1      log.o
    0x08007a80   0x08007a80   0x00000089   Data   RO         1075    .rodata.str1.1      dev_led.o
    0x08007b09   0x08007b09   0x00000003   PAD
    0x08007b0c   0x08007b0c   0x00000020   Data   RO         1193    Region$$Table       anon$$obj.o
    0x08007b2c   0x08007b2c   0x00000010   Data   RO          940    shellCommand        shell.o
    0x08007b3c   0x08007b3c   0x00000010   Data   RO          947    shellCommand        shell.o
    0x08007b4c   0x08007b4c   0x00000010   Data   RO          949    shellCommand        shell.o
    0x08007b5c   0x08007b5c   0x00000010   Data   RO          951    shellCommand        shell.o
    0x08007b6c   0x08007b6c   0x00000010   Data   RO          953    shellCommand        shell.o
    0x08007b7c   0x08007b7c   0x00000010   Data   RO          955    shellCommand        shell.o
    0x08007b8c   0x08007b8c   0x00000010   Data   RO          957    shellCommand        shell.o
    0x08007b9c   0x08007b9c   0x00000010   Data   RO          959    shellCommand        shell.o
    0x08007bac   0x08007bac   0x00000010   Data   RO          961    shellCommand        shell.o
    0x08007bbc   0x08007bbc   0x00000010   Data   RO          963    shellCommand        shell.o
    0x08007bcc   0x08007bcc   0x00000010   Data   RO          965    shellCommand        shell.o
    0x08007bdc   0x08007bdc   0x00000010   Data   RO          967    shellCommand        shell.o
    0x08007bec   0x08007bec   0x00000010   Data   RO          970    shellCommand        shell.o
    0x08007bfc   0x08007bfc   0x00000010   Data   RO          973    shellCommand        shell.o
    0x08007c0c   0x08007c0c   0x00000010   Data   RO          976    shellCommand        shell.o
    0x08007c1c   0x08007c1c   0x00000010   Data   RO          979    shellCommand        shell.o
    0x08007c2c   0x08007c2c   0x00000010   Data   RO          982    shellCommand        shell.o
    0x08007c3c   0x08007c3c   0x00000010   Data   RO          985    shellCommand        shell.o
    0x08007c4c   0x08007c4c   0x00000010   Data   RO         1053    shellCommand        log.o
    0x08007c5c   0x08007c5c   0x00000010   Data   RO         1057    shellCommand        log.o
    0x08007c6c   0x08007c6c   0x00000010   Data   RO         1059    shellCommand        log.o
    0x08007c7c   0x08007c7c   0x00000010   Data   RO         1078    shellCommand        dev_led.o
    0x08007c8c   0x08007c8c   0x00000004   Data   RO          683    .init_array         platform_init.o
    0x08007c90   0x08007c8c   0x00000004   Data   RO          714    .init_array         board.o
    0x08007c94   0x08007c8c   0x00000004   Data   RO          809    .init_array         shell_port.o
    0x08007c98   0x08007c8c   0x00000000   Data   RO         1131    .init_array         mc_w.l(cpp_init.o)


    Execution Region RW_IRAM1 (Exec base: 0x20000000, Load base: 0x08007c98, Size: 0x00001170, Max: 0x0001c000, ABSOLUTE)

    Exec Addr    Load Addr    Size         Type   Attr      Idx    E Section Name        Object

    0x20000000   0x08007c98   0x00000004   Data   RW          669    .data.SystemCoreClock  system_stm32f4xx.o
    0x20000004   0x08007c9c   0x00000002   Data   RW          941    .data.pairedChars   shell.o
    0x20000006   0x08007c9e   0x00000002   PAD
    0x20000008   0x08007ca0   0x00000054   Data   RW          944    .data.shellText     shell.o
    0x2000005c   0x08007cf4   0x00000001   Data   RW          631    .data.uwTickFreq    stm32f4xx_hal.o
    0x2000005d   0x08007cf5   0x00000003   PAD
    0x20000060   0x08007cf8   0x00000004   Data   RW          630    .data.uwTickPrio    stm32f4xx_hal.o
    0x20000064   0x08007cfc   0x00000004   PAD
    0x20000068        -       0x0000000c   Zero   RW          804    .bss.Loginfo        shell_port.o
    0x20000074        -       0x00000218   Zero   RW          752    .bss.Uart1Que       uart_board.o
    0x2000028c        -       0x00000008   Zero   RW          755    .bss._stm32_uart1_bus  uart_board.o
    0x20000294        -       0x00000004   Zero   RW          699    .bss.g_stm32_uart1_bus  platform_uart.o
    0x20000298        -       0x00000060   Zero   RW           48    .bss.hdma_usart1_rx  usart.o
    0x200002f8        -       0x00000060   Zero   RW           49    .bss.hdma_usart1_tx  usart.o
    0x20000358        -       0x00000048   Zero   RW           47    .bss.huart1         usart.o
    0x200003a0        -       0x00000004   Zero   RW          726    .bss.initcall_count  initcall.o
    0x200003a4        -       0x00000200   Zero   RW          728    .bss.initcall_levels  initcall.o
    0x200005a4        -       0x00000200   Zero   RW          727    .bss.initcall_table  initcall.o
    0x200007a4        -       0x00000080   Zero   RW         1054    .bss.logBuffer      log.o
    0x20000824        -       0x00000014   Zero   RW         1049    .bss.logList        log.o
    0x20000838        -       0x00000009   Zero   RW          986    .bss.shellGetCommandName.buffer  shell.o
    0x20000841   0x08007cfc   0x00000003   PAD
    0x20000844        -       0x00000014   Zero   RW          943    .bss.shellList      shell.o
    0x20000858        -       0x00000200   Zero   RW          803    .bss.shell_buffer   shell_port.o
    0x20000a58        -       0x00000001   Zero   RW          806    .bss.shell_last_was_newline  shell_port.o
    0x20000a59        -       0x00000040   Zero   RW          807    .bss.shell_tx_buffer  shell_port.o
    0x20000a99   0x08007cfc   0x00000003   PAD
    0x20000a9c        -       0x00000004   Zero   RW          808    .bss.shell_tx_length  shell_port.o
    0x20000aa0        -       0x00000084   Zero   RW          802    .bss.shell_user     shell_port.o
    0x20000b24        -       0x00000004   Zero   RW          713    .bss.uart1_c        board.o
    0x20000b28        -       0x00000200   Zero   RW          753    .bss.usart1_DMA_rxBuff  uart_board.o
    0x20000d28        -       0x00000040   Zero   RW          756    .bss.usart1_DMA_txBuff  uart_board.o
    0x20000d68        -       0x00000004   Zero   RW          632    .bss.uwTick         stm32f4xx_hal.o
    0x20000d6c   0x08007cfc   0x00000004   PAD
    0x20000d70        -       0x00000400   Zero   RW            1    STACK               startup_stm32f407xx.o


    Execution Region RW_IRAM2 (Exec base: 0x2001c000, Load base: 0x08007d00, Size: 0x00000000, Max: 0x00004000, ABSOLUTE)

    **** No section assigned to this execution region ****


==============================================================================

Image component sizes


      Code (inc. data)   RO Data    RW Data    ZI Data      Debug   Object Name

       130          0          4          0          4       1317   board.o
       274          0        169          0          0       4003   dev_led.o
        80          0          0          0          0       3278   dma.o
       168          0          0          0          0       2087   gpio.o
       270          0          0          0       1028       1168   initcall.o
      1300          0        466          0        148       6294   log.o
       234          0          0          0          0       2776   main.o
        80          0          4          0          0        501   platform_init.o
       272          0          0          0          4       1804   platform_uart.o
      7876         12        950         86         29      21731   shell.o
       144          0          0          0          0       3227   shell_companion.o
      1574          8          0          0          0       6140   shell_ext.o
       724          0        208          0        725       4025   shell_port.o
        36          8        392          0       1024        832   startup_stm32f407xx.o
       204          0          0          5          4       7098   stm32f4xx_hal.o
       482          0          0          0          0       9672   stm32f4xx_hal_cortex.o
      2068          8          8          0          0       8455   stm32f4xx_hal_dma.o
      1034          0          0          0          0       5074   stm32f4xx_hal_gpio.o
        74          0          0          0          0       1464   stm32f4xx_hal_msp.o
      2646          0          0          0          0       7577   stm32f4xx_hal_rcc.o
      3920          0          0          0          0      20301   stm32f4xx_hal_uart.o
        82          0          0          0          0       1295   stm32f4xx_it.o
        18          0         24          4          0       2494   system_stm32f4xx.o
       806          0          8          0       1120       5882   uart_board.o
       116          0          0          0          0       3544   uart_callback.o
       402          0          0          0        264       6895   usart.o
       476          0          0          0          0       2454   usartqueue.o

    ----------------------------------------------------------------------
     25644         36       2270        100       4364     141388   Object Totals
         0          0         32          0          0          0   (incl. Generated)
       154          0          5          5         14          0   (incl. Padding)

    ----------------------------------------------------------------------

      Code (inc. data)   RO Data    RW Data    ZI Data      Debug   Library Member Name

        32          8          0          0          0         80   cpp_init.o
         0          0          0          0          0          0   entry.o
         0          0          0          0          0          0   entry10a.o
         0          0          0          0          0          0   entry11a.o
         8          4          0          0          0          0   entry2.o
         4          0          0          0          0          0   entry5.o
         0          0          0          0          0          0   entry7b.o
         4          0          0          0          0          0   entry8a.o
         0          0          0          0          0          0   entry8b.o
         8          4          0          0          0          0   entry9a.o
        30          0          0          0          0          0   handlers.o
        36          8          0          0          0         68   init.o
         0          0          0          0          0          0   iusefp.o
        30          0          0          0          0         68   llshl.o
        36          0          0          0          0         68   llsshr.o
        32          0          0          0          0         68   llushr.o
        36          0          0          0          0         68   memcpya.o
        36          0          0          0          0        108   memseta.o
      2402         96          0          0          0        756   printfa.o
        28          0          0          0          0         76   strcmp.o
        14          0          0          0          0         68   strlen.o
        30          0          0          0          0         80   strncmp.o
        44          0          0          0          0         80   uidiv.o
        98          0          0          0          0         92   uldiv.o
        48          0          0          0          0         68   cdrcmple.o
       334          0          0          0          0        148   dadd.o
       222          0          0          0          0        100   ddiv.o
       186          0          0          0          0        176   depilogue.o
        48          0          0          0          0         68   dfixul.o
       228          0          0          0          0         96   dmul.o

    ----------------------------------------------------------------------
      3982        120          0          0          0       2336   Library Totals
         8          0          0          0          0          0   (incl. Padding)

    ----------------------------------------------------------------------

      Code (inc. data)   RO Data    RW Data    ZI Data      Debug   Library Name

      2908        120          0          0          0       1680   mc_w.l
      1066          0          0          0          0        656   mf_w.l

    ----------------------------------------------------------------------
      3982        120          0          0          0       2336   Library Totals

    ----------------------------------------------------------------------

==============================================================================


      Code (inc. data)   RO Data    RW Data    ZI Data      Debug   

     29626        156       2270        100       4364     142180   Grand Totals
     29626        156       2270        100       4364     142180   ELF Image Totals
     29626        156       2270        100          0          0   ROM Totals

==============================================================================

    Total RO  Size (Code + RO Data)                31896 (  31.15kB)
    Total RW  Size (RW Data + ZI Data)              4464 (   4.36kB)
    Total ROM Size (Code + RO Data + RW Data)      31996 (  31.25kB)

==============================================================================

