<!doctype html public "-//w3c//dtd html 4.0 transitional//en">
<html><head>
<title>Static Call Graph - [comm_g4\comm_g4.axf]</title></head>
<body><HR>
<H1>Static Call Graph for image comm_g4\comm_g4.axf</H1><HR>
<BR><P>#&#060CALLGRAPH&#062# ARM Linker, 6190004: Last Updated: Fri Jul 31 19:10:05 2026
<BR><P>
<H3>Maximum Stack Usage =        316 bytes + Unknown(Functions without stacksize, Cycles, Untraceable Function Pointers)</H3><H3>
Call chain for Maximum Stack Depth:</H3>
__rt_entry_main &rArr; main &rArr; app_UpDataPacketDisassembly_loop &rArr; LastBatchData &rArr; Update_writeflag &rArr; bsp_STMFLASH_Write &rArr; HAL_FLASH_Program &rArr; FLASH_Program_Fast
<P>
<H3>
Functions with no stack information
</H3><UL>
 <LI><a href="#[92]">__user_initial_stackheap</a>
</UL>
</UL>
<P>
<H3>
Mutually Recursive functions
</H3> <LI><a href="#[1c]">ADC1_2_IRQHandler</a>&nbsp;&nbsp;&nbsp;&rArr;&nbsp;&nbsp;&nbsp;<a href="#[1c]">ADC1_2_IRQHandler</a><BR>
</UL>
<P>
<H3>
Function Pointers
</H3><UL>
 <LI><a href="#[1c]">ADC1_2_IRQHandler</a> from startup_stm32g474xx.o(.text) referenced from startup_stm32g474xx.o(RESET)
 <LI><a href="#[39]">ADC3_IRQHandler</a> from startup_stm32g474xx.o(.text) referenced from startup_stm32g474xx.o(RESET)
 <LI><a href="#[47]">ADC4_IRQHandler</a> from startup_stm32g474xx.o(.text) referenced from startup_stm32g474xx.o(RESET)
 <LI><a href="#[48]">ADC5_IRQHandler</a> from startup_stm32g474xx.o(.text) referenced from startup_stm32g474xx.o(RESET)
 <LI><a href="#[4]">BusFault_Handler</a> from stm32g4xx_it.o(.text.BusFault_Handler) referenced from startup_stm32g474xx.o(RESET)
 <LI><a href="#[4a]">COMP1_2_3_IRQHandler</a> from startup_stm32g474xx.o(.text) referenced from startup_stm32g474xx.o(RESET)
 <LI><a href="#[4b]">COMP4_5_6_IRQHandler</a> from startup_stm32g474xx.o(.text) referenced from startup_stm32g474xx.o(RESET)
 <LI><a href="#[4c]">COMP7_IRQHandler</a> from startup_stm32g474xx.o(.text) referenced from startup_stm32g474xx.o(RESET)
 <LI><a href="#[6d]">CORDIC_IRQHandler</a> from startup_stm32g474xx.o(.text) referenced from startup_stm32g474xx.o(RESET)
 <LI><a href="#[55]">CRS_IRQHandler</a> from startup_stm32g474xx.o(.text) referenced from startup_stm32g474xx.o(RESET)
 <LI><a href="#[15]">DMA1_Channel1_IRQHandler</a> from stm32g4xx_it.o(.text.DMA1_Channel1_IRQHandler) referenced from startup_stm32g474xx.o(RESET)
 <LI><a href="#[16]">DMA1_Channel2_IRQHandler</a> from stm32g4xx_it.o(.text.DMA1_Channel2_IRQHandler) referenced from startup_stm32g474xx.o(RESET)
 <LI><a href="#[17]">DMA1_Channel3_IRQHandler</a> from stm32g4xx_it.o(.text.DMA1_Channel3_IRQHandler) referenced from startup_stm32g474xx.o(RESET)
 <LI><a href="#[18]">DMA1_Channel4_IRQHandler</a> from stm32g4xx_it.o(.text.DMA1_Channel4_IRQHandler) referenced from startup_stm32g474xx.o(RESET)
 <LI><a href="#[19]">DMA1_Channel5_IRQHandler</a> from stm32g4xx_it.o(.text.DMA1_Channel5_IRQHandler) referenced from startup_stm32g474xx.o(RESET)
 <LI><a href="#[1a]">DMA1_Channel6_IRQHandler</a> from stm32g4xx_it.o(.text.DMA1_Channel6_IRQHandler) referenced from startup_stm32g474xx.o(RESET)
 <LI><a href="#[1b]">DMA1_Channel7_IRQHandler</a> from startup_stm32g474xx.o(.text) referenced from startup_stm32g474xx.o(RESET)
 <LI><a href="#[69]">DMA1_Channel8_IRQHandler</a> from startup_stm32g474xx.o(.text) referenced from startup_stm32g474xx.o(RESET)
 <LI><a href="#[42]">DMA2_Channel1_IRQHandler</a> from stm32g4xx_it.o(.text.DMA2_Channel1_IRQHandler) referenced from startup_stm32g474xx.o(RESET)
 <LI><a href="#[43]">DMA2_Channel2_IRQHandler</a> from startup_stm32g474xx.o(.text) referenced from startup_stm32g474xx.o(RESET)
 <LI><a href="#[44]">DMA2_Channel3_IRQHandler</a> from startup_stm32g474xx.o(.text) referenced from startup_stm32g474xx.o(RESET)
 <LI><a href="#[45]">DMA2_Channel4_IRQHandler</a> from stm32g4xx_it.o(.text.DMA2_Channel4_IRQHandler) referenced from startup_stm32g474xx.o(RESET)
 <LI><a href="#[46]">DMA2_Channel5_IRQHandler</a> from startup_stm32g474xx.o(.text) referenced from startup_stm32g474xx.o(RESET)
 <LI><a href="#[6a]">DMA2_Channel6_IRQHandler</a> from startup_stm32g474xx.o(.text) referenced from startup_stm32g474xx.o(RESET)
 <LI><a href="#[6b]">DMA2_Channel7_IRQHandler</a> from startup_stm32g474xx.o(.text) referenced from startup_stm32g474xx.o(RESET)
 <LI><a href="#[6c]">DMA2_Channel8_IRQHandler</a> from startup_stm32g474xx.o(.text) referenced from startup_stm32g474xx.o(RESET)
 <LI><a href="#[67]">DMAMUX_OVR_IRQHandler</a> from startup_stm32g474xx.o(.text) referenced from startup_stm32g474xx.o(RESET)
 <LI><a href="#[7]">DebugMon_Handler</a> from stm32g4xx_it.o(.text.DebugMon_Handler) referenced from startup_stm32g474xx.o(RESET)
 <LI><a href="#[10]">EXTI0_IRQHandler</a> from startup_stm32g474xx.o(.text) referenced from startup_stm32g474xx.o(RESET)
 <LI><a href="#[32]">EXTI15_10_IRQHandler</a> from startup_stm32g474xx.o(.text) referenced from startup_stm32g474xx.o(RESET)
 <LI><a href="#[11]">EXTI1_IRQHandler</a> from startup_stm32g474xx.o(.text) referenced from startup_stm32g474xx.o(RESET)
 <LI><a href="#[12]">EXTI2_IRQHandler</a> from startup_stm32g474xx.o(.text) referenced from startup_stm32g474xx.o(RESET)
 <LI><a href="#[13]">EXTI3_IRQHandler</a> from startup_stm32g474xx.o(.text) referenced from startup_stm32g474xx.o(RESET)
 <LI><a href="#[14]">EXTI4_IRQHandler</a> from stm32g4xx_it.o(.text.EXTI4_IRQHandler) referenced from startup_stm32g474xx.o(RESET)
 <LI><a href="#[21]">EXTI9_5_IRQHandler</a> from startup_stm32g474xx.o(.text) referenced from startup_stm32g474xx.o(RESET)
 <LI><a href="#[1f]">FDCAN1_IT0_IRQHandler</a> from stm32g4xx_it.o(.text.FDCAN1_IT0_IRQHandler) referenced from startup_stm32g474xx.o(RESET)
 <LI><a href="#[20]">FDCAN1_IT1_IRQHandler</a> from startup_stm32g474xx.o(.text) referenced from startup_stm32g474xx.o(RESET)
 <LI><a href="#[5f]">FDCAN2_IT0_IRQHandler</a> from startup_stm32g474xx.o(.text) referenced from startup_stm32g474xx.o(RESET)
 <LI><a href="#[60]">FDCAN2_IT1_IRQHandler</a> from stm32g4xx_it.o(.text.FDCAN2_IT1_IRQHandler) referenced from startup_stm32g474xx.o(RESET)
 <LI><a href="#[61]">FDCAN3_IT0_IRQHandler</a> from startup_stm32g474xx.o(.text) referenced from startup_stm32g474xx.o(RESET)
 <LI><a href="#[62]">FDCAN3_IT1_IRQHandler</a> from startup_stm32g474xx.o(.text) referenced from startup_stm32g474xx.o(RESET)
 <LI><a href="#[e]">FLASH_IRQHandler</a> from startup_stm32g474xx.o(.text) referenced from startup_stm32g474xx.o(RESET)
 <LI><a href="#[6e]">FMAC_IRQHandler</a> from startup_stm32g474xx.o(.text) referenced from startup_stm32g474xx.o(RESET)
 <LI><a href="#[3a]">FMC_IRQHandler</a> from startup_stm32g474xx.o(.text) referenced from startup_stm32g474xx.o(RESET)
 <LI><a href="#[5b]">FPU_IRQHandler</a> from startup_stm32g474xx.o(.text) referenced from startup_stm32g474xx.o(RESET)
 <LI><a href="#[53]">HRTIM1_FLT_IRQHandler</a> from startup_stm32g474xx.o(.text) referenced from startup_stm32g474xx.o(RESET)
 <LI><a href="#[4d]">HRTIM1_Master_IRQHandler</a> from startup_stm32g474xx.o(.text) referenced from startup_stm32g474xx.o(RESET)
 <LI><a href="#[4e]">HRTIM1_TIMA_IRQHandler</a> from startup_stm32g474xx.o(.text) referenced from startup_stm32g474xx.o(RESET)
 <LI><a href="#[4f]">HRTIM1_TIMB_IRQHandler</a> from startup_stm32g474xx.o(.text) referenced from startup_stm32g474xx.o(RESET)
 <LI><a href="#[50]">HRTIM1_TIMC_IRQHandler</a> from startup_stm32g474xx.o(.text) referenced from startup_stm32g474xx.o(RESET)
 <LI><a href="#[51]">HRTIM1_TIMD_IRQHandler</a> from startup_stm32g474xx.o(.text) referenced from startup_stm32g474xx.o(RESET)
 <LI><a href="#[52]">HRTIM1_TIME_IRQHandler</a> from startup_stm32g474xx.o(.text) referenced from startup_stm32g474xx.o(RESET)
 <LI><a href="#[54]">HRTIM1_TIMF_IRQHandler</a> from startup_stm32g474xx.o(.text) referenced from startup_stm32g474xx.o(RESET)
 <LI><a href="#[2]">HardFault_Handler</a> from stm32g4xx_it.o(.text.HardFault_Handler) referenced from startup_stm32g474xx.o(RESET)
 <LI><a href="#[2a]">I2C1_ER_IRQHandler</a> from startup_stm32g474xx.o(.text) referenced from startup_stm32g474xx.o(RESET)
 <LI><a href="#[29]">I2C1_EV_IRQHandler</a> from startup_stm32g474xx.o(.text) referenced from startup_stm32g474xx.o(RESET)
 <LI><a href="#[2c]">I2C2_ER_IRQHandler</a> from startup_stm32g474xx.o(.text) referenced from startup_stm32g474xx.o(RESET)
 <LI><a href="#[2b]">I2C2_EV_IRQHandler</a> from startup_stm32g474xx.o(.text) referenced from startup_stm32g474xx.o(RESET)
 <LI><a href="#[66]">I2C3_ER_IRQHandler</a> from startup_stm32g474xx.o(.text) referenced from startup_stm32g474xx.o(RESET)
 <LI><a href="#[65]">I2C3_EV_IRQHandler</a> from startup_stm32g474xx.o(.text) referenced from startup_stm32g474xx.o(RESET)
 <LI><a href="#[5d]">I2C4_ER_IRQHandler</a> from startup_stm32g474xx.o(.text) referenced from startup_stm32g474xx.o(RESET)
 <LI><a href="#[5c]">I2C4_EV_IRQHandler</a> from startup_stm32g474xx.o(.text) referenced from startup_stm32g474xx.o(RESET)
 <LI><a href="#[3b]">LPTIM1_IRQHandler</a> from startup_stm32g474xx.o(.text) referenced from startup_stm32g474xx.o(RESET)
 <LI><a href="#[64]">LPUART1_IRQHandler</a> from startup_stm32g474xx.o(.text) referenced from startup_stm32g474xx.o(RESET)
 <LI><a href="#[3]">MemManage_Handler</a> from stm32g4xx_it.o(.text.MemManage_Handler) referenced from startup_stm32g474xx.o(RESET)
 <LI><a href="#[1]">NMI_Handler</a> from stm32g4xx_it.o(.text.NMI_Handler) referenced from startup_stm32g474xx.o(RESET)
 <LI><a href="#[b]">PVD_PVM_IRQHandler</a> from startup_stm32g474xx.o(.text) referenced from startup_stm32g474xx.o(RESET)
 <LI><a href="#[8]">PendSV_Handler</a> from stm32g4xx_it.o(.text.PendSV_Handler) referenced from startup_stm32g474xx.o(RESET)
 <LI><a href="#[68]">QUADSPI_IRQHandler</a> from startup_stm32g474xx.o(.text) referenced from startup_stm32g474xx.o(RESET)
 <LI><a href="#[f]">RCC_IRQHandler</a> from startup_stm32g474xx.o(.text) referenced from startup_stm32g474xx.o(RESET)
 <LI><a href="#[63]">RNG_IRQHandler</a> from startup_stm32g474xx.o(.text) referenced from startup_stm32g474xx.o(RESET)
 <LI><a href="#[33]">RTC_Alarm_IRQHandler</a> from startup_stm32g474xx.o(.text) referenced from startup_stm32g474xx.o(RESET)
 <LI><a href="#[c]">RTC_TAMP_LSECSS_IRQHandler</a> from startup_stm32g474xx.o(.text) referenced from startup_stm32g474xx.o(RESET)
 <LI><a href="#[d]">RTC_WKUP_IRQHandler</a> from startup_stm32g474xx.o(.text) referenced from startup_stm32g474xx.o(RESET)
 <LI><a href="#[0]">Reset_Handler</a> from startup_stm32g474xx.o(.text) referenced from startup_stm32g474xx.o(RESET)
 <LI><a href="#[56]">SAI1_IRQHandler</a> from startup_stm32g474xx.o(.text) referenced from startup_stm32g474xx.o(RESET)
 <LI><a href="#[2d]">SPI1_IRQHandler</a> from startup_stm32g474xx.o(.text) referenced from startup_stm32g474xx.o(RESET)
 <LI><a href="#[2e]">SPI2_IRQHandler</a> from startup_stm32g474xx.o(.text) referenced from startup_stm32g474xx.o(RESET)
 <LI><a href="#[3d]">SPI3_IRQHandler</a> from startup_stm32g474xx.o(.text) referenced from startup_stm32g474xx.o(RESET)
 <LI><a href="#[5e]">SPI4_IRQHandler</a> from startup_stm32g474xx.o(.text) referenced from startup_stm32g474xx.o(RESET)
 <LI><a href="#[75]">SPI_DMAError</a> from stm32g4xx_hal_spi.o(.text.SPI_DMAError) referenced 2 times from stm32g4xx_hal_spi.o(.text.HAL_SPI_TransmitReceive_DMA)
 <LI><a href="#[71]">SPI_DMAHalfReceiveCplt</a> from stm32g4xx_hal_spi.o(.text.SPI_DMAHalfReceiveCplt) referenced 2 times from stm32g4xx_hal_spi.o(.text.HAL_SPI_TransmitReceive_DMA)
 <LI><a href="#[73]">SPI_DMAHalfTransmitReceiveCplt</a> from stm32g4xx_hal_spi.o(.text.SPI_DMAHalfTransmitReceiveCplt) referenced 2 times from stm32g4xx_hal_spi.o(.text.HAL_SPI_TransmitReceive_DMA)
 <LI><a href="#[72]">SPI_DMAReceiveCplt</a> from stm32g4xx_hal_spi.o(.text.SPI_DMAReceiveCplt) referenced 2 times from stm32g4xx_hal_spi.o(.text.HAL_SPI_TransmitReceive_DMA)
 <LI><a href="#[74]">SPI_DMATransmitReceiveCplt</a> from stm32g4xx_hal_spi.o(.text.SPI_DMATransmitReceiveCplt) referenced 2 times from stm32g4xx_hal_spi.o(.text.HAL_SPI_TransmitReceive_DMA)
 <LI><a href="#[6]">SVC_Handler</a> from stm32g4xx_it.o(.text.SVC_Handler) referenced from startup_stm32g474xx.o(RESET)
 <LI><a href="#[9]">SysTick_Handler</a> from stm32g4xx_it.o(.text.SysTick_Handler) referenced from startup_stm32g474xx.o(RESET)
 <LI><a href="#[6f]">SystemInit</a> from system_stm32g4xx.o(.text.SystemInit) referenced from startup_stm32g474xx.o(.text)
 <LI><a href="#[22]">TIM1_BRK_TIM15_IRQHandler</a> from startup_stm32g474xx.o(.text) referenced from startup_stm32g474xx.o(RESET)
 <LI><a href="#[25]">TIM1_CC_IRQHandler</a> from startup_stm32g474xx.o(.text) referenced from startup_stm32g474xx.o(RESET)
 <LI><a href="#[24]">TIM1_TRG_COM_TIM17_IRQHandler</a> from startup_stm32g474xx.o(.text) referenced from startup_stm32g474xx.o(RESET)
 <LI><a href="#[23]">TIM1_UP_TIM16_IRQHandler</a> from startup_stm32g474xx.o(.text) referenced from startup_stm32g474xx.o(RESET)
 <LI><a href="#[57]">TIM20_BRK_IRQHandler</a> from startup_stm32g474xx.o(.text) referenced from startup_stm32g474xx.o(RESET)
 <LI><a href="#[5a]">TIM20_CC_IRQHandler</a> from startup_stm32g474xx.o(.text) referenced from startup_stm32g474xx.o(RESET)
 <LI><a href="#[59]">TIM20_TRG_COM_IRQHandler</a> from startup_stm32g474xx.o(.text) referenced from startup_stm32g474xx.o(RESET)
 <LI><a href="#[58]">TIM20_UP_IRQHandler</a> from startup_stm32g474xx.o(.text) referenced from startup_stm32g474xx.o(RESET)
 <LI><a href="#[26]">TIM2_IRQHandler</a> from startup_stm32g474xx.o(.text) referenced from startup_stm32g474xx.o(RESET)
 <LI><a href="#[27]">TIM3_IRQHandler</a> from startup_stm32g474xx.o(.text) referenced from startup_stm32g474xx.o(RESET)
 <LI><a href="#[28]">TIM4_IRQHandler</a> from startup_stm32g474xx.o(.text) referenced from startup_stm32g474xx.o(RESET)
 <LI><a href="#[3c]">TIM5_IRQHandler</a> from startup_stm32g474xx.o(.text) referenced from startup_stm32g474xx.o(RESET)
 <LI><a href="#[40]">TIM6_DAC_IRQHandler</a> from startup_stm32g474xx.o(.text) referenced from startup_stm32g474xx.o(RESET)
 <LI><a href="#[41]">TIM7_DAC_IRQHandler</a> from startup_stm32g474xx.o(.text) referenced from startup_stm32g474xx.o(RESET)
 <LI><a href="#[35]">TIM8_BRK_IRQHandler</a> from startup_stm32g474xx.o(.text) referenced from startup_stm32g474xx.o(RESET)
 <LI><a href="#[38]">TIM8_CC_IRQHandler</a> from startup_stm32g474xx.o(.text) referenced from startup_stm32g474xx.o(RESET)
 <LI><a href="#[37]">TIM8_TRG_COM_IRQHandler</a> from startup_stm32g474xx.o(.text) referenced from startup_stm32g474xx.o(RESET)
 <LI><a href="#[36]">TIM8_UP_IRQHandler</a> from startup_stm32g474xx.o(.text) referenced from startup_stm32g474xx.o(RESET)
 <LI><a href="#[3e]">UART4_IRQHandler</a> from startup_stm32g474xx.o(.text) referenced from startup_stm32g474xx.o(RESET)
 <LI><a href="#[3f]">UART5_IRQHandler</a> from startup_stm32g474xx.o(.text) referenced from startup_stm32g474xx.o(RESET)
 <LI><a href="#[76]">UART_DMAAbortOnError</a> from stm32g4xx_hal_uart.o(.text.UART_DMAAbortOnError) referenced 2 times from stm32g4xx_hal_uart.o(.text.HAL_UART_IRQHandler)
 <LI><a href="#[79]">UART_DMAError</a> from stm32g4xx_hal_uart.o(.text.UART_DMAError) referenced 2 times from stm32g4xx_hal_uart.o(.text.UART_Start_Receive_DMA)
 <LI><a href="#[77]">UART_DMAReceiveCplt</a> from stm32g4xx_hal_uart.o(.text.UART_DMAReceiveCplt) referenced 2 times from stm32g4xx_hal_uart.o(.text.UART_Start_Receive_DMA)
 <LI><a href="#[78]">UART_DMARxHalfCplt</a> from stm32g4xx_hal_uart.o(.text.UART_DMARxHalfCplt) referenced 2 times from stm32g4xx_hal_uart.o(.text.UART_Start_Receive_DMA)
 <LI><a href="#[49]">UCPD1_IRQHandler</a> from startup_stm32g474xx.o(.text) referenced from startup_stm32g474xx.o(RESET)
 <LI><a href="#[2f]">USART1_IRQHandler</a> from stm32g4xx_it.o(.text.USART1_IRQHandler) referenced from startup_stm32g474xx.o(RESET)
 <LI><a href="#[30]">USART2_IRQHandler</a> from stm32g4xx_it.o(.text.USART2_IRQHandler) referenced from startup_stm32g474xx.o(RESET)
 <LI><a href="#[31]">USART3_IRQHandler</a> from stm32g4xx_it.o(.text.USART3_IRQHandler) referenced from startup_stm32g474xx.o(RESET)
 <LI><a href="#[34]">USBWakeUp_IRQHandler</a> from startup_stm32g474xx.o(.text) referenced from startup_stm32g474xx.o(RESET)
 <LI><a href="#[1d]">USB_HP_IRQHandler</a> from startup_stm32g474xx.o(.text) referenced from startup_stm32g474xx.o(RESET)
 <LI><a href="#[1e]">USB_LP_IRQHandler</a> from startup_stm32g474xx.o(.text) referenced from startup_stm32g474xx.o(RESET)
 <LI><a href="#[5]">UsageFault_Handler</a> from stm32g4xx_it.o(.text.UsageFault_Handler) referenced from startup_stm32g474xx.o(RESET)
 <LI><a href="#[a]">WWDG_IRQHandler</a> from startup_stm32g474xx.o(.text) referenced from startup_stm32g474xx.o(RESET)
 <LI><a href="#[70]">__main</a> from __main.o(!!!main) referenced from startup_stm32g474xx.o(.text)
</UL>
<P>
<H3>
Global Symbols
</H3>
<P><STRONG><a name="[70]"></a>__main</STRONG> (Thumb, 8 bytes, Stack size 0 bytes, __main.o(!!!main))
<BR><BR>[Calls]<UL><LI><a href="#[7a]">&gt;&gt;</a>&nbsp;&nbsp;&nbsp;__scatterload
<LI><a href="#[7b]">&gt;&gt;</a>&nbsp;&nbsp;&nbsp;__rt_entry
</UL>
<BR>[Address Reference Count : 1]<UL><LI> startup_stm32g474xx.o(.text)
</UL>
<P><STRONG><a name="[7a]"></a>__scatterload</STRONG> (Thumb, 0 bytes, Stack size unknown bytes, __scatter.o(!!!scatter))
<BR><BR>[Called By]<UL><LI><a href="#[70]">&gt;&gt;</a>&nbsp;&nbsp;&nbsp;__main
</UL>

<P><STRONG><a name="[7c]"></a>__scatterload_rt2</STRONG> (Thumb, 44 bytes, Stack size unknown bytes, __scatter.o(!!!scatter), UNUSED)
<BR><BR>[Calls]<UL><LI><a href="#[7b]">&gt;&gt;</a>&nbsp;&nbsp;&nbsp;__rt_entry
</UL>

<P><STRONG><a name="[17b]"></a>__scatterload_rt2_thumb_only</STRONG> (Thumb, 0 bytes, Stack size unknown bytes, __scatter.o(!!!scatter), UNUSED)

<P><STRONG><a name="[17c]"></a>__scatterload_null</STRONG> (Thumb, 0 bytes, Stack size unknown bytes, __scatter.o(!!!scatter), UNUSED)

<P><STRONG><a name="[7d]"></a>__scatterload_copy</STRONG> (Thumb, 26 bytes, Stack size unknown bytes, __scatter_copy.o(!!handler_copy), UNUSED)
<BR><BR>[Calls]<UL><LI><a href="#[7d]">&gt;&gt;</a>&nbsp;&nbsp;&nbsp;__scatterload_copy
</UL>
<BR>[Called By]<UL><LI><a href="#[7d]">&gt;&gt;</a>&nbsp;&nbsp;&nbsp;__scatterload_copy
</UL>

<P><STRONG><a name="[17d]"></a>__scatterload_zeroinit</STRONG> (Thumb, 28 bytes, Stack size unknown bytes, __scatter_zi.o(!!handler_zi), UNUSED)

<P><STRONG><a name="[83]"></a>__rt_lib_init</STRONG> (Thumb, 0 bytes, Stack size unknown bytes, libinit.o(.ARM.Collect$$libinit$$00000000))
<BR><BR>[Called By]<UL><LI><a href="#[82]">&gt;&gt;</a>&nbsp;&nbsp;&nbsp;__rt_entry_li
</UL>

<P><STRONG><a name="[7e]"></a>__rt_lib_init_fp_1</STRONG> (Thumb, 0 bytes, Stack size unknown bytes, libinit2.o(.ARM.Collect$$libinit$$00000001))
<BR><BR>[Calls]<UL><LI><a href="#[7f]">&gt;&gt;</a>&nbsp;&nbsp;&nbsp;_fp_init
</UL>

<P><STRONG><a name="[17e]"></a>__rt_lib_init_alloca_1</STRONG> (Thumb, 0 bytes, Stack size unknown bytes, libinit2.o(.ARM.Collect$$libinit$$00000030))

<P><STRONG><a name="[17f]"></a>__rt_lib_init_argv_1</STRONG> (Thumb, 0 bytes, Stack size unknown bytes, libinit2.o(.ARM.Collect$$libinit$$0000002E))

<P><STRONG><a name="[180]"></a>__rt_lib_init_atexit_1</STRONG> (Thumb, 0 bytes, Stack size unknown bytes, libinit2.o(.ARM.Collect$$libinit$$0000001D))

<P><STRONG><a name="[181]"></a>__rt_lib_init_clock_1</STRONG> (Thumb, 0 bytes, Stack size unknown bytes, libinit2.o(.ARM.Collect$$libinit$$00000023))

<P><STRONG><a name="[182]"></a>__rt_lib_init_cpp_1</STRONG> (Thumb, 0 bytes, Stack size unknown bytes, libinit2.o(.ARM.Collect$$libinit$$00000034))

<P><STRONG><a name="[183]"></a>__rt_lib_init_exceptions_1</STRONG> (Thumb, 0 bytes, Stack size unknown bytes, libinit2.o(.ARM.Collect$$libinit$$00000032))

<P><STRONG><a name="[184]"></a>__rt_lib_init_fp_trap_1</STRONG> (Thumb, 0 bytes, Stack size unknown bytes, libinit2.o(.ARM.Collect$$libinit$$00000021))

<P><STRONG><a name="[185]"></a>__rt_lib_init_getenv_1</STRONG> (Thumb, 0 bytes, Stack size unknown bytes, libinit2.o(.ARM.Collect$$libinit$$00000025))

<P><STRONG><a name="[186]"></a>__rt_lib_init_heap_1</STRONG> (Thumb, 0 bytes, Stack size unknown bytes, libinit2.o(.ARM.Collect$$libinit$$0000000C))

<P><STRONG><a name="[187]"></a>__rt_lib_init_lc_collate_1</STRONG> (Thumb, 0 bytes, Stack size unknown bytes, libinit2.o(.ARM.Collect$$libinit$$00000013))

<P><STRONG><a name="[188]"></a>__rt_lib_init_lc_ctype_1</STRONG> (Thumb, 0 bytes, Stack size unknown bytes, libinit2.o(.ARM.Collect$$libinit$$00000015))

<P><STRONG><a name="[189]"></a>__rt_lib_init_lc_monetary_1</STRONG> (Thumb, 0 bytes, Stack size unknown bytes, libinit2.o(.ARM.Collect$$libinit$$00000017))

<P><STRONG><a name="[18a]"></a>__rt_lib_init_lc_numeric_1</STRONG> (Thumb, 0 bytes, Stack size unknown bytes, libinit2.o(.ARM.Collect$$libinit$$00000019))

<P><STRONG><a name="[18b]"></a>__rt_lib_init_lc_time_1</STRONG> (Thumb, 0 bytes, Stack size unknown bytes, libinit2.o(.ARM.Collect$$libinit$$0000001B))

<P><STRONG><a name="[18c]"></a>__rt_lib_init_preinit_1</STRONG> (Thumb, 0 bytes, Stack size unknown bytes, libinit2.o(.ARM.Collect$$libinit$$00000006))

<P><STRONG><a name="[18d]"></a>__rt_lib_init_rand_1</STRONG> (Thumb, 0 bytes, Stack size unknown bytes, libinit2.o(.ARM.Collect$$libinit$$00000010))

<P><STRONG><a name="[18e]"></a>__rt_lib_init_relocate_pie_1</STRONG> (Thumb, 0 bytes, Stack size unknown bytes, libinit2.o(.ARM.Collect$$libinit$$00000004))

<P><STRONG><a name="[18f]"></a>__rt_lib_init_return</STRONG> (Thumb, 0 bytes, Stack size unknown bytes, libinit2.o(.ARM.Collect$$libinit$$00000035))

<P><STRONG><a name="[190]"></a>__rt_lib_init_signal_1</STRONG> (Thumb, 0 bytes, Stack size unknown bytes, libinit2.o(.ARM.Collect$$libinit$$0000001F))

<P><STRONG><a name="[191]"></a>__rt_lib_init_stdio_1</STRONG> (Thumb, 0 bytes, Stack size unknown bytes, libinit2.o(.ARM.Collect$$libinit$$00000027))

<P><STRONG><a name="[192]"></a>__rt_lib_init_user_alloc_1</STRONG> (Thumb, 0 bytes, Stack size unknown bytes, libinit2.o(.ARM.Collect$$libinit$$0000000E))

<P><STRONG><a name="[88]"></a>__rt_lib_shutdown</STRONG> (Thumb, 0 bytes, Stack size unknown bytes, libshutdown.o(.ARM.Collect$$libshutdown$$00000000))
<BR><BR>[Called By]<UL><LI><a href="#[87]">&gt;&gt;</a>&nbsp;&nbsp;&nbsp;__rt_exit_ls
</UL>

<P><STRONG><a name="[193]"></a>__rt_lib_shutdown_cpp_1</STRONG> (Thumb, 0 bytes, Stack size unknown bytes, libshutdown2.o(.ARM.Collect$$libshutdown$$00000002))

<P><STRONG><a name="[194]"></a>__rt_lib_shutdown_fp_trap_1</STRONG> (Thumb, 0 bytes, Stack size unknown bytes, libshutdown2.o(.ARM.Collect$$libshutdown$$00000007))

<P><STRONG><a name="[195]"></a>__rt_lib_shutdown_heap_1</STRONG> (Thumb, 0 bytes, Stack size unknown bytes, libshutdown2.o(.ARM.Collect$$libshutdown$$0000000F))

<P><STRONG><a name="[196]"></a>__rt_lib_shutdown_return</STRONG> (Thumb, 0 bytes, Stack size unknown bytes, libshutdown2.o(.ARM.Collect$$libshutdown$$00000010))

<P><STRONG><a name="[197]"></a>__rt_lib_shutdown_signal_1</STRONG> (Thumb, 0 bytes, Stack size unknown bytes, libshutdown2.o(.ARM.Collect$$libshutdown$$0000000A))

<P><STRONG><a name="[198]"></a>__rt_lib_shutdown_stdio_1</STRONG> (Thumb, 0 bytes, Stack size unknown bytes, libshutdown2.o(.ARM.Collect$$libshutdown$$00000004))

<P><STRONG><a name="[199]"></a>__rt_lib_shutdown_user_alloc_1</STRONG> (Thumb, 0 bytes, Stack size unknown bytes, libshutdown2.o(.ARM.Collect$$libshutdown$$0000000C))

<P><STRONG><a name="[7b]"></a>__rt_entry</STRONG> (Thumb, 0 bytes, Stack size unknown bytes, __rtentry.o(.ARM.Collect$$rtentry$$00000000))
<BR><BR>[Called By]<UL><LI><a href="#[7c]">&gt;&gt;</a>&nbsp;&nbsp;&nbsp;__scatterload_rt2
<LI><a href="#[70]">&gt;&gt;</a>&nbsp;&nbsp;&nbsp;__main
</UL>

<P><STRONG><a name="[19a]"></a>__rt_entry_presh_1</STRONG> (Thumb, 0 bytes, Stack size unknown bytes, __rtentry2.o(.ARM.Collect$$rtentry$$00000002))

<P><STRONG><a name="[80]"></a>__rt_entry_sh</STRONG> (Thumb, 0 bytes, Stack size unknown bytes, __rtentry4.o(.ARM.Collect$$rtentry$$00000004))
<BR><BR>[Stack]<UL><LI>Max Depth = 8 + Unknown Stack Size
<LI>Call Chain = __rt_entry_sh &rArr; __user_setup_stackheap
</UL>
<BR>[Calls]<UL><LI><a href="#[81]">&gt;&gt;</a>&nbsp;&nbsp;&nbsp;__user_setup_stackheap
</UL>

<P><STRONG><a name="[82]"></a>__rt_entry_li</STRONG> (Thumb, 0 bytes, Stack size unknown bytes, __rtentry2.o(.ARM.Collect$$rtentry$$0000000A))
<BR><BR>[Calls]<UL><LI><a href="#[83]">&gt;&gt;</a>&nbsp;&nbsp;&nbsp;__rt_lib_init
</UL>

<P><STRONG><a name="[19b]"></a>__rt_entry_postsh_1</STRONG> (Thumb, 0 bytes, Stack size unknown bytes, __rtentry2.o(.ARM.Collect$$rtentry$$00000009))

<P><STRONG><a name="[84]"></a>__rt_entry_main</STRONG> (Thumb, 0 bytes, Stack size unknown bytes, __rtentry2.o(.ARM.Collect$$rtentry$$0000000D))
<BR><BR>[Stack]<UL><LI>Max Depth = 316 + Unknown Stack Size
<LI>Call Chain = __rt_entry_main &rArr; main &rArr; app_UpDataPacketDisassembly_loop &rArr; LastBatchData &rArr; Update_writeflag &rArr; bsp_STMFLASH_Write &rArr; HAL_FLASH_Program &rArr; FLASH_Program_Fast
</UL>
<BR>[Calls]<UL><LI><a href="#[85]">&gt;&gt;</a>&nbsp;&nbsp;&nbsp;main
<LI><a href="#[86]">&gt;&gt;</a>&nbsp;&nbsp;&nbsp;exit
</UL>

<P><STRONG><a name="[19c]"></a>__rt_entry_postli_1</STRONG> (Thumb, 0 bytes, Stack size unknown bytes, __rtentry2.o(.ARM.Collect$$rtentry$$0000000C))

<P><STRONG><a name="[93]"></a>__rt_exit</STRONG> (Thumb, 0 bytes, Stack size unknown bytes, rtexit.o(.ARM.Collect$$rtexit$$00000000))
<BR><BR>[Called By]<UL><LI><a href="#[86]">&gt;&gt;</a>&nbsp;&nbsp;&nbsp;exit
</UL>

<P><STRONG><a name="[87]"></a>__rt_exit_ls</STRONG> (Thumb, 0 bytes, Stack size unknown bytes, rtexit2.o(.ARM.Collect$$rtexit$$00000003))
<BR><BR>[Calls]<UL><LI><a href="#[88]">&gt;&gt;</a>&nbsp;&nbsp;&nbsp;__rt_lib_shutdown
</UL>

<P><STRONG><a name="[19d]"></a>__rt_exit_prels_1</STRONG> (Thumb, 0 bytes, Stack size unknown bytes, rtexit2.o(.ARM.Collect$$rtexit$$00000002))

<P><STRONG><a name="[89]"></a>__rt_exit_exit</STRONG> (Thumb, 0 bytes, Stack size unknown bytes, rtexit2.o(.ARM.Collect$$rtexit$$00000004))
<BR><BR>[Calls]<UL><LI><a href="#[8a]">&gt;&gt;</a>&nbsp;&nbsp;&nbsp;_sys_exit
</UL>

<P><STRONG><a name="[0]"></a>Reset_Handler</STRONG> (Thumb, 8 bytes, Stack size 0 bytes, startup_stm32g474xx.o(.text))
<BR>[Address Reference Count : 1]<UL><LI> startup_stm32g474xx.o(RESET)
</UL>
<P><STRONG><a name="[1c]"></a>ADC1_2_IRQHandler</STRONG> (Thumb, 0 bytes, Stack size 0 bytes, startup_stm32g474xx.o(.text))
<BR><BR>[Calls]<UL><LI><a href="#[1c]">&gt;&gt;</a>&nbsp;&nbsp;&nbsp;ADC1_2_IRQHandler
</UL>
<BR>[Called By]<UL><LI><a href="#[1c]">&gt;&gt;</a>&nbsp;&nbsp;&nbsp;ADC1_2_IRQHandler
</UL>
<BR>[Address Reference Count : 1]<UL><LI> startup_stm32g474xx.o(RESET)
</UL>
<P><STRONG><a name="[39]"></a>ADC3_IRQHandler</STRONG> (Thumb, 0 bytes, Stack size 0 bytes, startup_stm32g474xx.o(.text))
<BR>[Address Reference Count : 1]<UL><LI> startup_stm32g474xx.o(RESET)
</UL>
<P><STRONG><a name="[47]"></a>ADC4_IRQHandler</STRONG> (Thumb, 0 bytes, Stack size 0 bytes, startup_stm32g474xx.o(.text))
<BR>[Address Reference Count : 1]<UL><LI> startup_stm32g474xx.o(RESET)
</UL>
<P><STRONG><a name="[48]"></a>ADC5_IRQHandler</STRONG> (Thumb, 0 bytes, Stack size 0 bytes, startup_stm32g474xx.o(.text))
<BR>[Address Reference Count : 1]<UL><LI> startup_stm32g474xx.o(RESET)
</UL>
<P><STRONG><a name="[4a]"></a>COMP1_2_3_IRQHandler</STRONG> (Thumb, 0 bytes, Stack size 0 bytes, startup_stm32g474xx.o(.text))
<BR>[Address Reference Count : 1]<UL><LI> startup_stm32g474xx.o(RESET)
</UL>
<P><STRONG><a name="[4b]"></a>COMP4_5_6_IRQHandler</STRONG> (Thumb, 0 bytes, Stack size 0 bytes, startup_stm32g474xx.o(.text))
<BR>[Address Reference Count : 1]<UL><LI> startup_stm32g474xx.o(RESET)
</UL>
<P><STRONG><a name="[4c]"></a>COMP7_IRQHandler</STRONG> (Thumb, 0 bytes, Stack size 0 bytes, startup_stm32g474xx.o(.text))
<BR>[Address Reference Count : 1]<UL><LI> startup_stm32g474xx.o(RESET)
</UL>
<P><STRONG><a name="[6d]"></a>CORDIC_IRQHandler</STRONG> (Thumb, 0 bytes, Stack size 0 bytes, startup_stm32g474xx.o(.text))
<BR>[Address Reference Count : 1]<UL><LI> startup_stm32g474xx.o(RESET)
</UL>
<P><STRONG><a name="[55]"></a>CRS_IRQHandler</STRONG> (Thumb, 0 bytes, Stack size 0 bytes, startup_stm32g474xx.o(.text))
<BR>[Address Reference Count : 1]<UL><LI> startup_stm32g474xx.o(RESET)
</UL>
<P><STRONG><a name="[1b]"></a>DMA1_Channel7_IRQHandler</STRONG> (Thumb, 0 bytes, Stack size 0 bytes, startup_stm32g474xx.o(.text))
<BR>[Address Reference Count : 1]<UL><LI> startup_stm32g474xx.o(RESET)
</UL>
<P><STRONG><a name="[69]"></a>DMA1_Channel8_IRQHandler</STRONG> (Thumb, 0 bytes, Stack size 0 bytes, startup_stm32g474xx.o(.text))
<BR>[Address Reference Count : 1]<UL><LI> startup_stm32g474xx.o(RESET)
</UL>
<P><STRONG><a name="[43]"></a>DMA2_Channel2_IRQHandler</STRONG> (Thumb, 0 bytes, Stack size 0 bytes, startup_stm32g474xx.o(.text))
<BR>[Address Reference Count : 1]<UL><LI> startup_stm32g474xx.o(RESET)
</UL>
<P><STRONG><a name="[44]"></a>DMA2_Channel3_IRQHandler</STRONG> (Thumb, 0 bytes, Stack size 0 bytes, startup_stm32g474xx.o(.text))
<BR>[Address Reference Count : 1]<UL><LI> startup_stm32g474xx.o(RESET)
</UL>
<P><STRONG><a name="[46]"></a>DMA2_Channel5_IRQHandler</STRONG> (Thumb, 0 bytes, Stack size 0 bytes, startup_stm32g474xx.o(.text))
<BR>[Address Reference Count : 1]<UL><LI> startup_stm32g474xx.o(RESET)
</UL>
<P><STRONG><a name="[6a]"></a>DMA2_Channel6_IRQHandler</STRONG> (Thumb, 0 bytes, Stack size 0 bytes, startup_stm32g474xx.o(.text))
<BR>[Address Reference Count : 1]<UL><LI> startup_stm32g474xx.o(RESET)
</UL>
<P><STRONG><a name="[6b]"></a>DMA2_Channel7_IRQHandler</STRONG> (Thumb, 0 bytes, Stack size 0 bytes, startup_stm32g474xx.o(.text))
<BR>[Address Reference Count : 1]<UL><LI> startup_stm32g474xx.o(RESET)
</UL>
<P><STRONG><a name="[6c]"></a>DMA2_Channel8_IRQHandler</STRONG> (Thumb, 0 bytes, Stack size 0 bytes, startup_stm32g474xx.o(.text))
<BR>[Address Reference Count : 1]<UL><LI> startup_stm32g474xx.o(RESET)
</UL>
<P><STRONG><a name="[67]"></a>DMAMUX_OVR_IRQHandler</STRONG> (Thumb, 0 bytes, Stack size 0 bytes, startup_stm32g474xx.o(.text))
<BR>[Address Reference Count : 1]<UL><LI> startup_stm32g474xx.o(RESET)
</UL>
<P><STRONG><a name="[10]"></a>EXTI0_IRQHandler</STRONG> (Thumb, 0 bytes, Stack size 0 bytes, startup_stm32g474xx.o(.text))
<BR>[Address Reference Count : 1]<UL><LI> startup_stm32g474xx.o(RESET)
</UL>
<P><STRONG><a name="[32]"></a>EXTI15_10_IRQHandler</STRONG> (Thumb, 0 bytes, Stack size 0 bytes, startup_stm32g474xx.o(.text))
<BR>[Address Reference Count : 1]<UL><LI> startup_stm32g474xx.o(RESET)
</UL>
<P><STRONG><a name="[11]"></a>EXTI1_IRQHandler</STRONG> (Thumb, 0 bytes, Stack size 0 bytes, startup_stm32g474xx.o(.text))
<BR>[Address Reference Count : 1]<UL><LI> startup_stm32g474xx.o(RESET)
</UL>
<P><STRONG><a name="[12]"></a>EXTI2_IRQHandler</STRONG> (Thumb, 0 bytes, Stack size 0 bytes, startup_stm32g474xx.o(.text))
<BR>[Address Reference Count : 1]<UL><LI> startup_stm32g474xx.o(RESET)
</UL>
<P><STRONG><a name="[13]"></a>EXTI3_IRQHandler</STRONG> (Thumb, 0 bytes, Stack size 0 bytes, startup_stm32g474xx.o(.text))
<BR>[Address Reference Count : 1]<UL><LI> startup_stm32g474xx.o(RESET)
</UL>
<P><STRONG><a name="[21]"></a>EXTI9_5_IRQHandler</STRONG> (Thumb, 0 bytes, Stack size 0 bytes, startup_stm32g474xx.o(.text))
<BR>[Address Reference Count : 1]<UL><LI> startup_stm32g474xx.o(RESET)
</UL>
<P><STRONG><a name="[20]"></a>FDCAN1_IT1_IRQHandler</STRONG> (Thumb, 0 bytes, Stack size 0 bytes, startup_stm32g474xx.o(.text))
<BR>[Address Reference Count : 1]<UL><LI> startup_stm32g474xx.o(RESET)
</UL>
<P><STRONG><a name="[5f]"></a>FDCAN2_IT0_IRQHandler</STRONG> (Thumb, 0 bytes, Stack size 0 bytes, startup_stm32g474xx.o(.text))
<BR>[Address Reference Count : 1]<UL><LI> startup_stm32g474xx.o(RESET)
</UL>
<P><STRONG><a name="[61]"></a>FDCAN3_IT0_IRQHandler</STRONG> (Thumb, 0 bytes, Stack size 0 bytes, startup_stm32g474xx.o(.text))
<BR>[Address Reference Count : 1]<UL><LI> startup_stm32g474xx.o(RESET)
</UL>
<P><STRONG><a name="[62]"></a>FDCAN3_IT1_IRQHandler</STRONG> (Thumb, 0 bytes, Stack size 0 bytes, startup_stm32g474xx.o(.text))
<BR>[Address Reference Count : 1]<UL><LI> startup_stm32g474xx.o(RESET)
</UL>
<P><STRONG><a name="[e]"></a>FLASH_IRQHandler</STRONG> (Thumb, 0 bytes, Stack size 0 bytes, startup_stm32g474xx.o(.text))
<BR>[Address Reference Count : 1]<UL><LI> startup_stm32g474xx.o(RESET)
</UL>
<P><STRONG><a name="[6e]"></a>FMAC_IRQHandler</STRONG> (Thumb, 0 bytes, Stack size 0 bytes, startup_stm32g474xx.o(.text))
<BR>[Address Reference Count : 1]<UL><LI> startup_stm32g474xx.o(RESET)
</UL>
<P><STRONG><a name="[3a]"></a>FMC_IRQHandler</STRONG> (Thumb, 0 bytes, Stack size 0 bytes, startup_stm32g474xx.o(.text))
<BR>[Address Reference Count : 1]<UL><LI> startup_stm32g474xx.o(RESET)
</UL>
<P><STRONG><a name="[5b]"></a>FPU_IRQHandler</STRONG> (Thumb, 0 bytes, Stack size 0 bytes, startup_stm32g474xx.o(.text))
<BR>[Address Reference Count : 1]<UL><LI> startup_stm32g474xx.o(RESET)
</UL>
<P><STRONG><a name="[53]"></a>HRTIM1_FLT_IRQHandler</STRONG> (Thumb, 0 bytes, Stack size 0 bytes, startup_stm32g474xx.o(.text))
<BR>[Address Reference Count : 1]<UL><LI> startup_stm32g474xx.o(RESET)
</UL>
<P><STRONG><a name="[4d]"></a>HRTIM1_Master_IRQHandler</STRONG> (Thumb, 0 bytes, Stack size 0 bytes, startup_stm32g474xx.o(.text))
<BR>[Address Reference Count : 1]<UL><LI> startup_stm32g474xx.o(RESET)
</UL>
<P><STRONG><a name="[4e]"></a>HRTIM1_TIMA_IRQHandler</STRONG> (Thumb, 0 bytes, Stack size 0 bytes, startup_stm32g474xx.o(.text))
<BR>[Address Reference Count : 1]<UL><LI> startup_stm32g474xx.o(RESET)
</UL>
<P><STRONG><a name="[4f]"></a>HRTIM1_TIMB_IRQHandler</STRONG> (Thumb, 0 bytes, Stack size 0 bytes, startup_stm32g474xx.o(.text))
<BR>[Address Reference Count : 1]<UL><LI> startup_stm32g474xx.o(RESET)
</UL>
<P><STRONG><a name="[50]"></a>HRTIM1_TIMC_IRQHandler</STRONG> (Thumb, 0 bytes, Stack size 0 bytes, startup_stm32g474xx.o(.text))
<BR>[Address Reference Count : 1]<UL><LI> startup_stm32g474xx.o(RESET)
</UL>
<P><STRONG><a name="[51]"></a>HRTIM1_TIMD_IRQHandler</STRONG> (Thumb, 0 bytes, Stack size 0 bytes, startup_stm32g474xx.o(.text))
<BR>[Address Reference Count : 1]<UL><LI> startup_stm32g474xx.o(RESET)
</UL>
<P><STRONG><a name="[52]"></a>HRTIM1_TIME_IRQHandler</STRONG> (Thumb, 0 bytes, Stack size 0 bytes, startup_stm32g474xx.o(.text))
<BR>[Address Reference Count : 1]<UL><LI> startup_stm32g474xx.o(RESET)
</UL>
<P><STRONG><a name="[54]"></a>HRTIM1_TIMF_IRQHandler</STRONG> (Thumb, 0 bytes, Stack size 0 bytes, startup_stm32g474xx.o(.text))
<BR>[Address Reference Count : 1]<UL><LI> startup_stm32g474xx.o(RESET)
</UL>
<P><STRONG><a name="[2a]"></a>I2C1_ER_IRQHandler</STRONG> (Thumb, 0 bytes, Stack size 0 bytes, startup_stm32g474xx.o(.text))
<BR>[Address Reference Count : 1]<UL><LI> startup_stm32g474xx.o(RESET)
</UL>
<P><STRONG><a name="[29]"></a>I2C1_EV_IRQHandler</STRONG> (Thumb, 0 bytes, Stack size 0 bytes, startup_stm32g474xx.o(.text))
<BR>[Address Reference Count : 1]<UL><LI> startup_stm32g474xx.o(RESET)
</UL>
<P><STRONG><a name="[2c]"></a>I2C2_ER_IRQHandler</STRONG> (Thumb, 0 bytes, Stack size 0 bytes, startup_stm32g474xx.o(.text))
<BR>[Address Reference Count : 1]<UL><LI> startup_stm32g474xx.o(RESET)
</UL>
<P><STRONG><a name="[2b]"></a>I2C2_EV_IRQHandler</STRONG> (Thumb, 0 bytes, Stack size 0 bytes, startup_stm32g474xx.o(.text))
<BR>[Address Reference Count : 1]<UL><LI> startup_stm32g474xx.o(RESET)
</UL>
<P><STRONG><a name="[66]"></a>I2C3_ER_IRQHandler</STRONG> (Thumb, 0 bytes, Stack size 0 bytes, startup_stm32g474xx.o(.text))
<BR>[Address Reference Count : 1]<UL><LI> startup_stm32g474xx.o(RESET)
</UL>
<P><STRONG><a name="[65]"></a>I2C3_EV_IRQHandler</STRONG> (Thumb, 0 bytes, Stack size 0 bytes, startup_stm32g474xx.o(.text))
<BR>[Address Reference Count : 1]<UL><LI> startup_stm32g474xx.o(RESET)
</UL>
<P><STRONG><a name="[5d]"></a>I2C4_ER_IRQHandler</STRONG> (Thumb, 0 bytes, Stack size 0 bytes, startup_stm32g474xx.o(.text))
<BR>[Address Reference Count : 1]<UL><LI> startup_stm32g474xx.o(RESET)
</UL>
<P><STRONG><a name="[5c]"></a>I2C4_EV_IRQHandler</STRONG> (Thumb, 0 bytes, Stack size 0 bytes, startup_stm32g474xx.o(.text))
<BR>[Address Reference Count : 1]<UL><LI> startup_stm32g474xx.o(RESET)
</UL>
<P><STRONG><a name="[3b]"></a>LPTIM1_IRQHandler</STRONG> (Thumb, 0 bytes, Stack size 0 bytes, startup_stm32g474xx.o(.text))
<BR>[Address Reference Count : 1]<UL><LI> startup_stm32g474xx.o(RESET)
</UL>
<P><STRONG><a name="[64]"></a>LPUART1_IRQHandler</STRONG> (Thumb, 0 bytes, Stack size 0 bytes, startup_stm32g474xx.o(.text))
<BR>[Address Reference Count : 1]<UL><LI> startup_stm32g474xx.o(RESET)
</UL>
<P><STRONG><a name="[b]"></a>PVD_PVM_IRQHandler</STRONG> (Thumb, 0 bytes, Stack size 0 bytes, startup_stm32g474xx.o(.text))
<BR>[Address Reference Count : 1]<UL><LI> startup_stm32g474xx.o(RESET)
</UL>
<P><STRONG><a name="[68]"></a>QUADSPI_IRQHandler</STRONG> (Thumb, 0 bytes, Stack size 0 bytes, startup_stm32g474xx.o(.text))
<BR>[Address Reference Count : 1]<UL><LI> startup_stm32g474xx.o(RESET)
</UL>
<P><STRONG><a name="[f]"></a>RCC_IRQHandler</STRONG> (Thumb, 0 bytes, Stack size 0 bytes, startup_stm32g474xx.o(.text))
<BR>[Address Reference Count : 1]<UL><LI> startup_stm32g474xx.o(RESET)
</UL>
<P><STRONG><a name="[63]"></a>RNG_IRQHandler</STRONG> (Thumb, 0 bytes, Stack size 0 bytes, startup_stm32g474xx.o(.text))
<BR>[Address Reference Count : 1]<UL><LI> startup_stm32g474xx.o(RESET)
</UL>
<P><STRONG><a name="[33]"></a>RTC_Alarm_IRQHandler</STRONG> (Thumb, 0 bytes, Stack size 0 bytes, startup_stm32g474xx.o(.text))
<BR>[Address Reference Count : 1]<UL><LI> startup_stm32g474xx.o(RESET)
</UL>
<P><STRONG><a name="[c]"></a>RTC_TAMP_LSECSS_IRQHandler</STRONG> (Thumb, 0 bytes, Stack size 0 bytes, startup_stm32g474xx.o(.text))
<BR>[Address Reference Count : 1]<UL><LI> startup_stm32g474xx.o(RESET)
</UL>
<P><STRONG><a name="[d]"></a>RTC_WKUP_IRQHandler</STRONG> (Thumb, 0 bytes, Stack size 0 bytes, startup_stm32g474xx.o(.text))
<BR>[Address Reference Count : 1]<UL><LI> startup_stm32g474xx.o(RESET)
</UL>
<P><STRONG><a name="[56]"></a>SAI1_IRQHandler</STRONG> (Thumb, 0 bytes, Stack size 0 bytes, startup_stm32g474xx.o(.text))
<BR>[Address Reference Count : 1]<UL><LI> startup_stm32g474xx.o(RESET)
</UL>
<P><STRONG><a name="[2d]"></a>SPI1_IRQHandler</STRONG> (Thumb, 0 bytes, Stack size 0 bytes, startup_stm32g474xx.o(.text))
<BR>[Address Reference Count : 1]<UL><LI> startup_stm32g474xx.o(RESET)
</UL>
<P><STRONG><a name="[2e]"></a>SPI2_IRQHandler</STRONG> (Thumb, 0 bytes, Stack size 0 bytes, startup_stm32g474xx.o(.text))
<BR>[Address Reference Count : 1]<UL><LI> startup_stm32g474xx.o(RESET)
</UL>
<P><STRONG><a name="[3d]"></a>SPI3_IRQHandler</STRONG> (Thumb, 0 bytes, Stack size 0 bytes, startup_stm32g474xx.o(.text))
<BR>[Address Reference Count : 1]<UL><LI> startup_stm32g474xx.o(RESET)
</UL>
<P><STRONG><a name="[5e]"></a>SPI4_IRQHandler</STRONG> (Thumb, 0 bytes, Stack size 0 bytes, startup_stm32g474xx.o(.text))
<BR>[Address Reference Count : 1]<UL><LI> startup_stm32g474xx.o(RESET)
</UL>
<P><STRONG><a name="[22]"></a>TIM1_BRK_TIM15_IRQHandler</STRONG> (Thumb, 0 bytes, Stack size 0 bytes, startup_stm32g474xx.o(.text))
<BR>[Address Reference Count : 1]<UL><LI> startup_stm32g474xx.o(RESET)
</UL>
<P><STRONG><a name="[25]"></a>TIM1_CC_IRQHandler</STRONG> (Thumb, 0 bytes, Stack size 0 bytes, startup_stm32g474xx.o(.text))
<BR>[Address Reference Count : 1]<UL><LI> startup_stm32g474xx.o(RESET)
</UL>
<P><STRONG><a name="[24]"></a>TIM1_TRG_COM_TIM17_IRQHandler</STRONG> (Thumb, 0 bytes, Stack size 0 bytes, startup_stm32g474xx.o(.text))
<BR>[Address Reference Count : 1]<UL><LI> startup_stm32g474xx.o(RESET)
</UL>
<P><STRONG><a name="[23]"></a>TIM1_UP_TIM16_IRQHandler</STRONG> (Thumb, 0 bytes, Stack size 0 bytes, startup_stm32g474xx.o(.text))
<BR>[Address Reference Count : 1]<UL><LI> startup_stm32g474xx.o(RESET)
</UL>
<P><STRONG><a name="[57]"></a>TIM20_BRK_IRQHandler</STRONG> (Thumb, 0 bytes, Stack size 0 bytes, startup_stm32g474xx.o(.text))
<BR>[Address Reference Count : 1]<UL><LI> startup_stm32g474xx.o(RESET)
</UL>
<P><STRONG><a name="[5a]"></a>TIM20_CC_IRQHandler</STRONG> (Thumb, 0 bytes, Stack size 0 bytes, startup_stm32g474xx.o(.text))
<BR>[Address Reference Count : 1]<UL><LI> startup_stm32g474xx.o(RESET)
</UL>
<P><STRONG><a name="[59]"></a>TIM20_TRG_COM_IRQHandler</STRONG> (Thumb, 0 bytes, Stack size 0 bytes, startup_stm32g474xx.o(.text))
<BR>[Address Reference Count : 1]<UL><LI> startup_stm32g474xx.o(RESET)
</UL>
<P><STRONG><a name="[58]"></a>TIM20_UP_IRQHandler</STRONG> (Thumb, 0 bytes, Stack size 0 bytes, startup_stm32g474xx.o(.text))
<BR>[Address Reference Count : 1]<UL><LI> startup_stm32g474xx.o(RESET)
</UL>
<P><STRONG><a name="[26]"></a>TIM2_IRQHandler</STRONG> (Thumb, 0 bytes, Stack size 0 bytes, startup_stm32g474xx.o(.text))
<BR>[Address Reference Count : 1]<UL><LI> startup_stm32g474xx.o(RESET)
</UL>
<P><STRONG><a name="[27]"></a>TIM3_IRQHandler</STRONG> (Thumb, 0 bytes, Stack size 0 bytes, startup_stm32g474xx.o(.text))
<BR>[Address Reference Count : 1]<UL><LI> startup_stm32g474xx.o(RESET)
</UL>
<P><STRONG><a name="[28]"></a>TIM4_IRQHandler</STRONG> (Thumb, 0 bytes, Stack size 0 bytes, startup_stm32g474xx.o(.text))
<BR>[Address Reference Count : 1]<UL><LI> startup_stm32g474xx.o(RESET)
</UL>
<P><STRONG><a name="[3c]"></a>TIM5_IRQHandler</STRONG> (Thumb, 0 bytes, Stack size 0 bytes, startup_stm32g474xx.o(.text))
<BR>[Address Reference Count : 1]<UL><LI> startup_stm32g474xx.o(RESET)
</UL>
<P><STRONG><a name="[40]"></a>TIM6_DAC_IRQHandler</STRONG> (Thumb, 0 bytes, Stack size 0 bytes, startup_stm32g474xx.o(.text))
<BR>[Address Reference Count : 1]<UL><LI> startup_stm32g474xx.o(RESET)
</UL>
<P><STRONG><a name="[41]"></a>TIM7_DAC_IRQHandler</STRONG> (Thumb, 0 bytes, Stack size 0 bytes, startup_stm32g474xx.o(.text))
<BR>[Address Reference Count : 1]<UL><LI> startup_stm32g474xx.o(RESET)
</UL>
<P><STRONG><a name="[35]"></a>TIM8_BRK_IRQHandler</STRONG> (Thumb, 0 bytes, Stack size 0 bytes, startup_stm32g474xx.o(.text))
<BR>[Address Reference Count : 1]<UL><LI> startup_stm32g474xx.o(RESET)
</UL>
<P><STRONG><a name="[38]"></a>TIM8_CC_IRQHandler</STRONG> (Thumb, 0 bytes, Stack size 0 bytes, startup_stm32g474xx.o(.text))
<BR>[Address Reference Count : 1]<UL><LI> startup_stm32g474xx.o(RESET)
</UL>
<P><STRONG><a name="[37]"></a>TIM8_TRG_COM_IRQHandler</STRONG> (Thumb, 0 bytes, Stack size 0 bytes, startup_stm32g474xx.o(.text))
<BR>[Address Reference Count : 1]<UL><LI> startup_stm32g474xx.o(RESET)
</UL>
<P><STRONG><a name="[36]"></a>TIM8_UP_IRQHandler</STRONG> (Thumb, 0 bytes, Stack size 0 bytes, startup_stm32g474xx.o(.text))
<BR>[Address Reference Count : 1]<UL><LI> startup_stm32g474xx.o(RESET)
</UL>
<P><STRONG><a name="[3e]"></a>UART4_IRQHandler</STRONG> (Thumb, 0 bytes, Stack size 0 bytes, startup_stm32g474xx.o(.text))
<BR>[Address Reference Count : 1]<UL><LI> startup_stm32g474xx.o(RESET)
</UL>
<P><STRONG><a name="[3f]"></a>UART5_IRQHandler</STRONG> (Thumb, 0 bytes, Stack size 0 bytes, startup_stm32g474xx.o(.text))
<BR>[Address Reference Count : 1]<UL><LI> startup_stm32g474xx.o(RESET)
</UL>
<P><STRONG><a name="[49]"></a>UCPD1_IRQHandler</STRONG> (Thumb, 0 bytes, Stack size 0 bytes, startup_stm32g474xx.o(.text))
<BR>[Address Reference Count : 1]<UL><LI> startup_stm32g474xx.o(RESET)
</UL>
<P><STRONG><a name="[34]"></a>USBWakeUp_IRQHandler</STRONG> (Thumb, 0 bytes, Stack size 0 bytes, startup_stm32g474xx.o(.text))
<BR>[Address Reference Count : 1]<UL><LI> startup_stm32g474xx.o(RESET)
</UL>
<P><STRONG><a name="[1d]"></a>USB_HP_IRQHandler</STRONG> (Thumb, 0 bytes, Stack size 0 bytes, startup_stm32g474xx.o(.text))
<BR>[Address Reference Count : 1]<UL><LI> startup_stm32g474xx.o(RESET)
</UL>
<P><STRONG><a name="[1e]"></a>USB_LP_IRQHandler</STRONG> (Thumb, 0 bytes, Stack size 0 bytes, startup_stm32g474xx.o(.text))
<BR>[Address Reference Count : 1]<UL><LI> startup_stm32g474xx.o(RESET)
</UL>
<P><STRONG><a name="[a]"></a>WWDG_IRQHandler</STRONG> (Thumb, 0 bytes, Stack size 0 bytes, startup_stm32g474xx.o(.text))
<BR>[Address Reference Count : 1]<UL><LI> startup_stm32g474xx.o(RESET)
</UL>
<P><STRONG><a name="[92]"></a>__user_initial_stackheap</STRONG> (Thumb, 0 bytes, Stack size unknown bytes, startup_stm32g474xx.o(.text))
<BR><BR>[Called By]<UL><LI><a href="#[81]">&gt;&gt;</a>&nbsp;&nbsp;&nbsp;__user_setup_stackheap
</UL>

<P><STRONG><a name="[14d]"></a>__aeabi_uldivmod</STRONG> (Thumb, 0 bytes, Stack size 48 bytes, lludivv7m.o(.text))
<BR><BR>[Stack]<UL><LI>Max Depth = 48<LI>Call Chain = __aeabi_uldivmod
</UL>
<BR>[Called By]<UL><LI><a href="#[104]">&gt;&gt;</a>&nbsp;&nbsp;&nbsp;UART_SetConfig
</UL>

<P><STRONG><a name="[19e]"></a>_ll_udiv</STRONG> (Thumb, 240 bytes, Stack size 48 bytes, lludivv7m.o(.text), UNUSED)

<P><STRONG><a name="[10b]"></a>__aeabi_memcpy</STRONG> (Thumb, 0 bytes, Stack size 0 bytes, rt_memcpy_v6.o(.text))
<BR><BR>[Called By]<UL><LI><a href="#[9f]">&gt;&gt;</a>&nbsp;&nbsp;&nbsp;bsp_SPI1_NssExtiCallback
<LI><a href="#[162]">&gt;&gt;</a>&nbsp;&nbsp;&nbsp;app_ProtocolAnalysisTask_loop
<LI><a href="#[176]">&gt;&gt;</a>&nbsp;&nbsp;&nbsp;copy_to_queue_from_dma
<LI><a href="#[126]">&gt;&gt;</a>&nbsp;&nbsp;&nbsp;QueueCopyOut
<LI><a href="#[15d]">&gt;&gt;</a>&nbsp;&nbsp;&nbsp;bsp_SPI1_SubmitTxData
<LI><a href="#[12d]">&gt;&gt;</a>&nbsp;&nbsp;&nbsp;SPI1_LoadPendingTxIfIdle
<LI><a href="#[10a]">&gt;&gt;</a>&nbsp;&nbsp;&nbsp;HostRxDataCopy
</UL>

<P><STRONG><a name="[8b]"></a>__rt_memcpy</STRONG> (Thumb, 138 bytes, Stack size 0 bytes, rt_memcpy_v6.o(.text), UNUSED)
<BR><BR>[Calls]<UL><LI><a href="#[8c]">&gt;&gt;</a>&nbsp;&nbsp;&nbsp;__aeabi_memcpy4
</UL>

<P><STRONG><a name="[19f]"></a>_memcpy_lastbytes</STRONG> (Thumb, 0 bytes, Stack size unknown bytes, rt_memcpy_v6.o(.text), UNUSED)

<P><STRONG><a name="[8d]"></a>__aeabi_memset</STRONG> (Thumb, 16 bytes, Stack size 0 bytes, aeabi_memset.o(.text))
<BR><BR>[Stack]<UL><LI>Max Depth = 4<LI>Call Chain = __aeabi_memset &rArr; _memset &rArr; _memset_w
</UL>
<BR>[Calls]<UL><LI><a href="#[8e]">&gt;&gt;</a>&nbsp;&nbsp;&nbsp;_memset
</UL>
<BR>[Called By]<UL><LI><a href="#[15b]">&gt;&gt;</a>&nbsp;&nbsp;&nbsp;app_HostDataPacketDisassembly_loop
<LI><a href="#[160]">&gt;&gt;</a>&nbsp;&nbsp;&nbsp;app_HostData_init
<LI><a href="#[10f]">&gt;&gt;</a>&nbsp;&nbsp;&nbsp;ReturnPackageFill
</UL>

<P><STRONG><a name="[8f]"></a>__aeabi_memset4</STRONG> (Thumb, 16 bytes, Stack size 0 bytes, aeabi_memset4.o(.text))
<BR><BR>[Stack]<UL><LI>Max Depth = 4<LI>Call Chain = __aeabi_memset4 &rArr; _memset_w
</UL>
<BR>[Calls]<UL><LI><a href="#[90]">&gt;&gt;</a>&nbsp;&nbsp;&nbsp;_memset_w
</UL>
<BR>[Called By]<UL><LI><a href="#[10d]">&gt;&gt;</a>&nbsp;&nbsp;&nbsp;UpgradeData_WriteFlash
<LI><a href="#[14f]">&gt;&gt;</a>&nbsp;&nbsp;&nbsp;UpdateRequestDataPack
</UL>

<P><STRONG><a name="[1a0]"></a>__aeabi_memset8</STRONG> (Thumb, 0 bytes, Stack size 0 bytes, aeabi_memset4.o(.text), UNUSED)

<P><STRONG><a name="[161]"></a>__aeabi_memclr</STRONG> (Thumb, 0 bytes, Stack size unknown bytes, rt_memclr.o(.text))
<BR><BR>[Called By]<UL><LI><a href="#[16f]">&gt;&gt;</a>&nbsp;&nbsp;&nbsp;bsp_Spi1StartDmaExchange
<LI><a href="#[160]">&gt;&gt;</a>&nbsp;&nbsp;&nbsp;app_HostData_init
</UL>

<P><STRONG><a name="[1a1]"></a>__rt_memclr</STRONG> (Thumb, 0 bytes, Stack size unknown bytes, rt_memclr.o(.text), UNUSED)

<P><STRONG><a name="[8e]"></a>_memset</STRONG> (Thumb, 64 bytes, Stack size 0 bytes, rt_memclr.o(.text))
<BR><BR>[Stack]<UL><LI>Max Depth = 4<LI>Call Chain = _memset &rArr; _memset_w
</UL>
<BR>[Calls]<UL><LI><a href="#[90]">&gt;&gt;</a>&nbsp;&nbsp;&nbsp;_memset_w
</UL>
<BR>[Called By]<UL><LI><a href="#[8d]">&gt;&gt;</a>&nbsp;&nbsp;&nbsp;__aeabi_memset
</UL>

<P><STRONG><a name="[97]"></a>__aeabi_memclr4</STRONG> (Thumb, 0 bytes, Stack size unknown bytes, rt_memclr_w.o(.text))
<BR><BR>[Called By]<UL><LI><a href="#[102]">&gt;&gt;</a>&nbsp;&nbsp;&nbsp;HAL_UART_MspInit
<LI><a href="#[ba]">&gt;&gt;</a>&nbsp;&nbsp;&nbsp;HAL_FDCAN_MspInit
<LI><a href="#[9b]">&gt;&gt;</a>&nbsp;&nbsp;&nbsp;BSP_Usart3StartDma
<LI><a href="#[9a]">&gt;&gt;</a>&nbsp;&nbsp;&nbsp;BSP_Usart2StartDma
<LI><a href="#[96]">&gt;&gt;</a>&nbsp;&nbsp;&nbsp;BSP_Usart1StartDma
<LI><a href="#[148]">&gt;&gt;</a>&nbsp;&nbsp;&nbsp;SystemClock_Config
<LI><a href="#[110]">&gt;&gt;</a>&nbsp;&nbsp;&nbsp;Update_writeflag
</UL>

<P><STRONG><a name="[1a2]"></a>__aeabi_memclr8</STRONG> (Thumb, 0 bytes, Stack size unknown bytes, rt_memclr_w.o(.text), UNUSED)

<P><STRONG><a name="[1a3]"></a>__rt_memclr_w</STRONG> (Thumb, 0 bytes, Stack size unknown bytes, rt_memclr_w.o(.text), UNUSED)

<P><STRONG><a name="[90]"></a>_memset_w</STRONG> (Thumb, 74 bytes, Stack size 4 bytes, rt_memclr_w.o(.text))
<BR><BR>[Stack]<UL><LI>Max Depth = 4<LI>Call Chain = _memset_w
</UL>
<BR>[Called By]<UL><LI><a href="#[8e]">&gt;&gt;</a>&nbsp;&nbsp;&nbsp;_memset
<LI><a href="#[8f]">&gt;&gt;</a>&nbsp;&nbsp;&nbsp;__aeabi_memset4
</UL>

<P><STRONG><a name="[1a4]"></a>__use_two_region_memory</STRONG> (Thumb, 2 bytes, Stack size 0 bytes, heapauxi.o(.text), UNUSED)

<P><STRONG><a name="[1a5]"></a>__rt_heap_escrow$2region</STRONG> (Thumb, 2 bytes, Stack size 0 bytes, heapauxi.o(.text), UNUSED)

<P><STRONG><a name="[1a6]"></a>__rt_heap_expand$2region</STRONG> (Thumb, 2 bytes, Stack size 0 bytes, heapauxi.o(.text), UNUSED)

<P><STRONG><a name="[8c]"></a>__aeabi_memcpy4</STRONG> (Thumb, 0 bytes, Stack size 8 bytes, rt_memcpy_w.o(.text), UNUSED)
<BR><BR>[Called By]<UL><LI><a href="#[8b]">&gt;&gt;</a>&nbsp;&nbsp;&nbsp;__rt_memcpy
</UL>

<P><STRONG><a name="[1a7]"></a>__aeabi_memcpy8</STRONG> (Thumb, 0 bytes, Stack size 8 bytes, rt_memcpy_w.o(.text), UNUSED)

<P><STRONG><a name="[1a8]"></a>__rt_memcpy_w</STRONG> (Thumb, 100 bytes, Stack size 8 bytes, rt_memcpy_w.o(.text), UNUSED)

<P><STRONG><a name="[1a9]"></a>_memcpy_lastbytes_aligned</STRONG> (Thumb, 0 bytes, Stack size unknown bytes, rt_memcpy_w.o(.text), UNUSED)

<P><STRONG><a name="[81]"></a>__user_setup_stackheap</STRONG> (Thumb, 74 bytes, Stack size 8 bytes, sys_stackheap_outer.o(.text))
<BR><BR>[Stack]<UL><LI>Max Depth = 8 + Unknown Stack Size
<LI>Call Chain = __user_setup_stackheap
</UL>
<BR>[Calls]<UL><LI><a href="#[92]">&gt;&gt;</a>&nbsp;&nbsp;&nbsp;__user_initial_stackheap
<LI><a href="#[91]">&gt;&gt;</a>&nbsp;&nbsp;&nbsp;__user_perproc_libspace
</UL>
<BR>[Called By]<UL><LI><a href="#[80]">&gt;&gt;</a>&nbsp;&nbsp;&nbsp;__rt_entry_sh
</UL>

<P><STRONG><a name="[86]"></a>exit</STRONG> (Thumb, 18 bytes, Stack size 8 bytes, exit.o(.text))
<BR><BR>[Stack]<UL><LI>Max Depth = 8 + Unknown Stack Size
<LI>Call Chain = exit
</UL>
<BR>[Calls]<UL><LI><a href="#[93]">&gt;&gt;</a>&nbsp;&nbsp;&nbsp;__rt_exit
</UL>
<BR>[Called By]<UL><LI><a href="#[84]">&gt;&gt;</a>&nbsp;&nbsp;&nbsp;__rt_entry_main
</UL>

<P><STRONG><a name="[1aa]"></a>__user_libspace</STRONG> (Thumb, 8 bytes, Stack size 0 bytes, libspace.o(.text), UNUSED)

<P><STRONG><a name="[91]"></a>__user_perproc_libspace</STRONG> (Thumb, 0 bytes, Stack size 0 bytes, libspace.o(.text))
<BR><BR>[Called By]<UL><LI><a href="#[81]">&gt;&gt;</a>&nbsp;&nbsp;&nbsp;__user_setup_stackheap
</UL>

<P><STRONG><a name="[1ab]"></a>__user_perthread_libspace</STRONG> (Thumb, 0 bytes, Stack size 0 bytes, libspace.o(.text), UNUSED)

<P><STRONG><a name="[8a]"></a>_sys_exit</STRONG> (Thumb, 8 bytes, Stack size 0 bytes, sys_exit.o(.text))
<BR><BR>[Called By]<UL><LI><a href="#[89]">&gt;&gt;</a>&nbsp;&nbsp;&nbsp;__rt_exit_exit
</UL>

<P><STRONG><a name="[1ac]"></a>__I$use$semihosting</STRONG> (Thumb, 0 bytes, Stack size 0 bytes, use_no_semi.o(.text), UNUSED)

<P><STRONG><a name="[1ad]"></a>__use_no_semihosting_swi</STRONG> (Thumb, 2 bytes, Stack size 0 bytes, use_no_semi.o(.text), UNUSED)

<P><STRONG><a name="[1ae]"></a>__semihosting_library_function</STRONG> (Thumb, 0 bytes, Stack size unknown bytes, indicate_semi.o(.text), UNUSED)

<P><STRONG><a name="[94]"></a>BSP_CAN_Init</STRONG> (Thumb, 98 bytes, Stack size 16 bytes, bsp_dcan.o(.text.BSP_CAN_Init))
<BR><BR>[Stack]<UL><LI>Max Depth = 28<LI>Call Chain = BSP_CAN_Init &rArr; QueueInit
</UL>
<BR>[Calls]<UL><LI><a href="#[95]">&gt;&gt;</a>&nbsp;&nbsp;&nbsp;QueueInit
</UL>
<BR>[Called By]<UL><LI><a href="#[85]">&gt;&gt;</a>&nbsp;&nbsp;&nbsp;main
</UL>

<P><STRONG><a name="[96]"></a>BSP_Usart1StartDma</STRONG> (Thumb, 92 bytes, Stack size 16 bytes, bsp_usart1.o(.text.BSP_Usart1StartDma))
<BR><BR>[Stack]<UL><LI>Max Depth = 136 + Unknown Stack Size
<LI>Call Chain = BSP_Usart1StartDma &rArr; HAL_UARTEx_ReceiveToIdle_DMA &rArr; UART_Start_Receive_DMA &rArr; HAL_DMA_Start_IT &rArr; DMA_SetConfig
</UL>
<BR>[Calls]<UL><LI><a href="#[99]">&gt;&gt;</a>&nbsp;&nbsp;&nbsp;Error_Handler
<LI><a href="#[98]">&gt;&gt;</a>&nbsp;&nbsp;&nbsp;HAL_UARTEx_ReceiveToIdle_DMA
<LI><a href="#[97]">&gt;&gt;</a>&nbsp;&nbsp;&nbsp;__aeabi_memclr4
</UL>
<BR>[Called By]<UL><LI><a href="#[85]">&gt;&gt;</a>&nbsp;&nbsp;&nbsp;main
<LI><a href="#[f8]">&gt;&gt;</a>&nbsp;&nbsp;&nbsp;bsp_UART1_ErrorCallback
</UL>

<P><STRONG><a name="[9a]"></a>BSP_Usart2StartDma</STRONG> (Thumb, 88 bytes, Stack size 16 bytes, bsp_usart2.o(.text.BSP_Usart2StartDma))
<BR><BR>[Stack]<UL><LI>Max Depth = 136 + Unknown Stack Size
<LI>Call Chain = BSP_Usart2StartDma &rArr; HAL_UARTEx_ReceiveToIdle_DMA &rArr; UART_Start_Receive_DMA &rArr; HAL_DMA_Start_IT &rArr; DMA_SetConfig
</UL>
<BR>[Calls]<UL><LI><a href="#[99]">&gt;&gt;</a>&nbsp;&nbsp;&nbsp;Error_Handler
<LI><a href="#[98]">&gt;&gt;</a>&nbsp;&nbsp;&nbsp;HAL_UARTEx_ReceiveToIdle_DMA
<LI><a href="#[97]">&gt;&gt;</a>&nbsp;&nbsp;&nbsp;__aeabi_memclr4
</UL>
<BR>[Called By]<UL><LI><a href="#[85]">&gt;&gt;</a>&nbsp;&nbsp;&nbsp;main
<LI><a href="#[f9]">&gt;&gt;</a>&nbsp;&nbsp;&nbsp;bsp_UART2_ErrorCallback
</UL>

<P><STRONG><a name="[9b]"></a>BSP_Usart3StartDma</STRONG> (Thumb, 88 bytes, Stack size 16 bytes, bsp_usart3.o(.text.BSP_Usart3StartDma))
<BR><BR>[Stack]<UL><LI>Max Depth = 136 + Unknown Stack Size
<LI>Call Chain = BSP_Usart3StartDma &rArr; HAL_UARTEx_ReceiveToIdle_DMA &rArr; UART_Start_Receive_DMA &rArr; HAL_DMA_Start_IT &rArr; DMA_SetConfig
</UL>
<BR>[Calls]<UL><LI><a href="#[99]">&gt;&gt;</a>&nbsp;&nbsp;&nbsp;Error_Handler
<LI><a href="#[98]">&gt;&gt;</a>&nbsp;&nbsp;&nbsp;HAL_UARTEx_ReceiveToIdle_DMA
<LI><a href="#[97]">&gt;&gt;</a>&nbsp;&nbsp;&nbsp;__aeabi_memclr4
</UL>
<BR>[Called By]<UL><LI><a href="#[85]">&gt;&gt;</a>&nbsp;&nbsp;&nbsp;main
<LI><a href="#[fa]">&gt;&gt;</a>&nbsp;&nbsp;&nbsp;bsp_UART3_ErrorCallback
</UL>

<P><STRONG><a name="[4]"></a>BusFault_Handler</STRONG> (Thumb, 4 bytes, Stack size 0 bytes, stm32g4xx_it.o(.text.BusFault_Handler))
<BR>[Address Reference Count : 1]<UL><LI> startup_stm32g474xx.o(RESET)
</UL>
<P><STRONG><a name="[15]"></a>DMA1_Channel1_IRQHandler</STRONG> (Thumb, 16 bytes, Stack size 8 bytes, stm32g4xx_it.o(.text.DMA1_Channel1_IRQHandler))
<BR><BR>[Stack]<UL><LI>Max Depth = 32<LI>Call Chain = DMA1_Channel1_IRQHandler &rArr; HAL_DMA_IRQHandler
</UL>
<BR>[Calls]<UL><LI><a href="#[9e]">&gt;&gt;</a>&nbsp;&nbsp;&nbsp;HAL_DMA_IRQHandler
</UL>
<BR>[Address Reference Count : 1]<UL><LI> startup_stm32g474xx.o(RESET)
</UL>
<P><STRONG><a name="[16]"></a>DMA1_Channel2_IRQHandler</STRONG> (Thumb, 16 bytes, Stack size 8 bytes, stm32g4xx_it.o(.text.DMA1_Channel2_IRQHandler))
<BR><BR>[Stack]<UL><LI>Max Depth = 32<LI>Call Chain = DMA1_Channel2_IRQHandler &rArr; HAL_DMA_IRQHandler
</UL>
<BR>[Calls]<UL><LI><a href="#[9e]">&gt;&gt;</a>&nbsp;&nbsp;&nbsp;HAL_DMA_IRQHandler
</UL>
<BR>[Address Reference Count : 1]<UL><LI> startup_stm32g474xx.o(RESET)
</UL>
<P><STRONG><a name="[17]"></a>DMA1_Channel3_IRQHandler</STRONG> (Thumb, 16 bytes, Stack size 8 bytes, stm32g4xx_it.o(.text.DMA1_Channel3_IRQHandler))
<BR><BR>[Stack]<UL><LI>Max Depth = 32<LI>Call Chain = DMA1_Channel3_IRQHandler &rArr; HAL_DMA_IRQHandler
</UL>
<BR>[Calls]<UL><LI><a href="#[9e]">&gt;&gt;</a>&nbsp;&nbsp;&nbsp;HAL_DMA_IRQHandler
</UL>
<BR>[Address Reference Count : 1]<UL><LI> startup_stm32g474xx.o(RESET)
</UL>
<P><STRONG><a name="[18]"></a>DMA1_Channel4_IRQHandler</STRONG> (Thumb, 16 bytes, Stack size 8 bytes, stm32g4xx_it.o(.text.DMA1_Channel4_IRQHandler))
<BR><BR>[Stack]<UL><LI>Max Depth = 32<LI>Call Chain = DMA1_Channel4_IRQHandler &rArr; HAL_DMA_IRQHandler
</UL>
<BR>[Calls]<UL><LI><a href="#[9e]">&gt;&gt;</a>&nbsp;&nbsp;&nbsp;HAL_DMA_IRQHandler
</UL>
<BR>[Address Reference Count : 1]<UL><LI> startup_stm32g474xx.o(RESET)
</UL>
<P><STRONG><a name="[19]"></a>DMA1_Channel5_IRQHandler</STRONG> (Thumb, 16 bytes, Stack size 8 bytes, stm32g4xx_it.o(.text.DMA1_Channel5_IRQHandler))
<BR><BR>[Stack]<UL><LI>Max Depth = 32<LI>Call Chain = DMA1_Channel5_IRQHandler &rArr; HAL_DMA_IRQHandler
</UL>
<BR>[Calls]<UL><LI><a href="#[9e]">&gt;&gt;</a>&nbsp;&nbsp;&nbsp;HAL_DMA_IRQHandler
</UL>
<BR>[Address Reference Count : 1]<UL><LI> startup_stm32g474xx.o(RESET)
</UL>
<P><STRONG><a name="[1a]"></a>DMA1_Channel6_IRQHandler</STRONG> (Thumb, 16 bytes, Stack size 8 bytes, stm32g4xx_it.o(.text.DMA1_Channel6_IRQHandler))
<BR><BR>[Stack]<UL><LI>Max Depth = 32<LI>Call Chain = DMA1_Channel6_IRQHandler &rArr; HAL_DMA_IRQHandler
</UL>
<BR>[Calls]<UL><LI><a href="#[9e]">&gt;&gt;</a>&nbsp;&nbsp;&nbsp;HAL_DMA_IRQHandler
</UL>
<BR>[Address Reference Count : 1]<UL><LI> startup_stm32g474xx.o(RESET)
</UL>
<P><STRONG><a name="[42]"></a>DMA2_Channel1_IRQHandler</STRONG> (Thumb, 16 bytes, Stack size 8 bytes, stm32g4xx_it.o(.text.DMA2_Channel1_IRQHandler))
<BR><BR>[Stack]<UL><LI>Max Depth = 32<LI>Call Chain = DMA2_Channel1_IRQHandler &rArr; HAL_DMA_IRQHandler
</UL>
<BR>[Calls]<UL><LI><a href="#[9e]">&gt;&gt;</a>&nbsp;&nbsp;&nbsp;HAL_DMA_IRQHandler
</UL>
<BR>[Address Reference Count : 1]<UL><LI> startup_stm32g474xx.o(RESET)
</UL>
<P><STRONG><a name="[45]"></a>DMA2_Channel4_IRQHandler</STRONG> (Thumb, 16 bytes, Stack size 8 bytes, stm32g4xx_it.o(.text.DMA2_Channel4_IRQHandler))
<BR><BR>[Stack]<UL><LI>Max Depth = 32<LI>Call Chain = DMA2_Channel4_IRQHandler &rArr; HAL_DMA_IRQHandler
</UL>
<BR>[Calls]<UL><LI><a href="#[9e]">&gt;&gt;</a>&nbsp;&nbsp;&nbsp;HAL_DMA_IRQHandler
</UL>
<BR>[Address Reference Count : 1]<UL><LI> startup_stm32g474xx.o(RESET)
</UL>
<P><STRONG><a name="[7]"></a>DebugMon_Handler</STRONG> (Thumb, 2 bytes, Stack size 0 bytes, stm32g4xx_it.o(.text.DebugMon_Handler))
<BR>[Address Reference Count : 1]<UL><LI> startup_stm32g474xx.o(RESET)
</UL>
<P><STRONG><a name="[14]"></a>EXTI4_IRQHandler</STRONG> (Thumb, 40 bytes, Stack size 8 bytes, stm32g4xx_it.o(.text.EXTI4_IRQHandler))
<BR><BR>[Stack]<UL><LI>Max Depth = 172<LI>Call Chain = EXTI4_IRQHandler &rArr; bsp_SPI1_NssExtiCallback &rArr; SPI1_ResetPeripheralAfterNssHigh &rArr; HAL_SPI_Init &rArr; HAL_SPI_MspInit &rArr; HAL_GPIO_Init
</UL>
<BR>[Calls]<UL><LI><a href="#[9f]">&gt;&gt;</a>&nbsp;&nbsp;&nbsp;bsp_SPI1_NssExtiCallback
</UL>
<BR>[Address Reference Count : 1]<UL><LI> startup_stm32g474xx.o(RESET)
</UL>
<P><STRONG><a name="[99]"></a>Error_Handler</STRONG> (Thumb, 14 bytes, Stack size 4 bytes, main.o(.text.Error_Handler))
<BR><BR>[Stack]<UL><LI>Max Depth = 4<LI>Call Chain = Error_Handler
</UL>
<BR>[Called By]<UL><LI><a href="#[102]">&gt;&gt;</a>&nbsp;&nbsp;&nbsp;HAL_UART_MspInit
<LI><a href="#[e0]">&gt;&gt;</a>&nbsp;&nbsp;&nbsp;HAL_SPI_MspInit
<LI><a href="#[ba]">&gt;&gt;</a>&nbsp;&nbsp;&nbsp;HAL_FDCAN_MspInit
<LI><a href="#[9b]">&gt;&gt;</a>&nbsp;&nbsp;&nbsp;BSP_Usart3StartDma
<LI><a href="#[9a]">&gt;&gt;</a>&nbsp;&nbsp;&nbsp;BSP_Usart2StartDma
<LI><a href="#[96]">&gt;&gt;</a>&nbsp;&nbsp;&nbsp;BSP_Usart1StartDma
<LI><a href="#[11d]">&gt;&gt;</a>&nbsp;&nbsp;&nbsp;MX_TIM2_Init
<LI><a href="#[11c]">&gt;&gt;</a>&nbsp;&nbsp;&nbsp;MX_SPI1_Init
<LI><a href="#[122]">&gt;&gt;</a>&nbsp;&nbsp;&nbsp;MX_USART2_UART_Init
<LI><a href="#[120]">&gt;&gt;</a>&nbsp;&nbsp;&nbsp;MX_USART1_UART_Init
<LI><a href="#[123]">&gt;&gt;</a>&nbsp;&nbsp;&nbsp;MX_USART3_UART_Init
<LI><a href="#[119]">&gt;&gt;</a>&nbsp;&nbsp;&nbsp;MX_FDCAN2_Init
<LI><a href="#[115]">&gt;&gt;</a>&nbsp;&nbsp;&nbsp;MX_FDCAN1_Init
<LI><a href="#[148]">&gt;&gt;</a>&nbsp;&nbsp;&nbsp;SystemClock_Config
</UL>

<P><STRONG><a name="[1f]"></a>FDCAN1_IT0_IRQHandler</STRONG> (Thumb, 16 bytes, Stack size 8 bytes, stm32g4xx_it.o(.text.FDCAN1_IT0_IRQHandler))
<BR><BR>[Stack]<UL><LI>Max Depth = 204<LI>Call Chain = FDCAN1_IT0_IRQHandler &rArr; HAL_FDCAN_IRQHandler &rArr; HAL_FDCAN_RxFifo1Callback &rArr; CanDataTransferToQueue &rArr; QueueEn &rArr; QueueFull
</UL>
<BR>[Calls]<UL><LI><a href="#[a2]">&gt;&gt;</a>&nbsp;&nbsp;&nbsp;HAL_FDCAN_IRQHandler
</UL>
<BR>[Address Reference Count : 1]<UL><LI> startup_stm32g474xx.o(RESET)
</UL>
<P><STRONG><a name="[60]"></a>FDCAN2_IT1_IRQHandler</STRONG> (Thumb, 16 bytes, Stack size 8 bytes, stm32g4xx_it.o(.text.FDCAN2_IT1_IRQHandler))
<BR><BR>[Stack]<UL><LI>Max Depth = 204<LI>Call Chain = FDCAN2_IT1_IRQHandler &rArr; HAL_FDCAN_IRQHandler &rArr; HAL_FDCAN_RxFifo1Callback &rArr; CanDataTransferToQueue &rArr; QueueEn &rArr; QueueFull
</UL>
<BR>[Calls]<UL><LI><a href="#[a2]">&gt;&gt;</a>&nbsp;&nbsp;&nbsp;HAL_FDCAN_IRQHandler
</UL>
<BR>[Address Reference Count : 1]<UL><LI> startup_stm32g474xx.o(RESET)
</UL>
<P><STRONG><a name="[c5]"></a>FLASH_FlushCaches</STRONG> (Thumb, 180 bytes, Stack size 4 bytes, stm32g4xx_hal_flash_ex.o(.text.FLASH_FlushCaches))
<BR><BR>[Stack]<UL><LI>Max Depth = 4<LI>Call Chain = FLASH_FlushCaches
</UL>
<BR>[Called By]<UL><LI><a href="#[c2]">&gt;&gt;</a>&nbsp;&nbsp;&nbsp;HAL_FLASHEx_Erase
<LI><a href="#[c6]">&gt;&gt;</a>&nbsp;&nbsp;&nbsp;HAL_FLASH_Program
</UL>

<P><STRONG><a name="[c4]"></a>FLASH_PageErase</STRONG> (Thumb, 134 bytes, Stack size 8 bytes, stm32g4xx_hal_flash_ex.o(.text.FLASH_PageErase))
<BR><BR>[Stack]<UL><LI>Max Depth = 8<LI>Call Chain = FLASH_PageErase
</UL>
<BR>[Called By]<UL><LI><a href="#[c2]">&gt;&gt;</a>&nbsp;&nbsp;&nbsp;HAL_FLASHEx_Erase
</UL>

<P><STRONG><a name="[a3]"></a>FLASH_WaitForLastOperation</STRONG> (Thumb, 242 bytes, Stack size 24 bytes, stm32g4xx_hal_flash.o(.text.FLASH_WaitForLastOperation))
<BR><BR>[Stack]<UL><LI>Max Depth = 24<LI>Call Chain = FLASH_WaitForLastOperation
</UL>
<BR>[Calls]<UL><LI><a href="#[a4]">&gt;&gt;</a>&nbsp;&nbsp;&nbsp;HAL_GetTick
</UL>
<BR>[Called By]<UL><LI><a href="#[c2]">&gt;&gt;</a>&nbsp;&nbsp;&nbsp;HAL_FLASHEx_Erase
<LI><a href="#[c6]">&gt;&gt;</a>&nbsp;&nbsp;&nbsp;HAL_FLASH_Program
</UL>

<P><STRONG><a name="[dc]"></a>HAL_DMA_Abort</STRONG> (Thumb, 180 bytes, Stack size 12 bytes, stm32g4xx_hal_dma.o(.text.HAL_DMA_Abort))
<BR><BR>[Stack]<UL><LI>Max Depth = 12<LI>Call Chain = HAL_DMA_Abort
</UL>
<BR>[Called By]<UL><LI><a href="#[fb]">&gt;&gt;</a>&nbsp;&nbsp;&nbsp;HAL_UART_IRQHandler
<LI><a href="#[f3]">&gt;&gt;</a>&nbsp;&nbsp;&nbsp;HAL_UART_DMAStop
<LI><a href="#[db]">&gt;&gt;</a>&nbsp;&nbsp;&nbsp;HAL_SPI_DMAStop
</UL>

<P><STRONG><a name="[fc]"></a>HAL_DMA_Abort_IT</STRONG> (Thumb, 194 bytes, Stack size 16 bytes, stm32g4xx_hal_dma.o(.text.HAL_DMA_Abort_IT))
<BR><BR>[Stack]<UL><LI>Max Depth = 16<LI>Call Chain = HAL_DMA_Abort_IT
</UL>
<BR>[Called By]<UL><LI><a href="#[fb]">&gt;&gt;</a>&nbsp;&nbsp;&nbsp;HAL_UART_IRQHandler
</UL>

<P><STRONG><a name="[f4]"></a>HAL_DMA_GetError</STRONG> (Thumb, 12 bytes, Stack size 4 bytes, stm32g4xx_hal_dma.o(.text.HAL_DMA_GetError))
<BR><BR>[Stack]<UL><LI>Max Depth = 4<LI>Call Chain = HAL_DMA_GetError
</UL>
<BR>[Called By]<UL><LI><a href="#[f3]">&gt;&gt;</a>&nbsp;&nbsp;&nbsp;HAL_UART_DMAStop
</UL>

<P><STRONG><a name="[9e]"></a>HAL_DMA_IRQHandler</STRONG> (Thumb, 342 bytes, Stack size 24 bytes, stm32g4xx_hal_dma.o(.text.HAL_DMA_IRQHandler))
<BR><BR>[Stack]<UL><LI>Max Depth = 24<LI>Call Chain = HAL_DMA_IRQHandler
</UL>
<BR>[Called By]<UL><LI><a href="#[45]">&gt;&gt;</a>&nbsp;&nbsp;&nbsp;DMA2_Channel4_IRQHandler
<LI><a href="#[42]">&gt;&gt;</a>&nbsp;&nbsp;&nbsp;DMA2_Channel1_IRQHandler
<LI><a href="#[1a]">&gt;&gt;</a>&nbsp;&nbsp;&nbsp;DMA1_Channel6_IRQHandler
<LI><a href="#[19]">&gt;&gt;</a>&nbsp;&nbsp;&nbsp;DMA1_Channel5_IRQHandler
<LI><a href="#[18]">&gt;&gt;</a>&nbsp;&nbsp;&nbsp;DMA1_Channel4_IRQHandler
<LI><a href="#[17]">&gt;&gt;</a>&nbsp;&nbsp;&nbsp;DMA1_Channel3_IRQHandler
<LI><a href="#[16]">&gt;&gt;</a>&nbsp;&nbsp;&nbsp;DMA1_Channel2_IRQHandler
<LI><a href="#[15]">&gt;&gt;</a>&nbsp;&nbsp;&nbsp;DMA1_Channel1_IRQHandler
</UL>

<P><STRONG><a name="[a7]"></a>HAL_DMA_Init</STRONG> (Thumb, 346 bytes, Stack size 24 bytes, stm32g4xx_hal_dma.o(.text.HAL_DMA_Init))
<BR><BR>[Stack]<UL><LI>Max Depth = 40<LI>Call Chain = HAL_DMA_Init &rArr; DMA_CalcDMAMUXChannelBaseAndMask
</UL>
<BR>[Calls]<UL><LI><a href="#[a9]">&gt;&gt;</a>&nbsp;&nbsp;&nbsp;DMA_CalcDMAMUXRequestGenBaseAndMask
<LI><a href="#[a8]">&gt;&gt;</a>&nbsp;&nbsp;&nbsp;DMA_CalcDMAMUXChannelBaseAndMask
</UL>
<BR>[Called By]<UL><LI><a href="#[102]">&gt;&gt;</a>&nbsp;&nbsp;&nbsp;HAL_UART_MspInit
<LI><a href="#[e0]">&gt;&gt;</a>&nbsp;&nbsp;&nbsp;HAL_SPI_MspInit
</UL>

<P><STRONG><a name="[aa]"></a>HAL_DMA_Start_IT</STRONG> (Thumb, 252 bytes, Stack size 32 bytes, stm32g4xx_hal_dma.o(.text.HAL_DMA_Start_IT))
<BR><BR>[Stack]<UL><LI>Max Depth = 48<LI>Call Chain = HAL_DMA_Start_IT &rArr; DMA_SetConfig
</UL>
<BR>[Calls]<UL><LI><a href="#[ab]">&gt;&gt;</a>&nbsp;&nbsp;&nbsp;DMA_SetConfig
</UL>
<BR>[Called By]<UL><LI><a href="#[eb]">&gt;&gt;</a>&nbsp;&nbsp;&nbsp;UART_Start_Receive_DMA
<LI><a href="#[e1]">&gt;&gt;</a>&nbsp;&nbsp;&nbsp;HAL_SPI_TransmitReceive_DMA
</UL>

<P><STRONG><a name="[c1]"></a>HAL_FDCAN_ActivateNotification</STRONG> (Thumb, 522 bytes, Stack size 24 bytes, stm32g4xx_hal_fdcan.o(.text.HAL_FDCAN_ActivateNotification))
<BR><BR>[Stack]<UL><LI>Max Depth = 24<LI>Call Chain = HAL_FDCAN_ActivateNotification
</UL>
<BR>[Called By]<UL><LI><a href="#[119]">&gt;&gt;</a>&nbsp;&nbsp;&nbsp;MX_FDCAN2_Init
<LI><a href="#[115]">&gt;&gt;</a>&nbsp;&nbsp;&nbsp;MX_FDCAN1_Init
<LI><a href="#[b2]">&gt;&gt;</a>&nbsp;&nbsp;&nbsp;HAL_FDCAN_RxFifo1Callback
<LI><a href="#[b1]">&gt;&gt;</a>&nbsp;&nbsp;&nbsp;HAL_FDCAN_RxFifo0Callback
</UL>

<P><STRONG><a name="[ac]"></a>HAL_FDCAN_AddMessageToTxFifoQ</STRONG> (Thumb, 154 bytes, Stack size 32 bytes, stm32g4xx_hal_fdcan.o(.text.HAL_FDCAN_AddMessageToTxFifoQ))
<BR><BR>[Stack]<UL><LI>Max Depth = 64<LI>Call Chain = HAL_FDCAN_AddMessageToTxFifoQ &rArr; FDCAN_CopyMessageToRAM
</UL>
<BR>[Calls]<UL><LI><a href="#[ad]">&gt;&gt;</a>&nbsp;&nbsp;&nbsp;FDCAN_CopyMessageToRAM
</UL>
<BR>[Called By]<UL><LI><a href="#[15f]">&gt;&gt;</a>&nbsp;&nbsp;&nbsp;bsp_Can2SendQueueMsg_loop
<LI><a href="#[15e]">&gt;&gt;</a>&nbsp;&nbsp;&nbsp;bsp_Can1SendQueueMsg_loop
</UL>

<P><STRONG><a name="[116]"></a>HAL_FDCAN_ConfigFilter</STRONG> (Thumb, 182 bytes, Stack size 28 bytes, stm32g4xx_hal_fdcan.o(.text.HAL_FDCAN_ConfigFilter))
<BR><BR>[Stack]<UL><LI>Max Depth = 28<LI>Call Chain = HAL_FDCAN_ConfigFilter
</UL>
<BR>[Called By]<UL><LI><a href="#[119]">&gt;&gt;</a>&nbsp;&nbsp;&nbsp;MX_FDCAN2_Init
<LI><a href="#[115]">&gt;&gt;</a>&nbsp;&nbsp;&nbsp;MX_FDCAN1_Init
</UL>

<P><STRONG><a name="[117]"></a>HAL_FDCAN_ConfigGlobalFilter</STRONG> (Thumb, 102 bytes, Stack size 20 bytes, stm32g4xx_hal_fdcan.o(.text.HAL_FDCAN_ConfigGlobalFilter))
<BR><BR>[Stack]<UL><LI>Max Depth = 20<LI>Call Chain = HAL_FDCAN_ConfigGlobalFilter
</UL>
<BR>[Called By]<UL><LI><a href="#[119]">&gt;&gt;</a>&nbsp;&nbsp;&nbsp;MX_FDCAN2_Init
<LI><a href="#[115]">&gt;&gt;</a>&nbsp;&nbsp;&nbsp;MX_FDCAN1_Init
</UL>

<P><STRONG><a name="[11a]"></a>HAL_FDCAN_ConfigInterruptLines</STRONG> (Thumb, 108 bytes, Stack size 20 bytes, stm32g4xx_hal_fdcan.o(.text.HAL_FDCAN_ConfigInterruptLines))
<BR><BR>[Stack]<UL><LI>Max Depth = 20<LI>Call Chain = HAL_FDCAN_ConfigInterruptLines
</UL>
<BR>[Called By]<UL><LI><a href="#[119]">&gt;&gt;</a>&nbsp;&nbsp;&nbsp;MX_FDCAN2_Init
</UL>

<P><STRONG><a name="[b8]"></a>HAL_FDCAN_ErrorCallback</STRONG> (Thumb, 8 bytes, Stack size 4 bytes, bsp_dcan.o(.text.HAL_FDCAN_ErrorCallback))
<BR><BR>[Stack]<UL><LI>Max Depth = 4<LI>Call Chain = HAL_FDCAN_ErrorCallback
</UL>
<BR>[Called By]<UL><LI><a href="#[a2]">&gt;&gt;</a>&nbsp;&nbsp;&nbsp;HAL_FDCAN_IRQHandler
</UL>

<P><STRONG><a name="[b7]"></a>HAL_FDCAN_ErrorStatusCallback</STRONG> (Thumb, 10 bytes, Stack size 8 bytes, stm32g4xx_hal_fdcan.o(.text.HAL_FDCAN_ErrorStatusCallback))
<BR><BR>[Stack]<UL><LI>Max Depth = 8<LI>Call Chain = HAL_FDCAN_ErrorStatusCallback
</UL>
<BR>[Called By]<UL><LI><a href="#[a2]">&gt;&gt;</a>&nbsp;&nbsp;&nbsp;HAL_FDCAN_IRQHandler
</UL>

<P><STRONG><a name="[c0]"></a>HAL_FDCAN_GetRxMessage</STRONG> (Thumb, 556 bytes, Stack size 40 bytes, stm32g4xx_hal_fdcan.o(.text.HAL_FDCAN_GetRxMessage))
<BR><BR>[Stack]<UL><LI>Max Depth = 40<LI>Call Chain = HAL_FDCAN_GetRxMessage
</UL>
<BR>[Called By]<UL><LI><a href="#[b2]">&gt;&gt;</a>&nbsp;&nbsp;&nbsp;HAL_FDCAN_RxFifo1Callback
<LI><a href="#[b1]">&gt;&gt;</a>&nbsp;&nbsp;&nbsp;HAL_FDCAN_RxFifo0Callback
</UL>

<P><STRONG><a name="[169]"></a>HAL_FDCAN_GetTxFifoFreeLevel</STRONG> (Thumb, 24 bytes, Stack size 8 bytes, stm32g4xx_hal_fdcan.o(.text.HAL_FDCAN_GetTxFifoFreeLevel))
<BR><BR>[Stack]<UL><LI>Max Depth = 8<LI>Call Chain = HAL_FDCAN_GetTxFifoFreeLevel
</UL>
<BR>[Called By]<UL><LI><a href="#[15f]">&gt;&gt;</a>&nbsp;&nbsp;&nbsp;bsp_Can2SendQueueMsg_loop
<LI><a href="#[15e]">&gt;&gt;</a>&nbsp;&nbsp;&nbsp;bsp_Can1SendQueueMsg_loop
</UL>

<P><STRONG><a name="[ae]"></a>HAL_FDCAN_HighPriorityMessageCallback</STRONG> (Thumb, 8 bytes, Stack size 4 bytes, stm32g4xx_hal_fdcan.o(.text.HAL_FDCAN_HighPriorityMessageCallback))
<BR><BR>[Stack]<UL><LI>Max Depth = 4<LI>Call Chain = HAL_FDCAN_HighPriorityMessageCallback
</UL>
<BR>[Called By]<UL><LI><a href="#[a2]">&gt;&gt;</a>&nbsp;&nbsp;&nbsp;HAL_FDCAN_IRQHandler
</UL>

<P><STRONG><a name="[a2]"></a>HAL_FDCAN_IRQHandler</STRONG> (Thumb, 696 bytes, Stack size 48 bytes, stm32g4xx_hal_fdcan.o(.text.HAL_FDCAN_IRQHandler))
<BR><BR>[Stack]<UL><LI>Max Depth = 196<LI>Call Chain = HAL_FDCAN_IRQHandler &rArr; HAL_FDCAN_RxFifo1Callback &rArr; CanDataTransferToQueue &rArr; QueueEn &rArr; QueueFull
</UL>
<BR>[Calls]<UL><LI><a href="#[b7]">&gt;&gt;</a>&nbsp;&nbsp;&nbsp;HAL_FDCAN_ErrorStatusCallback
<LI><a href="#[b6]">&gt;&gt;</a>&nbsp;&nbsp;&nbsp;HAL_FDCAN_TimeoutOccurredCallback
<LI><a href="#[b5]">&gt;&gt;</a>&nbsp;&nbsp;&nbsp;HAL_FDCAN_TimestampWraparoundCallback
<LI><a href="#[b4]">&gt;&gt;</a>&nbsp;&nbsp;&nbsp;HAL_FDCAN_TxBufferCompleteCallback
<LI><a href="#[b3]">&gt;&gt;</a>&nbsp;&nbsp;&nbsp;HAL_FDCAN_TxFifoEmptyCallback
<LI><a href="#[b0]">&gt;&gt;</a>&nbsp;&nbsp;&nbsp;HAL_FDCAN_TxEventFifoCallback
<LI><a href="#[af]">&gt;&gt;</a>&nbsp;&nbsp;&nbsp;HAL_FDCAN_TxBufferAbortCallback
<LI><a href="#[ae]">&gt;&gt;</a>&nbsp;&nbsp;&nbsp;HAL_FDCAN_HighPriorityMessageCallback
<LI><a href="#[b8]">&gt;&gt;</a>&nbsp;&nbsp;&nbsp;HAL_FDCAN_ErrorCallback
<LI><a href="#[b2]">&gt;&gt;</a>&nbsp;&nbsp;&nbsp;HAL_FDCAN_RxFifo1Callback
<LI><a href="#[b1]">&gt;&gt;</a>&nbsp;&nbsp;&nbsp;HAL_FDCAN_RxFifo0Callback
</UL>
<BR>[Called By]<UL><LI><a href="#[60]">&gt;&gt;</a>&nbsp;&nbsp;&nbsp;FDCAN2_IT1_IRQHandler
<LI><a href="#[1f]">&gt;&gt;</a>&nbsp;&nbsp;&nbsp;FDCAN1_IT0_IRQHandler
</UL>

<P><STRONG><a name="[b9]"></a>HAL_FDCAN_Init</STRONG> (Thumb, 716 bytes, Stack size 24 bytes, stm32g4xx_hal_fdcan.o(.text.HAL_FDCAN_Init))
<BR><BR>[Stack]<UL><LI>Max Depth = 240 + Unknown Stack Size
<LI>Call Chain = HAL_FDCAN_Init &rArr; HAL_FDCAN_MspInit &rArr; HAL_NVIC_SetPriority &rArr; NVIC_EncodePriority
</UL>
<BR>[Calls]<UL><LI><a href="#[a4]">&gt;&gt;</a>&nbsp;&nbsp;&nbsp;HAL_GetTick
<LI><a href="#[bb]">&gt;&gt;</a>&nbsp;&nbsp;&nbsp;FDCAN_CalcultateRamBlockAddresses
<LI><a href="#[ba]">&gt;&gt;</a>&nbsp;&nbsp;&nbsp;HAL_FDCAN_MspInit
</UL>
<BR>[Called By]<UL><LI><a href="#[119]">&gt;&gt;</a>&nbsp;&nbsp;&nbsp;MX_FDCAN2_Init
<LI><a href="#[115]">&gt;&gt;</a>&nbsp;&nbsp;&nbsp;MX_FDCAN1_Init
</UL>

<P><STRONG><a name="[ba]"></a>HAL_FDCAN_MspInit</STRONG> (Thumb, 402 bytes, Stack size 152 bytes, fdcan.o(.text.HAL_FDCAN_MspInit))
<BR><BR>[Stack]<UL><LI>Max Depth = 216 + Unknown Stack Size
<LI>Call Chain = HAL_FDCAN_MspInit &rArr; HAL_NVIC_SetPriority &rArr; NVIC_EncodePriority
</UL>
<BR>[Calls]<UL><LI><a href="#[bc]">&gt;&gt;</a>&nbsp;&nbsp;&nbsp;HAL_RCCEx_PeriphCLKConfig
<LI><a href="#[bf]">&gt;&gt;</a>&nbsp;&nbsp;&nbsp;HAL_NVIC_EnableIRQ
<LI><a href="#[be]">&gt;&gt;</a>&nbsp;&nbsp;&nbsp;HAL_NVIC_SetPriority
<LI><a href="#[bd]">&gt;&gt;</a>&nbsp;&nbsp;&nbsp;HAL_GPIO_Init
<LI><a href="#[99]">&gt;&gt;</a>&nbsp;&nbsp;&nbsp;Error_Handler
<LI><a href="#[97]">&gt;&gt;</a>&nbsp;&nbsp;&nbsp;__aeabi_memclr4
</UL>
<BR>[Called By]<UL><LI><a href="#[b9]">&gt;&gt;</a>&nbsp;&nbsp;&nbsp;HAL_FDCAN_Init
</UL>

<P><STRONG><a name="[b1]"></a>HAL_FDCAN_RxFifo0Callback</STRONG> (Thumb, 64 bytes, Stack size 64 bytes, bsp_dcan.o(.text.HAL_FDCAN_RxFifo0Callback))
<BR><BR>[Stack]<UL><LI>Max Depth = 148<LI>Call Chain = HAL_FDCAN_RxFifo0Callback &rArr; CanDataTransferToQueue &rArr; QueueEn &rArr; QueueFull
</UL>
<BR>[Calls]<UL><LI><a href="#[c0]">&gt;&gt;</a>&nbsp;&nbsp;&nbsp;HAL_FDCAN_GetRxMessage
<LI><a href="#[c1]">&gt;&gt;</a>&nbsp;&nbsp;&nbsp;HAL_FDCAN_ActivateNotification
<LI><a href="#[9c]">&gt;&gt;</a>&nbsp;&nbsp;&nbsp;CanDataTransferToQueue
</UL>
<BR>[Called By]<UL><LI><a href="#[a2]">&gt;&gt;</a>&nbsp;&nbsp;&nbsp;HAL_FDCAN_IRQHandler
</UL>

<P><STRONG><a name="[b2]"></a>HAL_FDCAN_RxFifo1Callback</STRONG> (Thumb, 66 bytes, Stack size 64 bytes, bsp_dcan.o(.text.HAL_FDCAN_RxFifo1Callback))
<BR><BR>[Stack]<UL><LI>Max Depth = 148<LI>Call Chain = HAL_FDCAN_RxFifo1Callback &rArr; CanDataTransferToQueue &rArr; QueueEn &rArr; QueueFull
</UL>
<BR>[Calls]<UL><LI><a href="#[c0]">&gt;&gt;</a>&nbsp;&nbsp;&nbsp;HAL_FDCAN_GetRxMessage
<LI><a href="#[c1]">&gt;&gt;</a>&nbsp;&nbsp;&nbsp;HAL_FDCAN_ActivateNotification
<LI><a href="#[9c]">&gt;&gt;</a>&nbsp;&nbsp;&nbsp;CanDataTransferToQueue
</UL>
<BR>[Called By]<UL><LI><a href="#[a2]">&gt;&gt;</a>&nbsp;&nbsp;&nbsp;HAL_FDCAN_IRQHandler
</UL>

<P><STRONG><a name="[118]"></a>HAL_FDCAN_Start</STRONG> (Thumb, 74 bytes, Stack size 8 bytes, stm32g4xx_hal_fdcan.o(.text.HAL_FDCAN_Start))
<BR><BR>[Stack]<UL><LI>Max Depth = 8<LI>Call Chain = HAL_FDCAN_Start
</UL>
<BR>[Called By]<UL><LI><a href="#[119]">&gt;&gt;</a>&nbsp;&nbsp;&nbsp;MX_FDCAN2_Init
<LI><a href="#[115]">&gt;&gt;</a>&nbsp;&nbsp;&nbsp;MX_FDCAN1_Init
</UL>

<P><STRONG><a name="[b6]"></a>HAL_FDCAN_TimeoutOccurredCallback</STRONG> (Thumb, 8 bytes, Stack size 4 bytes, stm32g4xx_hal_fdcan.o(.text.HAL_FDCAN_TimeoutOccurredCallback))
<BR><BR>[Stack]<UL><LI>Max Depth = 4<LI>Call Chain = HAL_FDCAN_TimeoutOccurredCallback
</UL>
<BR>[Called By]<UL><LI><a href="#[a2]">&gt;&gt;</a>&nbsp;&nbsp;&nbsp;HAL_FDCAN_IRQHandler
</UL>

<P><STRONG><a name="[b5]"></a>HAL_FDCAN_TimestampWraparoundCallback</STRONG> (Thumb, 8 bytes, Stack size 4 bytes, stm32g4xx_hal_fdcan.o(.text.HAL_FDCAN_TimestampWraparoundCallback))
<BR><BR>[Stack]<UL><LI>Max Depth = 4<LI>Call Chain = HAL_FDCAN_TimestampWraparoundCallback
</UL>
<BR>[Called By]<UL><LI><a href="#[a2]">&gt;&gt;</a>&nbsp;&nbsp;&nbsp;HAL_FDCAN_IRQHandler
</UL>

<P><STRONG><a name="[af]"></a>HAL_FDCAN_TxBufferAbortCallback</STRONG> (Thumb, 10 bytes, Stack size 8 bytes, stm32g4xx_hal_fdcan.o(.text.HAL_FDCAN_TxBufferAbortCallback))
<BR><BR>[Stack]<UL><LI>Max Depth = 8<LI>Call Chain = HAL_FDCAN_TxBufferAbortCallback
</UL>
<BR>[Called By]<UL><LI><a href="#[a2]">&gt;&gt;</a>&nbsp;&nbsp;&nbsp;HAL_FDCAN_IRQHandler
</UL>

<P><STRONG><a name="[b4]"></a>HAL_FDCAN_TxBufferCompleteCallback</STRONG> (Thumb, 10 bytes, Stack size 8 bytes, stm32g4xx_hal_fdcan.o(.text.HAL_FDCAN_TxBufferCompleteCallback))
<BR><BR>[Stack]<UL><LI>Max Depth = 8<LI>Call Chain = HAL_FDCAN_TxBufferCompleteCallback
</UL>
<BR>[Called By]<UL><LI><a href="#[a2]">&gt;&gt;</a>&nbsp;&nbsp;&nbsp;HAL_FDCAN_IRQHandler
</UL>

<P><STRONG><a name="[b0]"></a>HAL_FDCAN_TxEventFifoCallback</STRONG> (Thumb, 10 bytes, Stack size 8 bytes, stm32g4xx_hal_fdcan.o(.text.HAL_FDCAN_TxEventFifoCallback))
<BR><BR>[Stack]<UL><LI>Max Depth = 8<LI>Call Chain = HAL_FDCAN_TxEventFifoCallback
</UL>
<BR>[Called By]<UL><LI><a href="#[a2]">&gt;&gt;</a>&nbsp;&nbsp;&nbsp;HAL_FDCAN_IRQHandler
</UL>

<P><STRONG><a name="[b3]"></a>HAL_FDCAN_TxFifoEmptyCallback</STRONG> (Thumb, 8 bytes, Stack size 4 bytes, stm32g4xx_hal_fdcan.o(.text.HAL_FDCAN_TxFifoEmptyCallback))
<BR><BR>[Stack]<UL><LI>Max Depth = 4<LI>Call Chain = HAL_FDCAN_TxFifoEmptyCallback
</UL>
<BR>[Called By]<UL><LI><a href="#[a2]">&gt;&gt;</a>&nbsp;&nbsp;&nbsp;HAL_FDCAN_IRQHandler
</UL>

<P><STRONG><a name="[c2]"></a>HAL_FLASHEx_Erase</STRONG> (Thumb, 422 bytes, Stack size 32 bytes, stm32g4xx_hal_flash_ex.o(.text.HAL_FLASHEx_Erase))
<BR><BR>[Stack]<UL><LI>Max Depth = 56<LI>Call Chain = HAL_FLASHEx_Erase &rArr; FLASH_WaitForLastOperation
</UL>
<BR>[Calls]<UL><LI><a href="#[c3]">&gt;&gt;</a>&nbsp;&nbsp;&nbsp;FLASH_MassErase
<LI><a href="#[c4]">&gt;&gt;</a>&nbsp;&nbsp;&nbsp;FLASH_PageErase
<LI><a href="#[c5]">&gt;&gt;</a>&nbsp;&nbsp;&nbsp;FLASH_FlushCaches
<LI><a href="#[a3]">&gt;&gt;</a>&nbsp;&nbsp;&nbsp;FLASH_WaitForLastOperation
</UL>
<BR>[Called By]<UL><LI><a href="#[16a]">&gt;&gt;</a>&nbsp;&nbsp;&nbsp;bsp_FlashErasePages
<LI><a href="#[16d]">&gt;&gt;</a>&nbsp;&nbsp;&nbsp;bsp_IndividualPageErasure
</UL>

<P><STRONG><a name="[16c]"></a>HAL_FLASH_Lock</STRONG> (Thumb, 48 bytes, Stack size 4 bytes, stm32g4xx_hal_flash.o(.text.HAL_FLASH_Lock))
<BR><BR>[Stack]<UL><LI>Max Depth = 4<LI>Call Chain = HAL_FLASH_Lock
</UL>
<BR>[Called By]<UL><LI><a href="#[153]">&gt;&gt;</a>&nbsp;&nbsp;&nbsp;bsp_STMFLASH_Write
<LI><a href="#[16a]">&gt;&gt;</a>&nbsp;&nbsp;&nbsp;bsp_FlashErasePages
<LI><a href="#[16d]">&gt;&gt;</a>&nbsp;&nbsp;&nbsp;bsp_IndividualPageErasure
</UL>

<P><STRONG><a name="[c6]"></a>HAL_FLASH_Program</STRONG> (Thumb, 298 bytes, Stack size 40 bytes, stm32g4xx_hal_flash.o(.text.HAL_FLASH_Program))
<BR><BR>[Stack]<UL><LI>Max Depth = 76<LI>Call Chain = HAL_FLASH_Program &rArr; FLASH_Program_Fast
</UL>
<BR>[Calls]<UL><LI><a href="#[c5]">&gt;&gt;</a>&nbsp;&nbsp;&nbsp;FLASH_FlushCaches
<LI><a href="#[a3]">&gt;&gt;</a>&nbsp;&nbsp;&nbsp;FLASH_WaitForLastOperation
<LI><a href="#[c8]">&gt;&gt;</a>&nbsp;&nbsp;&nbsp;FLASH_Program_Fast
<LI><a href="#[c7]">&gt;&gt;</a>&nbsp;&nbsp;&nbsp;FLASH_Program_DoubleWord
</UL>
<BR>[Called By]<UL><LI><a href="#[153]">&gt;&gt;</a>&nbsp;&nbsp;&nbsp;bsp_STMFLASH_Write
</UL>

<P><STRONG><a name="[16b]"></a>HAL_FLASH_Unlock</STRONG> (Thumb, 86 bytes, Stack size 4 bytes, stm32g4xx_hal_flash.o(.text.HAL_FLASH_Unlock))
<BR><BR>[Stack]<UL><LI>Max Depth = 4<LI>Call Chain = HAL_FLASH_Unlock
</UL>
<BR>[Called By]<UL><LI><a href="#[153]">&gt;&gt;</a>&nbsp;&nbsp;&nbsp;bsp_STMFLASH_Write
<LI><a href="#[16a]">&gt;&gt;</a>&nbsp;&nbsp;&nbsp;bsp_FlashErasePages
<LI><a href="#[16d]">&gt;&gt;</a>&nbsp;&nbsp;&nbsp;bsp_IndividualPageErasure
</UL>

<P><STRONG><a name="[bd]"></a>HAL_GPIO_Init</STRONG> (Thumb, 896 bytes, Stack size 44 bytes, stm32g4xx_hal_gpio.o(.text.HAL_GPIO_Init))
<BR><BR>[Stack]<UL><LI>Max Depth = 44<LI>Call Chain = HAL_GPIO_Init
</UL>
<BR>[Called By]<UL><LI><a href="#[102]">&gt;&gt;</a>&nbsp;&nbsp;&nbsp;HAL_UART_MspInit
<LI><a href="#[e0]">&gt;&gt;</a>&nbsp;&nbsp;&nbsp;HAL_SPI_MspInit
<LI><a href="#[ba]">&gt;&gt;</a>&nbsp;&nbsp;&nbsp;HAL_FDCAN_MspInit
<LI><a href="#[112]">&gt;&gt;</a>&nbsp;&nbsp;&nbsp;Led_GPIO_Init
<LI><a href="#[11b]">&gt;&gt;</a>&nbsp;&nbsp;&nbsp;MX_GPIO_Init
</UL>

<P><STRONG><a name="[12f]"></a>HAL_GPIO_ReadPin</STRONG> (Thumb, 46 bytes, Stack size 8 bytes, stm32g4xx_hal_gpio.o(.text.HAL_GPIO_ReadPin))
<BR><BR>[Stack]<UL><LI>Max Depth = 8<LI>Call Chain = HAL_GPIO_ReadPin
</UL>
<BR>[Called By]<UL><LI><a href="#[12e]">&gt;&gt;</a>&nbsp;&nbsp;&nbsp;SPI1_ReadNssLevel
</UL>

<P><STRONG><a name="[17a]"></a>HAL_GPIO_TogglePin</STRONG> (Thumb, 38 bytes, Stack size 12 bytes, stm32g4xx_hal_gpio.o(.text.HAL_GPIO_TogglePin))
<BR><BR>[Stack]<UL><LI>Max Depth = 12<LI>Call Chain = HAL_GPIO_TogglePin
</UL>
<BR>[Called By]<UL><LI><a href="#[85]">&gt;&gt;</a>&nbsp;&nbsp;&nbsp;main
</UL>

<P><STRONG><a name="[113]"></a>HAL_GPIO_WritePin</STRONG> (Thumb, 44 bytes, Stack size 8 bytes, stm32g4xx_hal_gpio.o(.text.HAL_GPIO_WritePin))
<BR><BR>[Stack]<UL><LI>Max Depth = 8<LI>Call Chain = HAL_GPIO_WritePin
</UL>
<BR>[Called By]<UL><LI><a href="#[112]">&gt;&gt;</a>&nbsp;&nbsp;&nbsp;Led_GPIO_Init
[...]
</UL>
<BR>[Calls]<UL><LI><a href="#[106]">&gt;&gt;</a>&nbsp;&nbsp;&nbsp;HAL_UART_TxCpltCallback
</UL>
<BR>[Called By]<UL><LI><a href="#[fb]">&gt;&gt;</a>&nbsp;&nbsp;&nbsp;HAL_UART_IRQHandler
</UL>

<P><STRONG><a name="[f1]"></a>UARTEx_SetNbDataToProcess</STRONG> (Thumb, 134 bytes, Stack size 8 bytes, stm32g4xx_hal_uart_ex.o(.text.UARTEx_SetNbDataToProcess))
<BR><BR>[Stack]<UL><LI>Max Depth = 8<LI>Call Chain = UARTEx_SetNbDataToProcess
</UL>
<BR>[Called By]<UL><LI><a href="#[f0]">&gt;&gt;</a>&nbsp;&nbsp;&nbsp;HAL_UARTEx_SetRxFifoThreshold
<LI><a href="#[f2]">&gt;&gt;</a>&nbsp;&nbsp;&nbsp;HAL_UARTEx_SetTxFifoThreshold
</UL>

<P><STRONG><a name="[9c]"></a>CanDataTransferToQueue</STRONG> (Thumb, 174 bytes, Stack size 48 bytes, bsp_dcan.o(.text.CanDataTransferToQueue))
<BR><BR>[Stack]<UL><LI>Max Depth = 84<LI>Call Chain = CanDataTransferToQueue &rArr; QueueEn &rArr; QueueFull
</UL>
<BR>[Calls]<UL><LI><a href="#[9d]">&gt;&gt;</a>&nbsp;&nbsp;&nbsp;QueueEn
</UL>
<BR>[Called By]<UL><LI><a href="#[b2]">&gt;&gt;</a>&nbsp;&nbsp;&nbsp;HAL_FDCAN_RxFifo1Callback
<LI><a href="#[b1]">&gt;&gt;</a>&nbsp;&nbsp;&nbsp;HAL_FDCAN_RxFifo0Callback
</UL>

<P><STRONG><a name="[139]"></a>STMFLASH_GetErasePageSize</STRONG> (Thumb, 34 bytes, Stack size 16 bytes, bsp_flash.o(.text.STMFLASH_GetErasePageSize))
<BR><BR>[Stack]<UL><LI>Max Depth = 16<LI>Call Chain = STMFLASH_GetErasePageSize
</UL>
<BR>[Calls]<UL><LI><a href="#[13a]">&gt;&gt;</a>&nbsp;&nbsp;&nbsp;STMFLASH_IsDualBank
</UL>
<BR>[Called By]<UL><LI><a href="#[16a]">&gt;&gt;</a>&nbsp;&nbsp;&nbsp;bsp_FlashErasePages
<LI><a href="#[140]">&gt;&gt;</a>&nbsp;&nbsp;&nbsp;STMFLASH_GetFlashPage
<LI><a href="#[142]">&gt;&gt;</a>&nbsp;&nbsp;&nbsp;STMFLASH_IsPageStartAddr
</UL>

<P><STRONG><a name="[13a]"></a>STMFLASH_IsDualBank</STRONG> (Thumb, 16 bytes, Stack size 0 bytes, bsp_flash.o(.text.STMFLASH_IsDualBank))
<BR><BR>[Called By]<UL><LI><a href="#[13d]">&gt;&gt;</a>&nbsp;&nbsp;&nbsp;STMFLASH_GetFlashBankBase
<LI><a href="#[13b]">&gt;&gt;</a>&nbsp;&nbsp;&nbsp;STMFLASH_GetFlashBank
<LI><a href="#[139]">&gt;&gt;</a>&nbsp;&nbsp;&nbsp;STMFLASH_GetErasePageSize
</UL>

<P><STRONG><a name="[141]"></a>STMFLASH_IsFlashAddr</STRONG> (Thumb, 54 bytes, Stack size 24 bytes, bsp_flash.o(.text.STMFLASH_IsFlashAddr))
<BR><BR>[Stack]<UL><LI>Max Depth = 36<LI>Call Chain = STMFLASH_IsFlashAddr &rArr; STMFLASH_GetFlashEndAddr &rArr; STMFLASH_GetFlashSize
</UL>
<BR>[Calls]<UL><LI><a href="#[13e]">&gt;&gt;</a>&nbsp;&nbsp;&nbsp;STMFLASH_GetFlashEndAddr
</UL>
<BR>[Called By]<UL><LI><a href="#[140]">&gt;&gt;</a>&nbsp;&nbsp;&nbsp;STMFLASH_GetFlashPage
<LI><a href="#[142]">&gt;&gt;</a>&nbsp;&nbsp;&nbsp;STMFLASH_IsPageStartAddr
</UL>

<P><STRONG><a name="[13b]"></a>STMFLASH_GetFlashBank</STRONG> (Thumb, 180 bytes, Stack size 32 bytes, bsp_flash.o(.text.STMFLASH_GetFlashBank))
<BR><BR>[Stack]<UL><LI>Max Depth = 32<LI>Call Chain = STMFLASH_GetFlashBank
</UL>
<BR>[Calls]<UL><LI><a href="#[13c]">&gt;&gt;</a>&nbsp;&nbsp;&nbsp;STMFLASH_IsBankSwapped
<LI><a href="#[13a]">&gt;&gt;</a>&nbsp;&nbsp;&nbsp;STMFLASH_IsDualBank
</UL>
<BR>[Called By]<UL><LI><a href="#[16a]">&gt;&gt;</a>&nbsp;&nbsp;&nbsp;bsp_FlashErasePages
<LI><a href="#[16d]">&gt;&gt;</a>&nbsp;&nbsp;&nbsp;bsp_IndividualPageErasure
<LI><a href="#[140]">&gt;&gt;</a>&nbsp;&nbsp;&nbsp;STMFLASH_GetFlashPage
</UL>

<P><STRONG><a name="[13d]"></a>STMFLASH_GetFlashBankBase</STRONG> (Thumb, 198 bytes, Stack size 32 bytes, bsp_flash.o(.text.STMFLASH_GetFlashBankBase))
<BR><BR>[Stack]<UL><LI>Max Depth = 32<LI>Call Chain = STMFLASH_GetFlashBankBase
</UL>
<BR>[Calls]<UL><LI><a href="#[13c]">&gt;&gt;</a>&nbsp;&nbsp;&nbsp;STMFLASH_IsBankSwapped
<LI><a href="#[13a]">&gt;&gt;</a>&nbsp;&nbsp;&nbsp;STMFLASH_IsDualBank
</UL>
<BR>[Called By]<UL><LI><a href="#[140]">&gt;&gt;</a>&nbsp;&nbsp;&nbsp;STMFLASH_GetFlashPage
</UL>

<P><STRONG><a name="[13c]"></a>STMFLASH_IsBankSwapped</STRONG> (Thumb, 14 bytes, Stack size 0 bytes, bsp_flash.o(.text.STMFLASH_IsBankSwapped))
<BR><BR>[Called By]<UL><LI><a href="#[13d]">&gt;&gt;</a>&nbsp;&nbsp;&nbsp;STMFLASH_GetFlashBankBase
<LI><a href="#[13b]">&gt;&gt;</a>&nbsp;&nbsp;&nbsp;STMFLASH_GetFlashBank
</UL>

<P><STRONG><a name="[142]"></a>STMFLASH_IsPageStartAddr</STRONG> (Thumb, 64 bytes, Stack size 24 bytes, bsp_flash.o(.text.STMFLASH_IsPageStartAddr))
<BR><BR>[Stack]<UL><LI>Max Depth = 60<LI>Call Chain = STMFLASH_IsPageStartAddr &rArr; STMFLASH_IsFlashAddr &rArr; STMFLASH_GetFlashEndAddr &rArr; STMFLASH_GetFlashSize
</UL>
<BR>[Calls]<UL><LI><a href="#[141]">&gt;&gt;</a>&nbsp;&nbsp;&nbsp;STMFLASH_IsFlashAddr
<LI><a href="#[139]">&gt;&gt;</a>&nbsp;&nbsp;&nbsp;STMFLASH_GetErasePageSize
</UL>
<BR>[Called By]<UL><LI><a href="#[16a]">&gt;&gt;</a>&nbsp;&nbsp;&nbsp;bsp_FlashErasePages
<LI><a href="#[16d]">&gt;&gt;</a>&nbsp;&nbsp;&nbsp;bsp_IndividualPageErasure
</UL>

<P><STRONG><a name="[12d]"></a>SPI1_LoadPendingTxIfIdle</STRONG> (Thumb, 98 bytes, Stack size 24 bytes, bsp_spi.o(.text.SPI1_LoadPendingTxIfIdle))
<BR><BR>[Stack]<UL><LI>Max Depth = 40<LI>Call Chain = SPI1_LoadPendingTxIfIdle &rArr; SPI1_ReadNssLevel &rArr; HAL_GPIO_ReadPin
</UL>
<BR>[Calls]<UL><LI><a href="#[12e]">&gt;&gt;</a>&nbsp;&nbsp;&nbsp;SPI1_ReadNssLevel
<LI><a href="#[10b]">&gt;&gt;</a>&nbsp;&nbsp;&nbsp;__aeabi_memcpy
</UL>
<BR>[Called By]<UL><LI><a href="#[16f]">&gt;&gt;</a>&nbsp;&nbsp;&nbsp;bsp_Spi1StartDmaExchange
<LI><a href="#[130]">&gt;&gt;</a>&nbsp;&nbsp;&nbsp;SPI1_TryArmIfIdle
</UL>

<P><STRONG><a name="[12b]"></a>SPI1_ArmNormalDma</STRONG> (Thumb, 126 bytes, Stack size 16 bytes, bsp_spi.o(.text.SPI1_ArmNormalDma))
<BR><BR>[Stack]<UL><LI>Max Depth = 156<LI>Call Chain = SPI1_ArmNormalDma &rArr; SPI1_ResetPeripheralAfterNssHigh &rArr; HAL_SPI_Init &rArr; HAL_SPI_MspInit &rArr; HAL_GPIO_Init
</UL>
<BR>[Calls]<UL><LI><a href="#[12c]">&gt;&gt;</a>&nbsp;&nbsp;&nbsp;SPI1_ResetPeripheralAfterNssHigh
<LI><a href="#[e1]">&gt;&gt;</a>&nbsp;&nbsp;&nbsp;HAL_SPI_TransmitReceive_DMA
</UL>
<BR>[Called By]<UL><LI><a href="#[16f]">&gt;&gt;</a>&nbsp;&nbsp;&nbsp;bsp_Spi1StartDmaExchange
<LI><a href="#[130]">&gt;&gt;</a>&nbsp;&nbsp;&nbsp;SPI1_TryArmIfIdle
</UL>

<P><STRONG><a name="[12e]"></a>SPI1_ReadNssLevel</STRONG> (Thumb, 14 bytes, Stack size 8 bytes, bsp_spi.o(.text.SPI1_ReadNssLevel))
<BR><BR>[Stack]<UL><LI>Max Depth = 16<LI>Call Chain = SPI1_ReadNssLevel &rArr; HAL_GPIO_ReadPin
</UL>
<BR>[Calls]<UL><LI><a href="#[12f]">&gt;&gt;</a>&nbsp;&nbsp;&nbsp;HAL_GPIO_ReadPin
</UL>
<BR>[Called By]<UL><LI><a href="#[9f]">&gt;&gt;</a>&nbsp;&nbsp;&nbsp;bsp_SPI1_NssExtiCallback
<LI><a href="#[130]">&gt;&gt;</a>&nbsp;&nbsp;&nbsp;SPI1_TryArmIfIdle
<LI><a href="#[12d]">&gt;&gt;</a>&nbsp;&nbsp;&nbsp;SPI1_LoadPendingTxIfIdle
</UL>

<P><STRONG><a name="[12c]"></a>SPI1_ResetPeripheralAfterNssHigh</STRONG> (Thumb, 138 bytes, Stack size 24 bytes, bsp_spi.o(.text.SPI1_ResetPeripheralAfterNssHigh))
<BR><BR>[Stack]<UL><LI>Max Depth = 140<LI>Call Chain = SPI1_ResetPeripheralAfterNssHigh &rArr; HAL_SPI_Init &rArr; HAL_SPI_MspInit &rArr; HAL_GPIO_Init
</UL>
<BR>[Calls]<UL><LI><a href="#[df]">&gt;&gt;</a>&nbsp;&nbsp;&nbsp;HAL_SPI_Init
<LI><a href="#[db]">&gt;&gt;</a>&nbsp;&nbsp;&nbsp;HAL_SPI_DMAStop
</UL>
<BR>[Called By]<UL><LI><a href="#[9f]">&gt;&gt;</a>&nbsp;&nbsp;&nbsp;bsp_SPI1_NssExtiCallback
<LI><a href="#[12b]">&gt;&gt;</a>&nbsp;&nbsp;&nbsp;SPI1_ArmNormalDma
</UL>

<P><STRONG><a name="[130]"></a>SPI1_TryArmIfIdle</STRONG> (Thumb, 138 bytes, Stack size 16 bytes, bsp_spi.o(.text.SPI1_TryArmIfIdle))
<BR><BR>[Stack]<UL><LI>Max Depth = 172<LI>Call Chain = SPI1_TryArmIfIdle &rArr; SPI1_ArmNormalDma &rArr; SPI1_ResetPeripheralAfterNssHigh &rArr; HAL_SPI_Init &rArr; HAL_SPI_MspInit &rArr; HAL_GPIO_Init
</UL>
<BR>[Calls]<UL><LI><a href="#[12e]">&gt;&gt;</a>&nbsp;&nbsp;&nbsp;SPI1_ReadNssLevel
<LI><a href="#[12b]">&gt;&gt;</a>&nbsp;&nbsp;&nbsp;SPI1_ArmNormalDma
<LI><a href="#[12d]">&gt;&gt;</a>&nbsp;&nbsp;&nbsp;SPI1_LoadPendingTxIfIdle
</UL>
<BR>[Called By]<UL><LI><a href="#[15d]">&gt;&gt;</a>&nbsp;&nbsp;&nbsp;bsp_SPI1_SubmitTxData
<LI><a href="#[163]">&gt;&gt;</a>&nbsp;&nbsp;&nbsp;bsp_SPI1_Process
</UL>

<P><STRONG><a name="[16e]"></a>SPI1_GetActiveDmaLen</STRONG> (Thumb, 14 bytes, Stack size 0 bytes, bsp_spi.o(.text.SPI1_GetActiveDmaLen))
<BR><BR>[Called By]<UL><LI><a href="#[9f]">&gt;&gt;</a>&nbsp;&nbsp;&nbsp;bsp_SPI1_NssExtiCallback
</UL>

<P><STRONG><a name="[177]"></a>TIM2_GetUs</STRONG> (Thumb, 14 bytes, Stack size 0 bytes, bsp_tim2.o(.text.TIM2_GetUs))
<BR><BR>[Called By]<UL><LI><a href="#[167]">&gt;&gt;</a>&nbsp;&nbsp;&nbsp;bsp_tim2GetSta
<LI><a href="#[111]">&gt;&gt;</a>&nbsp;&nbsp;&nbsp;bsp_tim2Start
</UL>

<P><STRONG><a name="[15c]"></a>hostCommReturnFill</STRONG> (Thumb, 128 bytes, Stack size 24 bytes, app_hostcomm.o(.text.hostCommReturnFill))
<BR><BR>[Stack]<UL><LI>Max Depth = 56<LI>Call Chain = hostCommReturnFill &rArr; XORCheck
</UL>
<BR>[Calls]<UL><LI><a href="#[12a]">&gt;&gt;</a>&nbsp;&nbsp;&nbsp;XORCheck
</UL>
<BR>[Called By]<UL><LI><a href="#[15b]">&gt;&gt;</a>&nbsp;&nbsp;&nbsp;app_HostDataPacketDisassembly_loop
<LI><a href="#[160]">&gt;&gt;</a>&nbsp;&nbsp;&nbsp;app_HostData_init
</UL>

<P><STRONG><a name="[144]"></a>SendRxCanData</STRONG> (Thumb, 252 bytes, Stack size 32 bytes, app_hostcomm.o(.text.SendRxCanData))
<BR><BR>[Stack]<UL><LI>Max Depth = 208<LI>Call Chain = SendRxCanData &rArr; bsp_CAN2_SendMessage &rArr; bsp_Can2SendQueueMsg_loop &rArr; HAL_FDCAN_AddMessageToTxFifoQ &rArr; FDCAN_CopyMessageToRAM
</UL>
<BR>[Calls]<UL><LI><a href="#[146]">&gt;&gt;</a>&nbsp;&nbsp;&nbsp;bsp_CAN2_SendMessage
<LI><a href="#[145]">&gt;&gt;</a>&nbsp;&nbsp;&nbsp;bsp_CAN1_SendMessage
</UL>
<BR>[Called By]<UL><LI><a href="#[15b]">&gt;&gt;</a>&nbsp;&nbsp;&nbsp;app_HostDataPacketDisassembly_loop
</UL>

<P><STRONG><a name="[124]"></a>MotorDataFilling</STRONG> (Thumb, 142 bytes, Stack size 32 bytes, app_hostcomm.o(.text.MotorDataFilling))
<BR><BR>[Stack]<UL><LI>Max Depth = 80<LI>Call Chain = MotorDataFilling &rArr; WheelCanDataFilling &rArr; HostCommDataCopy
</UL>
<BR>[Calls]<UL><LI><a href="#[125]">&gt;&gt;</a>&nbsp;&nbsp;&nbsp;WheelCanDataFilling
<LI><a href="#[a5]">&gt;&gt;</a>&nbsp;&nbsp;&nbsp;FootCanDataFilling
</UL>
<BR>[Called By]<UL><LI><a href="#[15b]">&gt;&gt;</a>&nbsp;&nbsp;&nbsp;app_HostDataPacketDisassembly_loop
</UL>

<P><STRONG><a name="[a5]"></a>FootCanDataFilling</STRONG> (Thumb, 338 bytes, Stack size 32 bytes, app_hostcomm.o(.text.FootCanDataFilling))
<BR><BR>[Stack]<UL><LI>Max Depth = 48<LI>Call Chain = FootCanDataFilling &rArr; HostCommDataCopy
</UL>
<BR>[Calls]<UL><LI><a href="#[a6]">&gt;&gt;</a>&nbsp;&nbsp;&nbsp;HostCommDataCopy
</UL>
<BR>[Called By]<UL><LI><a href="#[124]">&gt;&gt;</a>&nbsp;&nbsp;&nbsp;MotorDataFilling
</UL>

<P><STRONG><a name="[125]"></a>WheelCanDataFilling</STRONG> (Thumb, 410 bytes, Stack size 32 bytes, app_hostcomm.o(.text.WheelCanDataFilling))
<BR><BR>[Stack]<UL><LI>Max Depth = 48<LI>Call Chain = WheelCanDataFilling &rArr; HostCommDataCopy
</UL>
<BR>[Calls]<UL><LI><a href="#[a6]">&gt;&gt;</a>&nbsp;&nbsp;&nbsp;HostCommDataCopy
</UL>
<BR>[Called By]<UL><LI><a href="#[124]">&gt;&gt;</a>&nbsp;&nbsp;&nbsp;MotorDataFilling
</UL>

<P><STRONG><a name="[a6]"></a>HostCommDataCopy</STRONG> (Thumb, 120 bytes, Stack size 16 bytes, app_hostcomm.o(.text.HostCommDataCopy))
<BR><BR>[Stack]<UL><LI>Max Depth = 16<LI>Call Chain = HostCommDataCopy
</UL>
<BR>[Called By]<UL><LI><a href="#[125]">&gt;&gt;</a>&nbsp;&nbsp;&nbsp;WheelCanDataFilling
<LI><a href="#[a5]">&gt;&gt;</a>&nbsp;&nbsp;&nbsp;FootCanDataFilling
</UL>

<P><STRONG><a name="[14f]"></a>UpdateRequestDataPack</STRONG> (Thumb, 204 bytes, Stack size 32 bytes, app_iapupdata.o(.text.UpdateRequestDataPack))
<BR><BR>[Stack]<UL><LI>Max Depth = 260 + Unknown Stack Size
<LI>Call Chain = UpdateRequestDataPack &rArr; Update_writeflag &rArr; bsp_STMFLASH_Write &rArr; HAL_FLASH_Program &rArr; FLASH_Program_Fast
</UL>
<BR>[Calls]<UL><LI><a href="#[8f]">&gt;&gt;</a>&nbsp;&nbsp;&nbsp;__aeabi_memset4
<LI><a href="#[10f]">&gt;&gt;</a>&nbsp;&nbsp;&nbsp;ReturnPackageFill
<LI><a href="#[a0]">&gt;&gt;</a>&nbsp;&nbsp;&nbsp;EraseSectors_flashBlock
<LI><a href="#[110]">&gt;&gt;</a>&nbsp;&nbsp;&nbsp;Update_writeflag
<LI><a href="#[150]">&gt;&gt;</a>&nbsp;&nbsp;&nbsp;get_le32
</UL>
<BR>[Called By]<UL><LI><a href="#[166]">&gt;&gt;</a>&nbsp;&nbsp;&nbsp;app_UpDataPacketDisassembly_loop
</UL>

<P><STRONG><a name="[14e]"></a>UpdateDataPackWriteToFlash</STRONG> (Thumb, 148 bytes, Stack size 32 bytes, app_iapupdata.o(.text.UpdateDataPackWriteToFlash))
<BR><BR>[Stack]<UL><LI>Max Depth = 180<LI>Call Chain = UpdateDataPackWriteToFlash &rArr; UpgradeData_WriteFlash &rArr; bsp_STMFLASH_Write &rArr; HAL_FLASH_Program &rArr; FLASH_Program_Fast
</UL>
<BR>[Calls]<UL><LI><a href="#[10d]">&gt;&gt;</a>&nbsp;&nbsp;&nbsp;UpgradeData_WriteFlash
<LI><a href="#[10f]">&gt;&gt;</a>&nbsp;&nbsp;&nbsp;ReturnPackageFill
</UL>
<BR>[Called By]<UL><LI><a href="#[166]">&gt;&gt;</a>&nbsp;&nbsp;&nbsp;app_UpDataPacketDisassembly_loop
</UL>

<P><STRONG><a name="[10c]"></a>LastBatchData</STRONG> (Thumb, 380 bytes, Stack size 48 bytes, app_iapupdata.o(.text.LastBatchData))
<BR><BR>[Stack]<UL><LI>Max Depth = 276 + Unknown Stack Size
<LI>Call Chain = LastBatchData &rArr; Update_writeflag &rArr; bsp_STMFLASH_Write &rArr; HAL_FLASH_Program &rArr; FLASH_Program_Fast
</UL>
<BR>[Calls]<UL><LI><a href="#[111]">&gt;&gt;</a>&nbsp;&nbsp;&nbsp;bsp_tim2Start
<LI><a href="#[10e]">&gt;&gt;</a>&nbsp;&nbsp;&nbsp;crc32_zlib
<LI><a href="#[10d]">&gt;&gt;</a>&nbsp;&nbsp;&nbsp;UpgradeData_WriteFlash
<LI><a href="#[10f]">&gt;&gt;</a>&nbsp;&nbsp;&nbsp;ReturnPackageFill
<LI><a href="#[110]">&gt;&gt;</a>&nbsp;&nbsp;&nbsp;Update_writeflag
</UL>
<BR>[Called By]<UL><LI><a href="#[166]">&gt;&gt;</a>&nbsp;&nbsp;&nbsp;app_UpDataPacketDisassembly_loop
</UL>

<P><STRONG><a name="[168]"></a>__NVIC_SystemReset</STRONG> (Thumb, 38 bytes, Stack size 0 bytes, app_iapupdata.o(.text.__NVIC_SystemReset))
<BR><BR>[Called By]<UL><LI><a href="#[166]">&gt;&gt;</a>&nbsp;&nbsp;&nbsp;app_UpDataPacketDisassembly_loop
</UL>

<P><STRONG><a name="[150]"></a>get_le32</STRONG> (Thumb, 16 bytes, Stack size 8 bytes, app_iapupdata.o(.text.get_le32))
<BR><BR>[Stack]<UL><LI>Max Depth = 8<LI>Call Chain = get_le32
</UL>
<BR>[Called By]<UL><LI><a href="#[14f]">&gt;&gt;</a>&nbsp;&nbsp;&nbsp;UpdateRequestDataPack
</UL>

<P><STRONG><a name="[110]"></a>Update_writeflag</STRONG> (Thumb, 104 bytes, Stack size 104 bytes, app_iapupdata.o(.text.Update_writeflag))
<BR><BR>[Stack]<UL><LI>Max Depth = 228 + Unknown Stack Size
<LI>Call Chain = Update_writeflag &rArr; bsp_STMFLASH_Write &rArr; HAL_FLASH_Program &rArr; FLASH_Program_Fast
</UL>
<BR>[Calls]<UL><LI><a href="#[151]">&gt;&gt;</a>&nbsp;&nbsp;&nbsp;bsp_STMFLASH_Read
<LI><a href="#[153]">&gt;&gt;</a>&nbsp;&nbsp;&nbsp;bsp_STMFLASH_Write
<LI><a href="#[152]">&gt;&gt;</a>&nbsp;&nbsp;&nbsp;bsp_IndividualSectorErasure
<LI><a href="#[97]">&gt;&gt;</a>&nbsp;&nbsp;&nbsp;__aeabi_memclr4
</UL>
<BR>[Called By]<UL><LI><a href="#[10c]">&gt;&gt;</a>&nbsp;&nbsp;&nbsp;LastBatchData
<LI><a href="#[14f]">&gt;&gt;</a>&nbsp;&nbsp;&nbsp;UpdateRequestDataPack
</UL>

<P><STRONG><a name="[a0]"></a>EraseSectors_flashBlock</STRONG> (Thumb, 44 bytes, Stack size 16 bytes, app_iapupdata.o(.text.EraseSectors_flashBlock))
<BR><BR>[Stack]<UL><LI>Max Depth = 164<LI>Call Chain = EraseSectors_flashBlock &rArr; bsp_FlashEraseSectors &rArr; bsp_FlashErasePages &rArr; STMFLASH_GetFlashPage &rArr; STMFLASH_IsFlashAddr &rArr; STMFLASH_GetFlashEndAddr &rArr; STMFLASH_GetFlashSize
</UL>
<BR>[Calls]<UL><LI><a href="#[a1]">&gt;&gt;</a>&nbsp;&nbsp;&nbsp;bsp_FlashEraseSectors
</UL>
<BR>[Called By]<UL><LI><a href="#[14f]">&gt;&gt;</a>&nbsp;&nbsp;&nbsp;UpdateRequestDataPack
</UL>

<P><STRONG><a name="[10f]"></a>ReturnPackageFill</STRONG> (Thumb, 114 bytes, Stack size 24 bytes, app_iapupdata.o(.text.ReturnPackageFill))
<BR><BR>[Stack]<UL><LI>Max Depth = 56<LI>Call Chain = ReturnPackageFill &rArr; XORCheck
</UL>
<BR>[Calls]<UL><LI><a href="#[12a]">&gt;&gt;</a>&nbsp;&nbsp;&nbsp;XORCheck
<LI><a href="#[8d]">&gt;&gt;</a>&nbsp;&nbsp;&nbsp;__aeabi_memset
</UL>
<BR>[Called By]<UL><LI><a href="#[10c]">&gt;&gt;</a>&nbsp;&nbsp;&nbsp;LastBatchData
<LI><a href="#[14e]">&gt;&gt;</a>&nbsp;&nbsp;&nbsp;UpdateDataPackWriteToFlash
<LI><a href="#[14f]">&gt;&gt;</a>&nbsp;&nbsp;&nbsp;UpdateRequestDataPack
</UL>

<P><STRONG><a name="[10d]"></a>UpgradeData_WriteFlash</STRONG> (Thumb, 74 bytes, Stack size 24 bytes, app_iapupdata.o(.text.UpgradeData_WriteFlash))
<BR><BR>[Stack]<UL><LI>Max Depth = 148<LI>Call Chain = UpgradeData_WriteFlash &rArr; bsp_STMFLASH_Write &rArr; HAL_FLASH_Program &rArr; FLASH_Program_Fast
</UL>
<BR>[Calls]<UL><LI><a href="#[153]">&gt;&gt;</a>&nbsp;&nbsp;&nbsp;bsp_STMFLASH_Write
<LI><a href="#[8f]">&gt;&gt;</a>&nbsp;&nbsp;&nbsp;__aeabi_memset4
</UL>
<BR>[Called By]<UL><LI><a href="#[10c]">&gt;&gt;</a>&nbsp;&nbsp;&nbsp;LastBatchData
<LI><a href="#[14e]">&gt;&gt;</a>&nbsp;&nbsp;&nbsp;UpdateDataPackWriteToFlash
</UL>

<P><STRONG><a name="[10e]"></a>crc32_zlib</STRONG> (Thumb, 128 bytes, Stack size 24 bytes, app_iapupdata.o(.text.crc32_zlib))
<BR><BR>[Stack]<UL><LI>Max Depth = 24<LI>Call Chain = crc32_zlib
</UL>
<BR>[Called By]<UL><LI><a href="#[10c]">&gt;&gt;</a>&nbsp;&nbsp;&nbsp;LastBatchData
</UL>

<P><STRONG><a name="[10a]"></a>HostRxDataCopy</STRONG> (Thumb, 100 bytes, Stack size 16 bytes, app_protocolanalysis.o(.text.HostRxDataCopy))
<BR><BR>[Stack]<UL><LI>Max Depth = 16<LI>Call Chain = HostRxDataCopy
</UL>
<BR>[Calls]<UL><LI><a href="#[10b]">&gt;&gt;</a>&nbsp;&nbsp;&nbsp;__aeabi_memcpy
</UL>
<BR>[Called By]<UL><LI><a href="#[162]">&gt;&gt;</a>&nbsp;&nbsp;&nbsp;app_ProtocolAnalysisTask_loop
</UL>

<P><STRONG><a name="[164]"></a>get_32Byte</STRONG> (Thumb, 16 bytes, Stack size 8 bytes, app_protocolanalysis.o(.text.get_32Byte))
<BR><BR>[Stack]<UL><LI>Max Depth = 8<LI>Call Chain = get_32Byte
</UL>
<BR>[Called By]<UL><LI><a href="#[162]">&gt;&gt;</a>&nbsp;&nbsp;&nbsp;app_ProtocolAnalysisTask_loop
</UL>

<P><STRONG><a name="[165]"></a>setRxflag</STRONG> (Thumb, 66 bytes, Stack size 4 bytes, app_protocolanalysis.o(.text.setRxflag))
<BR><BR>[Stack]<UL><LI>Max Depth = 4<LI>Call Chain = setRxflag
</UL>
<BR>[Called By]<UL><LI><a href="#[162]">&gt;&gt;</a>&nbsp;&nbsp;&nbsp;app_ProtocolAnalysisTask_loop
</UL>

<P><STRONG><a name="[179]"></a>_calc_checksum</STRONG> (Thumb, 74 bytes, Stack size 12 bytes, drv_jy901.o(.text._calc_checksum))
<BR><BR>[Stack]<UL><LI>Max Depth = 12<LI>Call Chain = _calc_checksum
</UL>
<BR>[Called By]<UL><LI><a href="#[178]">&gt;&gt;</a>&nbsp;&nbsp;&nbsp;drv_jy901_process
</UL>

<P><STRONG><a name="[154]"></a>_parse_frame</STRONG> (Thumb, 1140 bytes, Stack size 80 bytes, drv_jy901.o(.text._parse_frame))
<BR><BR>[Stack]<UL><LI>Max Depth = 92<LI>Call Chain = _parse_frame &rArr; jy901_parse_gyro
</UL>
<BR>[Calls]<UL><LI><a href="#[158]">&gt;&gt;</a>&nbsp;&nbsp;&nbsp;jy901_parse_gyro
<LI><a href="#[156]">&gt;&gt;</a>&nbsp;&nbsp;&nbsp;jy901_parse_accel
<LI><a href="#[157]">&gt;&gt;</a>&nbsp;&nbsp;&nbsp;jy901_parse_temp
<LI><a href="#[159]">&gt;&gt;</a>&nbsp;&nbsp;&nbsp;jy901_parse_angle
<LI><a href="#[15a]">&gt;&gt;</a>&nbsp;&nbsp;&nbsp;_combine_int32
<LI><a href="#[155]">&gt;&gt;</a>&nbsp;&nbsp;&nbsp;_combine_int16
</UL>
<BR>[Called By]<UL><LI><a href="#[178]">&gt;&gt;</a>&nbsp;&nbsp;&nbsp;drv_jy901_process
</UL>

<P><STRONG><a name="[155]"></a>_combine_int16</STRONG> (Thumb, 28 bytes, Stack size 4 bytes, drv_jy901.o(.text._combine_int16))
<BR><BR>[Stack]<UL><LI>Max Depth = 4<LI>Call Chain = _combine_int16
</UL>
<BR>[Called By]<UL><LI><a href="#[154]">&gt;&gt;</a>&nbsp;&nbsp;&nbsp;_parse_frame
</UL>

<P><STRONG><a name="[15a]"></a>_combine_int32</STRONG> (Thumb, 54 bytes, Stack size 8 bytes, drv_jy901.o(.text._combine_int32))
<BR><BR>[Stack]<UL><LI>Max Depth = 8<LI>Call Chain = _combine_int32
</UL>
<BR>[Called By]<UL><LI><a href="#[154]">&gt;&gt;</a>&nbsp;&nbsp;&nbsp;_parse_frame
</UL>
<P>
<H3>
Undefined Global Symbols
</H3><HR></body></html>
